 robotjs

 Timestamp is 5bb6bc9c (Thu Oct  4 21:21:32 2018)

 Preferred load address is 0000000180000000

 Start         Length     Name                   Class
 0001:00000000 000191e0H .text$mn                CODE
 0001:000191e0 00000020H .text$mn$00             CODE
 0001:00019200 00000270H .text$x                 CODE
 0002:00000000 000002f8H .idata$5                DATA
 0002:000002f8 00000010H .00cfg                  DATA
 0002:00000308 00000008H .CRT$XCA                DATA
 0002:00000310 00000008H .CRT$XCU                DATA
 0002:00000318 00000008H .CRT$XCZ                DATA
 0002:00000320 00000008H .CRT$XIA                DATA
 0002:00000328 00000020H .CRT$XIC                DATA
 0002:00000348 00000008H .CRT$XIZ                DATA
 0002:00000350 00000008H .CRT$XPA                DATA
 0002:00000358 00000010H .CRT$XPX                DATA
 0002:00000368 00000008H .CRT$XPXA               DATA
 0002:00000370 00000008H .CRT$XPZ                DATA
 0002:00000378 00000008H .CRT$XTA                DATA
 0002:00000380 00000010H .CRT$XTZ                DATA
 0002:00000390 000089b0H .rdata                  DATA
 0002:00008d40 00000000H .rdata$r                DATA
 0002:00008d40 00000390H .rdata$zzzdbg           DATA
 0002:000090d0 00000008H .rtc$IAA                DATA
 0002:000090d8 00000008H .rtc$IZZ                DATA
 0002:000090e0 00000008H .rtc$TAA                DATA
 0002:000090e8 00000008H .rtc$TZZ                DATA
 0002:000090f0 0000144cH .xdata                  DATA
 0002:0000a53c 00000020H .didat$2                DATA
 0002:0000a55c 00000024H .didat$3                DATA
 0002:0000a580 00000158H .didat$4                DATA
 0002:0000a6d8 00000a90H .didat$6                DATA
 0002:0000b168 00000158H .didat$7                DATA
 0002:0000b2c0 00000054H .edata                  DATA
 0002:0000b314 0000003cH .idata$2                DATA
 0002:0000b350 00000018H .idata$3                DATA
 0002:0000b368 000002f8H .idata$4                DATA
 0002:0000b660 000006a8H .idata$6                DATA
 0003:00000000 00000e20H .data                   DATA
 0003:00000e20 00000000H .data$r                 DATA
 0003:00000e20 00000160H .didat$5                DATA
 0003:00000f80 00001210H .bss                    DATA
 0004:00000000 00001608H .pdata                  DATA
 0005:00000000 00000088H .gfids$x                DATA
 0005:00000088 00000014H .gfids$y                DATA
 0006:00000000 00000060H .rsrc$01                DATA
 0006:00000060 00000180H .rsrc$02                DATA

  Address         Publics by Value              Rva+Base               Lib:Object

 0000:00000000       __dynamic_value_reloc_table 0000000000000000     <absolute>
 0000:00000000       __guard_longjmp_table      0000000000000000     <absolute>
 0000:00000000       __guard_iat_count          0000000000000000     <absolute>
 0000:00000000       __guard_longjmp_count      0000000000000000     <absolute>
 0000:00000000       __guard_iat_table          0000000000000000     <absolute>
 0000:00000000       __guard_fids_count         0000000000000000     <absolute>
 0000:00000000       ___safe_se_handler_table   0000000000000000     <absolute>
 0000:00000000       ___safe_se_handler_count   0000000000000000     <absolute>
 0000:00000000       __guard_fids_table         0000000000000000     <absolute>
 0000:00000100       __guard_flags              0000000000000100     <absolute>
 0000:00000000       __ImageBase                0000000180000000     <linker-defined>
 0001:000000e0       ?New@?$Factory@VFunctionTemplate@v8@@@imp@Nan@@SA?AV?$Local@VFunctionTemplate@v8@@@v8@@P6AXAEBV?$FunctionCallbackInfo@VValue@v8@@@3@@ZV?$Local@VValue@v8@@@5@V?$Local@VSignature@v8@@@5@@Z 00000001800010e0 f i robotjs.obj
 0001:000002d0       ?New@Nan@@YA?AV?$Local@VInt32@v8@@@v8@@H@Z 00000001800012d0 f i robotjs.obj
 0001:00000370       ?ThrowError@Nan@@YAXPEBD@Z 0000000180001370 f i robotjs.obj
 0001:00000400       ??0Utf8String@Nan@@QEAA@V?$Local@VValue@v8@@@v8@@@Z 0000000180001400 f i robotjs.obj
 0001:00000510       ?CheckMouseButton@@YAHQEBDQEAI@Z 0000000180001510 f   robotjs.obj
 0001:000005c0       ?dragMouse@@YAXAEBV?$FunctionCallbackInfo@VValue@v8@@@Nan@@@Z 00000001800015c0 f   robotjs.obj
 0001:000008c0       ?moveMouse@@YAXAEBV?$FunctionCallbackInfo@VValue@v8@@@Nan@@@Z 00000001800018c0 f   robotjs.obj
 0001:00000ae0       ?moveMouseSmooth@@YAXAEBV?$FunctionCallbackInfo@VValue@v8@@@Nan@@@Z 0000000180001ae0 f   robotjs.obj
 0001:00000cb0       ?getMousePos@@YAXAEBV?$FunctionCallbackInfo@VValue@v8@@@Nan@@@Z 0000000180001cb0 f   robotjs.obj
 0001:00000f40       ?mouseClick@@YAXAEBV?$FunctionCallbackInfo@VValue@v8@@@Nan@@@Z 0000000180001f40 f   robotjs.obj
 0001:00001120       ?mouseToggle@@YAXAEBV?$FunctionCallbackInfo@VValue@v8@@@Nan@@@Z 0000000180002120 f   robotjs.obj
 0001:00001410       ?setMouseDelay@@YAXAEBV?$FunctionCallbackInfo@VValue@v8@@@Nan@@@Z 0000000180002410 f   robotjs.obj
 0001:00001590       ?scrollMouse@@YAXAEBV?$FunctionCallbackInfo@VValue@v8@@@Nan@@@Z 0000000180002590 f   robotjs.obj
 0001:00001790       ?CheckKeyCodes@@YAHPEADPEAH@Z 0000000180002790 f   robotjs.obj
 0001:00001850       ?CheckKeyFlags@@YAHPEADPEAI@Z 0000000180002850 f   robotjs.obj
 0001:00001960       ?GetFlagsFromValue@@YAHV?$Local@VValue@v8@@@v8@@PEAI@Z 0000000180002960 f   robotjs.obj
 0001:00001ae0       ?keyTap@@YAXAEBV?$FunctionCallbackInfo@VValue@v8@@@Nan@@@Z 0000000180002ae0 f   robotjs.obj
 0001:00001c40       ?keyToggle@@YAXAEBV?$FunctionCallbackInfo@VValue@v8@@@Nan@@@Z 0000000180002c40 f   robotjs.obj
 0001:00001e80       ?typeString@@YAXAEBV?$FunctionCallbackInfo@VValue@v8@@@Nan@@@Z 0000000180002e80 f   robotjs.obj
 0001:00001fa0       ?typeStringDelayed@@YAXAEBV?$FunctionCallbackInfo@VValue@v8@@@Nan@@@Z 0000000180002fa0 f   robotjs.obj
 0001:000020f0       ?setKeyboardDelay@@YAXAEBV?$FunctionCallbackInfo@VValue@v8@@@Nan@@@Z 00000001800030f0 f   robotjs.obj
 0001:00002270       ?getPixelColor@@YAXAEBV?$FunctionCallbackInfo@VValue@v8@@@Nan@@@Z 0000000180003270 f   robotjs.obj
 0001:000024f0       ?getScreenSize@@YAXAEBV?$FunctionCallbackInfo@VValue@v8@@@Nan@@@Z 00000001800034f0 f   robotjs.obj
 0001:00002720       ?getXDisplayName@@YAXAEBV?$FunctionCallbackInfo@VValue@v8@@@Nan@@@Z 0000000180003720 f   robotjs.obj
 0001:000027b0       ?setXDisplayName@@YAXAEBV?$FunctionCallbackInfo@VValue@v8@@@Nan@@@Z 00000001800037b0 f   robotjs.obj
 0001:00002840       ?captureScreen@@YAXAEBV?$FunctionCallbackInfo@VValue@v8@@@Nan@@@Z 0000000180003840 f   robotjs.obj
 0001:00002e30       ?buildBMP@@YA?AVBMP@@V?$Local@VObject@v8@@@v8@@@Z 0000000180003e30 f   robotjs.obj
 0001:000030d0       ?getColor@@YAXAEBV?$FunctionCallbackInfo@VValue@v8@@@Nan@@@Z 00000001800040d0 f   robotjs.obj
 0001:000033a0       ?InitAll@@YAXV?$Local@VObject@v8@@@v8@@@Z 00000001800043a0 f   robotjs.obj
 0001:000045e0       clickMouse                 00000001800055e0 f   mouse.obj
 0001:00004650       doubleClick                0000000180005650 f   mouse.obj
 0001:00004740       smoothlyMoveMouse          0000000180005740 f   mouse.obj
 0001:00004b20       win32KeyEvent              0000000180005b20 f   keypress.obj
 0001:00004c40       toggleKeyCode              0000000180005c40 f   keypress.obj
 0001:00004f80       typeString                 0000000180005f80 f   keypress.obj
 0001:00005140       typeStringDelayed          0000000180006140 f   keypress.obj
 0001:00005220       copyMMBitmapFromDisplayInRect 0000000180006220 f   screengrab.obj
 0001:00005400       __local_stdio_printf_options 0000000180006400 f i snprintf.obj
 0001:00005410       sprintf                    0000000180006410 f i snprintf.obj
 0001:00005470       portable_snprintf          0000000180006470 f   snprintf.obj
 0001:00005490       portable_vsnprintf         0000000180006490 f   snprintf.obj
 0001:00005e00       createMMBitmap             0000000180006e00 f   MMBitmap.obj
 0001:00005e70       destroyMMBitmapBuffer      0000000180006e70 f   MMBitmap.obj
 0001:00005ecc       __imp_load_?Value@External@v8@@QEBAPEAXXZ 0000000180006ecc f   node:node.exe
 0001:00005ed8       __tailMerge_node_exe       0000000180006ed8 f i node:node.exe
 0001:00005f51       __imp_load_?New@External@v8@@SA?AV?$Local@VExternal@v8@@@2@PEAVIsolate@2@PEAX@Z 0000000180006f51 f   node:node.exe
 0001:00005f5d       __imp_load_?New@Integer@v8@@SA?AV?$Local@VInteger@v8@@@2@PEAVIsolate@2@H@Z 0000000180006f5d f   node:node.exe
 0001:00005f69       __imp_load_?ThrowException@Isolate@v8@@QEAA?AV?$Local@VValue@v8@@@2@V32@@Z 0000000180006f69 f   node:node.exe
 0001:00005f75       __imp_load_?GetCurrentContext@Isolate@v8@@QEAA?AV?$Local@VContext@v8@@@2@XZ 0000000180006f75 f   node:node.exe
 0001:00005f81       __imp_load_?GetCurrent@Isolate@v8@@SAPEAV12@XZ 0000000180006f81 f   node:node.exe
 0001:00005f8d       __imp_load_?CreateHandle@HandleScope@v8@@KAPEAPEAVObject@internal@2@PEAVIsolate@42@PEAV342@@Z 0000000180006f8d f   node:node.exe
 0001:00005f99       __imp_load_?CreateHandle@HandleScope@v8@@CAPEAPEAVObject@internal@2@PEAVHeapObject@42@PEAV342@@Z 0000000180006f99 f   node:node.exe
 0001:00005fa5       __imp_load_??1HandleScope@v8@@QEAA@XZ 0000000180006fa5 f   node:node.exe
 0001:00005fb1       __imp_load_??0HandleScope@v8@@QEAA@PEAVIsolate@1@@Z 0000000180006fb1 f   node:node.exe
 0001:00005fbd       __imp_load_?Error@Exception@v8@@SA?AV?$Local@VValue@v8@@@2@V?$Local@VString@v8@@@2@@Z 0000000180006fbd f   node:node.exe
 0001:00005fc9       __imp_load_?Length@Array@v8@@QEBAIXZ 0000000180006fc9 f   node:node.exe
 0001:00005fd5       __imp_load_?GetFunction@FunctionTemplate@v8@@QEAA?AV?$MaybeLocal@VFunction@v8@@@2@V?$Local@VContext@v8@@@2@@Z 0000000180006fd5 f   node:node.exe
 0001:00005fe1       __imp_load_?New@FunctionTemplate@v8@@SA?AV?$Local@VFunctionTemplate@v8@@@2@PEAVIsolate@2@P6AXAEBV?$FunctionCallbackInfo@VValue@v8@@@2@@ZV?$Local@VValue@v8@@@2@V?$Local@VSignature@v8@@@2@HW4ConstructorBehavior@2@W4SideEffectType@2@@Z 0000000180006fe1 f   node:node.exe
 0001:00005fed       __imp_load_?ToLocalEmpty@V8@v8@@CAXXZ 0000000180006fed f   node:node.exe
 0001:00005ff9       __imp_load_?Int32Value@Value@v8@@QEBAHXZ 0000000180006ff9 f   node:node.exe
 0001:00006005       __imp_load_?Uint32Value@Value@v8@@QEBAIXZ 0000000180007005 f   node:node.exe
 0001:00006011       __imp_load_?BooleanValue@Value@v8@@QEBA_NXZ 0000000180007011 f   node:node.exe
 0001:0000601d       __imp_load_?ToInt32@Value@v8@@QEBA?AV?$MaybeLocal@VInt32@v8@@@2@V?$Local@VContext@v8@@@2@@Z 000000018000701d f   node:node.exe
 0001:00006029       __imp_load_?ToObject@Value@v8@@QEBA?AV?$MaybeLocal@VObject@v8@@@2@V?$Local@VContext@v8@@@2@@Z 0000000180007029 f   node:node.exe
 0001:00006035       __imp_load_?IsArray@Value@v8@@QEBA_NXZ 0000000180007035 f   node:node.exe
 0001:00006041       __imp_load_?Escape@EscapableHandleScope@v8@@AEAAPEAPEAVObject@internal@2@PEAPEAV342@@Z 0000000180007041 f   node:node.exe
 0001:0000604d       __imp_load_??0EscapableHandleScope@v8@@QEAA@PEAVIsolate@1@@Z 000000018000704d f   node:node.exe
 0001:00006059       __imp_load_??1Utf8Value@String@v8@@QEAA@XZ 0000000180007059 f   node:node.exe
 0001:00006065       __imp_load_??0Utf8Value@String@v8@@QEAA@V?$Local@VValue@v8@@@2@@Z 0000000180007065 f   node:node.exe
 0001:00006071       __imp_load_?NewFromUtf8@String@v8@@SA?AV?$MaybeLocal@VString@v8@@@2@PEAVIsolate@2@PEBDW4NewStringType@2@H@Z 0000000180007071 f   node:node.exe
 0001:0000607d       __imp_load_?WriteUtf8@String@v8@@QEBAHPEADHPEAHH@Z 000000018000707d f   node:node.exe
 0001:00006089       __imp_load_?Length@String@v8@@QEBAHXZ 0000000180007089 f   node:node.exe
 0001:00006095       __imp_load_?New@Number@v8@@SA?AV?$Local@VNumber@v8@@@2@PEAVIsolate@2@N@Z 0000000180007095 f   node:node.exe
 0001:000060a1       __imp_load_?SlowGetInternalField@Object@v8@@AEAA?AV?$Local@VValue@v8@@@2@H@Z 00000001800070a1 f   node:node.exe
 0001:000060ad       __imp_load_?New@Object@v8@@SA?AV?$Local@VObject@v8@@@2@PEAVIsolate@2@@Z 00000001800070ad f   node:node.exe
 0001:000060b9       __imp_load_?SetInternalField@Object@v8@@QEAAXHV?$Local@VValue@v8@@@2@@Z 00000001800070b9 f   node:node.exe
 0001:000060c5       __imp_load_?Get@Object@v8@@QEAA?AV?$Local@VValue@v8@@@2@V32@@Z 00000001800070c5 f   node:node.exe
 0001:000060d1       __imp_load_?Get@Object@v8@@QEAA?AV?$Local@VValue@v8@@@2@I@Z 00000001800070d1 f   node:node.exe
 0001:000060dd       __imp_load_?Set@Object@v8@@QEAA?AV?$Maybe@_N@2@V?$Local@VContext@v8@@@2@V?$Local@VValue@v8@@@2@1@Z 00000001800070dd f   node:node.exe
 0001:000060e9       __imp_load_?SetInternalFieldCount@ObjectTemplate@v8@@QEAAXH@Z 00000001800070e9 f   node:node.exe
 0001:000060f5       __imp_load_?NewInstance@ObjectTemplate@v8@@QEAA?AV?$MaybeLocal@VObject@v8@@@2@V?$Local@VContext@v8@@@2@@Z 00000001800070f5 f   node:node.exe
 0001:00006101       __imp_load_?New@ObjectTemplate@v8@@SA?AV?$Local@VObjectTemplate@v8@@@2@PEAVIsolate@2@V?$Local@VFunctionTemplate@v8@@@2@@Z 0000000180007101 f   node:node.exe
 0001:0000610d       __imp_load_node_module_register 000000018000710d f   node:node.exe
 0001:00006119       __imp_load_?New@Buffer@node@@YA?AV?$MaybeLocal@VObject@v8@@@v8@@PEAVIsolate@4@PEAD_KP6AX1PEAX@Z3@Z 0000000180007119 f   node:node.exe
 0001:00006125       __imp_load_?Data@Buffer@node@@YAPEADV?$Local@VValue@v8@@@v8@@@Z 0000000180007125 f   node:node.exe
 0001:00006131       __imp_load_?ToString@Value@v8@@QEBA?AV?$Local@VString@v8@@@2@XZ 0000000180007131 f   node:node.exe
 0001:00006150       __security_check_cookie    0000000180007150 f   LIBCMT:_amdsecgs_.obj
 0001:00006174       __raise_securityfailure    0000000180007174 f   LIBCMT:gs_report.obj
 0001:000061a8       __report_gsfailure         00000001800071a8 f   LIBCMT:gs_report.obj
 0001:0000627c       __report_rangecheckfailure 000000018000727c f   LIBCMT:gs_report.obj
 0001:00006290       __report_securityfailure   0000000180007290 f   LIBCMT:gs_report.obj
 0001:0000675c       _DllMainCRTStartup         000000018000775c f   LIBCMT:dll_dllmain.obj
 0001:0000679c       __scrt_acquire_startup_lock 000000018000779c f   LIBCMT:utility.obj
 0001:000067d8       __scrt_dllmain_after_initialize_c 00000001800077d8 f   LIBCMT:utility.obj
 0001:0000680c       __scrt_dllmain_before_initialize_c 000000018000780c f   LIBCMT:utility.obj
 0001:00006824       __scrt_dllmain_crt_thread_attach 0000000180007824 f   LIBCMT:utility.obj
 0001:0000684c       __scrt_dllmain_crt_thread_detach 000000018000784c f   LIBCMT:utility.obj
 0001:00006864       __scrt_dllmain_exception_filter 0000000180007864 f   LIBCMT:utility.obj
 0001:000068c8       __scrt_dllmain_uninitialize_c 00000001800078c8 f   LIBCMT:utility.obj
 0001:000068f8       __scrt_dllmain_uninitialize_critical 00000001800078f8 f   LIBCMT:utility.obj
 0001:0000690c       __scrt_initialize_crt      000000018000790c f   LIBCMT:utility.obj
 0001:00006958       __scrt_initialize_onexit_tables 0000000180007958 f   LIBCMT:utility.obj
 0001:00006a24       __scrt_is_nonwritable_in_current_image 0000000180007a24 f   LIBCMT:utility.obj
 0001:00006ac0       __scrt_release_startup_lock 0000000180007ac0 f   LIBCMT:utility.obj
 0001:00006ae4       __scrt_uninitialize_crt    0000000180007ae4 f   LIBCMT:utility.obj
 0001:00006b10       _onexit                    0000000180007b10 f   LIBCMT:utility.obj
 0001:00006b60       atexit                     0000000180007b60 f   LIBCMT:utility.obj
 0001:00006b78       __security_init_cookie     0000000180007b78 f   LIBCMT:gs_support.obj
 0001:00006c24       DllMain                    0000000180007c24 f   LIBCMT:dll_dllmain_stub.obj
 0001:00006c24       _get_startup_argv_mode     0000000180007c24 f   LIBCMT:argv_mode.obj
 0001:00006c2c       ?__scrt_initialize_type_info@@YAXXZ 0000000180007c2c f   LIBCMT:tncleanup.obj
 0001:00006c3c       ?__scrt_uninitialize_type_info@@YAXXZ 0000000180007c3c f   LIBCMT:tncleanup.obj
 0001:00006c48       __local_stdio_scanf_options 0000000180007c48 f i LIBCMT:default_local_stdio_options.obj
 0001:00006c50       __scrt_initialize_default_local_stdio_options 0000000180007c50 f   LIBCMT:default_local_stdio_options.obj
 0001:00006c6c       __scrt_get_dyn_tls_init_callback 0000000180007c6c f   LIBCMT:dyn_tls_init.obj
 0001:00006c74       __crt_debugger_hook        0000000180007c74 f   LIBCMT:utility_desktop.obj
 0001:00006c7c       __scrt_fastfail            0000000180007c7c f   LIBCMT:utility_desktop.obj
 0001:00006dc4       _RTC_Initialize            0000000180007dc4 f   LIBCMT:_initsect_.obj
 0001:00006e10       _RTC_Terminate             0000000180007e10 f   LIBCMT:_initsect_.obj
 0001:00006e5c       _guard_check_icall         0000000180007e5c f i LIBCMT:checkcfg.obj
 0001:00006e64       __isa_available_init       0000000180007e64 f   LIBCMT:_cpu_disp_.obj
 0001:0000702c       __scrt_is_ucrt_dll_in_use  000000018000802c f   LIBCMT:ucrt_detection.obj
 0001:00007038       _guard_check_icall_nop     0000000180008038 f i LIBCMT:guard_support.obj
 0001:00007038       __except_validate_context_record 0000000180008038 f i libvcruntime:jbcxrval.obj
 0001:00007040       memchr                     0000000180008040 f   libvcruntime:memchr.obj
 0001:0000705c       strchr                     000000018000805c f   libvcruntime:strchr.obj
 0001:000070e8       __C_specific_handler       00000001800080e8 f   libvcruntime:_chandler_.obj
 0001:000072e4       __vcrt_initialize          00000001800082e4 f   libvcruntime:initialization.obj
 0001:00007318       __vcrt_thread_attach       0000000180008318 f   libvcruntime:initialization.obj
 0001:0000732c       __vcrt_thread_detach       000000018000832c f   libvcruntime:initialization.obj
 0001:00007340       __vcrt_uninitialize        0000000180008340 f   libvcruntime:initialization.obj
 0001:00007360       __vcrt_uninitialize_critical 0000000180008360 f   libvcruntime:initialization.obj
 0001:00007370       __std_type_info_destroy_list 0000000180008370 f   libvcruntime:std_type_info.obj
 0001:000073b0       memset                     00000001800083b0 f   libvcruntime:memset.obj
 0001:00007560       _local_unwind              0000000180008560 f   libvcruntime:_jmpuwind_.obj
 0001:00007590       _NLG_Notify                0000000180008590 f   libvcruntime:_jmpuwind_.obj
 0001:000075b0       __NLG_Dispatch2            00000001800085b0 f   libvcruntime:_jmpuwind_.obj
 0001:000075c0       __NLG_Return2              00000001800085c0 f   libvcruntime:_jmpuwind_.obj
 0001:000075c4       __vcrt_freefls             00000001800085c4 f   libvcruntime:per_thread_data.obj
 0001:000075e4       __vcrt_freeptd             00000001800085e4 f   libvcruntime:per_thread_data.obj
 0001:00007634       __vcrt_getptd_noexit       0000000180008634 f   libvcruntime:per_thread_data.obj
 0001:000076ec       __vcrt_initialize_ptd      00000001800086ec f   libvcruntime:per_thread_data.obj
 0001:0000772c       __vcrt_uninitialize_ptd    000000018000872c f   libvcruntime:per_thread_data.obj
 0001:00007750       __vcrt_initialize_locks    0000000180008750 f   libvcruntime:locks.obj
 0001:00007798       __vcrt_uninitialize_locks  0000000180008798 f   libvcruntime:locks.obj
 0001:00007998       __vcrt_FlsAlloc            0000000180008998 f   libvcruntime:winapi_downlevel.obj
 0001:000079ec       __vcrt_FlsFree             00000001800089ec f   libvcruntime:winapi_downlevel.obj
 0001:00007a40       __vcrt_FlsGetValue         0000000180008a40 f   libvcruntime:winapi_downlevel.obj
 0001:00007a94       __vcrt_FlsSetValue         0000000180008a94 f   libvcruntime:winapi_downlevel.obj
 0001:00007afc       __vcrt_InitializeCriticalSectionEx 0000000180008afc f   libvcruntime:winapi_downlevel.obj
 0001:00007b74       __vcrt_initialize_winapi_thunks 0000000180008b74 f   libvcruntime:winapi_downlevel.obj
 0001:00007bc0       __vcrt_uninitialize_winapi_thunks 0000000180008bc0 f   libvcruntime:winapi_downlevel.obj
 0001:00007c00       __vcrt_initialize_pure_virtual_call_handler 0000000180008c00 f   libvcruntime:purevirt_data.obj
 0001:00007c24       free                       0000000180008c24 f   libucrt:free.obj
 0001:00008614       ??$ftprintf@PEAU_iobuf@@PEB_WAEBQEB_WAEBQEB_WAEBI@?$__crt_char_traits@_W@@SAH$$QEAPEAU_iobuf@@$$QEAPEB_WAEBQEB_W2AEBI@Z 0000000180009614 f i libucrt:assert.obj
 0001:0000863c       _wassert                   000000018000963c f   libucrt:assert.obj
 0001:000086c0       fwprintf                   00000001800096c0 f i libucrt:assert.obj
 0001:00008704       swprintf                   0000000180009704 f i libucrt:assert.obj
 0001:00008758       malloc                     0000000180009758 f   libucrt:malloc.obj
 0001:00008760       __acrt_initialize_clock    0000000180009760 f   libucrt:clock.obj
 0001:000087b4       ??0_LocaleUpdate@@QEAA@QEAU__crt_locale_pointers@@@Z 00000001800097b4 f i libucrt:_ctype.obj
 0001:00008844       isdigit                    0000000180009844 f i libucrt:_ctype.obj
 0001:000088b8       isupper                    00000001800098b8 f i libucrt:_ctype.obj
 0001:0000892c       ??$?RV<lambda_7b91131dde12e1c3dfc74ff76b3f2eac>@@AEAV<lambda_dd75445284c072d0bd3768540cc698fa>@@V<lambda_16bc4ecb55b4718497c16bceaea2ceaf>@@@?$__crt_seh_guarded_call@H@@QEAAH$$QEAV<lambda_7b91131dde12e1c3dfc74ff76b3f2eac>@@AEAV<lambda_dd75445284c072d0bd3768540cc698fa>@@$$QEAV<lambda_16bc4ecb55b4718497c16bceaea2ceaf>@@@Z 000000018000992c f i libucrt:output.obj
 0001:0000896c       ??$ensure_buffer_is_big_enough@D@formatting_buffer@__crt_stdio_output@@QEAA_N_K@Z 000000018000996c f i libucrt:output.obj
 0001:00008a18       ??$is_wide_character_specifier@D@__crt_stdio_output@@YA_N_KDW4length_modifier@0@@Z 0000000180009a18 f i libucrt:output.obj
 0001:00008a48       ??$is_wide_character_specifier@_W@__crt_stdio_output@@YA_N_K_WW4length_modifier@0@@Z 0000000180009a48 f i libucrt:output.obj
 0001:00008a8c       ??$type_case_integer_parse_into_buffer@I@?$output_processor@_WV?$string_output_adapter@_W@__crt_stdio_output@@V?$standard_base@_WV?$string_output_adapter@_W@__crt_stdio_output@@@2@@__crt_stdio_output@@AEAAXII_N@Z 0000000180009a8c f i libucrt:output.obj
 0001:00008a8c       ??$type_case_integer_parse_into_buffer@I@?$output_processor@DV?$string_output_adapter@D@__crt_stdio_output@@V?$standard_base@DV?$string_output_adapter@D@__crt_stdio_output@@@2@@__crt_stdio_output@@AEAAXII_N@Z 0000000180009a8c f i libucrt:output.obj
 0001:00008a8c       ??$type_case_integer_parse_into_buffer@I@?$output_processor@_WV?$stream_output_adapter@_W@__crt_stdio_output@@V?$standard_base@_WV?$stream_output_adapter@_W@__crt_stdio_output@@@2@@__crt_stdio_output@@AEAAXII_N@Z 0000000180009a8c f i libucrt:output.obj
 0001:00008b28       ??$type_case_integer_parse_into_buffer@_K@?$output_processor@_WV?$string_output_adapter@_W@__crt_stdio_output@@V?$standard_base@_WV?$string_output_adapter@_W@__crt_stdio_output@@@2@@__crt_stdio_output@@AEAAX_KI_N@Z 0000000180009b28 f i libucrt:output.obj
 0001:00008b28       ??$type_case_integer_parse_into_buffer@_K@?$output_processor@_WV?$stream_output_adapter@_W@__crt_stdio_output@@V?$standard_base@_WV?$stream_output_adapter@_W@__crt_stdio_output@@@2@@__crt_stdio_output@@AEAAX_KI_N@Z 0000000180009b28 f i libucrt:output.obj
 0001:00008b28       ??$type_case_integer_parse_into_buffer@_K@?$output_processor@DV?$string_output_adapter@D@__crt_stdio_output@@V?$standard_base@DV?$string_output_adapter@D@__crt_stdio_output@@@2@@__crt_stdio_output@@AEAAX_KI_N@Z 0000000180009b28 f i libucrt:output.obj
 0001:00008bc4       ??$write_multiple_characters@V?$stream_output_adapter@_W@__crt_stdio_output@@D@__crt_stdio_output@@YAXAEBV?$stream_output_adapter@_W@0@DHQEAH@Z 0000000180009bc4 f i libucrt:output.obj
 0001:00008c54       ??$write_multiple_characters@V?$string_output_adapter@D@__crt_stdio_output@@D@__crt_stdio_output@@YAXAEBV?$string_output_adapter@D@0@DHQEAH@Z 0000000180009c54 f i libucrt:output.obj
 0001:00008cb0       ??$write_multiple_characters@V?$string_output_adapter@_W@__crt_stdio_output@@D@__crt_stdio_output@@YAXAEBV?$string_output_adapter@_W@0@DHQEAH@Z 0000000180009cb0 f i libucrt:output.obj
 0001:00008d20       ??0?$output_processor@DV?$string_output_adapter@D@__crt_stdio_output@@V?$standard_base@DV?$string_output_adapter@D@__crt_stdio_output@@@2@@__crt_stdio_output@@QEAA@AEBV?$string_output_adapter@D@1@_KQEBDQEAU__crt_locale_pointers@@QEAD@Z 0000000180009d20 f i libucrt:output.obj
 0001:00008d9c       ??0?$output_processor@_WV?$string_output_adapter@_W@__crt_stdio_output@@V?$standard_base@_WV?$string_output_adapter@_W@__crt_stdio_output@@@2@@__crt_stdio_output@@QEAA@AEBV?$string_output_adapter@_W@1@_KQEB_WQEAU__crt_locale_pointers@@QEAD@Z 0000000180009d9c f i libucrt:output.obj
 0001:00008d9c       ??0?$output_processor@_WV?$stream_output_adapter@_W@__crt_stdio_output@@V?$standard_base@_WV?$stream_output_adapter@_W@__crt_stdio_output@@@2@@__crt_stdio_output@@QEAA@AEBV?$stream_output_adapter@_W@1@_KQEB_WQEAU__crt_locale_pointers@@QEAD@Z 0000000180009d9c f i libucrt:output.obj
 0001:00008f0c       ?force_decimal_point@__crt_stdio_output@@YAXPEADQEAU__crt_locale_pointers@@@Z 0000000180009f0c f i libucrt:output.obj
 0001:00008f7c       ?parse_int_from_format_string@?$output_processor@DV?$string_output_adapter@D@__crt_stdio_output@@V?$standard_base@DV?$string_output_adapter@D@__crt_stdio_output@@@2@@__crt_stdio_output@@AEAA_NQEAH@Z 0000000180009f7c f i libucrt:output.obj
 0001:00009000       ?parse_int_from_format_string@?$output_processor@_WV?$string_output_adapter@_W@__crt_stdio_output@@V?$standard_base@_WV?$string_output_adapter@_W@__crt_stdio_output@@@2@@__crt_stdio_output@@AEAA_NQEAH@Z 000000018000a000 f i libucrt:output.obj
 0001:00009000       ?parse_int_from_format_string@?$output_processor@_WV?$stream_output_adapter@_W@__crt_stdio_output@@V?$standard_base@_WV?$stream_output_adapter@_W@__crt_stdio_output@@@2@@__crt_stdio_output@@AEAA_NQEAH@Z 000000018000a000 f i libucrt:output.obj
 0001:00009080       ?process@?$output_processor@DV?$string_output_adapter@D@__crt_stdio_output@@V?$standard_base@DV?$string_output_adapter@D@__crt_stdio_output@@@2@@__crt_stdio_output@@QEAAHXZ 000000018000a080 f i libucrt:output.obj
 0001:00009284       ?process@?$output_processor@_WV?$stream_output_adapter@_W@__crt_stdio_output@@V?$standard_base@_WV?$stream_output_adapter@_W@__crt_stdio_output@@@2@@__crt_stdio_output@@QEAAHXZ 000000018000a284 f i libucrt:output.obj
 0001:000094fc       ?process@?$output_processor@_WV?$string_output_adapter@_W@__crt_stdio_output@@V?$standard_base@_WV?$string_output_adapter@_W@__crt_stdio_output@@@2@@__crt_stdio_output@@QEAAHXZ 000000018000a4fc f i libucrt:output.obj
 0001:00009778       ?state_case_normal@?$output_processor@DV?$string_output_adapter@D@__crt_stdio_output@@V?$standard_base@DV?$string_output_adapter@D@__crt_stdio_output@@@2@@__crt_stdio_output@@AEAA_NXZ 000000018000a778 f i libucrt:output.obj
 0001:000097ec       ?state_case_normal_tchar@?$output_processor@DV?$string_output_adapter@D@__crt_stdio_output@@V?$standard_base@DV?$string_output_adapter@D@__crt_stdio_output@@@2@@__crt_stdio_output@@AEAA_ND@Z 000000018000a7ec f i libucrt:output.obj
 0001:00009884       ?state_case_size@?$output_processor@DV?$string_output_adapter@D@__crt_stdio_output@@V?$standard_base@DV?$string_output_adapter@D@__crt_stdio_output@@@2@@__crt_stdio_output@@AEAA_NXZ 000000018000a884 f i libucrt:output.obj
 0001:00009a00       ?state_case_size@?$output_processor@_WV?$stream_output_adapter@_W@__crt_stdio_output@@V?$standard_base@_WV?$stream_output_adapter@_W@__crt_stdio_output@@@2@@__crt_stdio_output@@AEAA_NXZ 000000018000aa00 f i libucrt:output.obj
 0001:00009ba4       ?state_case_size@?$output_processor@_WV?$string_output_adapter@_W@__crt_stdio_output@@V?$standard_base@_WV?$string_output_adapter@_W@__crt_stdio_output@@@2@@__crt_stdio_output@@AEAA_NXZ 000000018000aba4 f i libucrt:output.obj
 0001:00009d48       ?state_case_type@?$output_processor@DV?$string_output_adapter@D@__crt_stdio_output@@V?$standard_base@DV?$string_output_adapter@D@__crt_stdio_output@@@2@@__crt_stdio_output@@AEAA_NXZ 000000018000ad48 f i libucrt:output.obj
 0001:00009fc4       ?state_case_type@?$output_processor@_WV?$stream_output_adapter@_W@__crt_stdio_output@@V?$standard_base@_WV?$stream_output_adapter@_W@__crt_stdio_output@@@2@@__crt_stdio_output@@AEAA_NXZ 000000018000afc4 f i libucrt:output.obj
 0001:0000a290       ?state_case_type@?$output_processor@_WV?$string_output_adapter@_W@__crt_stdio_output@@V?$standard_base@_WV?$string_output_adapter@_W@__crt_stdio_output@@@2@@__crt_stdio_output@@AEAA_NXZ 000000018000b290 f i libucrt:output.obj
 0001:0000a55c       ?type_case_Z@?$output_processor@DV?$string_output_adapter@D@__crt_stdio_output@@V?$standard_base@DV?$string_output_adapter@D@__crt_stdio_output@@@2@@__crt_stdio_output@@AEAA_NXZ 000000018000b55c f i libucrt:output.obj
 0001:0000a5dc       ?type_case_Z@?$output_processor@_WV?$stream_output_adapter@_W@__crt_stdio_output@@V?$standard_base@_WV?$stream_output_adapter@_W@__crt_stdio_output@@@2@@__crt_stdio_output@@AEAA_NXZ 000000018000b5dc f i libucrt:output.obj
 0001:0000a5dc       ?type_case_Z@?$output_processor@_WV?$string_output_adapter@_W@__crt_stdio_output@@V?$standard_base@_WV?$string_output_adapter@_W@__crt_stdio_output@@@2@@__crt_stdio_output@@AEAA_NXZ 000000018000b5dc f i libucrt:output.obj
 0001:0000a65c       ?type_case_a@?$output_processor@DV?$string_output_adapter@D@__crt_stdio_output@@V?$standard_base@DV?$string_output_adapter@D@__crt_stdio_output@@@2@@__crt_stdio_output@@AEAA_NXZ 000000018000b65c f i libucrt:output.obj
 0001:0000a878       ?type_case_a@?$output_processor@_WV?$stream_output_adapter@_W@__crt_stdio_output@@V?$standard_base@_WV?$stream_output_adapter@_W@__crt_stdio_output@@@2@@__crt_stdio_output@@AEAA_NXZ 000000018000b878 f i libucrt:output.obj
 0001:0000a878       ?type_case_a@?$output_processor@_WV?$string_output_adapter@_W@__crt_stdio_output@@V?$standard_base@_WV?$string_output_adapter@_W@__crt_stdio_output@@@2@@__crt_stdio_output@@AEAA_NXZ 000000018000b878 f i libucrt:output.obj
 0001:0000aabc       ?type_case_c_tchar@?$output_processor@DV?$string_output_adapter@D@__crt_stdio_output@@V?$standard_base@DV?$string_output_adapter@D@__crt_stdio_output@@@2@@__crt_stdio_output@@AEAA_ND@Z 000000018000babc f i libucrt:output.obj
 0001:0000ab70       ?type_case_c_tchar@?$output_processor@_WV?$string_output_adapter@_W@__crt_stdio_output@@V?$standard_base@_WV?$string_output_adapter@_W@__crt_stdio_output@@@2@@__crt_stdio_output@@AEAA_N_W@Z 000000018000bb70 f i libucrt:output.obj
 0001:0000ab70       ?type_case_c_tchar@?$output_processor@_WV?$stream_output_adapter@_W@__crt_stdio_output@@V?$standard_base@_WV?$stream_output_adapter@_W@__crt_stdio_output@@@2@@__crt_stdio_output@@AEAA_N_W@Z 000000018000bb70 f i libucrt:output.obj
 0001:0000ac18       ?type_case_integer@?$output_processor@_WV?$stream_output_adapter@_W@__crt_stdio_output@@V?$standard_base@_WV?$stream_output_adapter@_W@__crt_stdio_output@@@2@@__crt_stdio_output@@AEAA_NI_N@Z 000000018000bc18 f i libucrt:output.obj
 0001:0000ac18       ?type_case_integer@?$output_processor@_WV?$string_output_adapter@_W@__crt_stdio_output@@V?$standard_base@_WV?$string_output_adapter@_W@__crt_stdio_output@@@2@@__crt_stdio_output@@AEAA_NI_N@Z 000000018000bc18 f i libucrt:output.obj
 0001:0000ac18       ?type_case_integer@?$output_processor@DV?$string_output_adapter@D@__crt_stdio_output@@V?$standard_base@DV?$string_output_adapter@D@__crt_stdio_output@@@2@@__crt_stdio_output@@AEAA_NI_N@Z 000000018000bc18 f i libucrt:output.obj
 0001:0000adb8       ?type_case_n@?$output_processor@_WV?$string_output_adapter@_W@__crt_stdio_output@@V?$standard_base@_WV?$string_output_adapter@_W@__crt_stdio_output@@@2@@__crt_stdio_output@@AEAA_NXZ 000000018000bdb8 f i libucrt:output.obj
 0001:0000adb8       ?type_case_n@?$output_processor@DV?$string_output_adapter@D@__crt_stdio_output@@V?$standard_base@DV?$string_output_adapter@D@__crt_stdio_output@@@2@@__crt_stdio_output@@AEAA_NXZ 000000018000bdb8 f i libucrt:output.obj
 0001:0000adb8       ?type_case_n@?$output_processor@_WV?$stream_output_adapter@_W@__crt_stdio_output@@V?$standard_base@_WV?$stream_output_adapter@_W@__crt_stdio_output@@@2@@__crt_stdio_output@@AEAA_NXZ 000000018000bdb8 f i libucrt:output.obj
 0001:0000ae94       ?type_case_s@?$output_processor@DV?$string_output_adapter@D@__crt_stdio_output@@V?$standard_base@DV?$string_output_adapter@D@__crt_stdio_output@@@2@@__crt_stdio_output@@AEAA_NXZ 000000018000be94 f i libucrt:output.obj
 0001:0000af24       ?type_case_s@?$output_processor@_WV?$stream_output_adapter@_W@__crt_stdio_output@@V?$standard_base@_WV?$stream_output_adapter@_W@__crt_stdio_output@@@2@@__crt_stdio_output@@AEAA_NXZ 000000018000bf24 f i libucrt:output.obj
 0001:0000af24       ?type_case_s@?$output_processor@_WV?$string_output_adapter@_W@__crt_stdio_output@@V?$standard_base@_WV?$string_output_adapter@_W@__crt_stdio_output@@@2@@__crt_stdio_output@@AEAA_NXZ 000000018000bf24 f i libucrt:output.obj
 0001:0000afec       ?write_stored_string_tchar@?$output_processor@DV?$string_output_adapter@D@__crt_stdio_output@@V?$standard_base@DV?$string_output_adapter@D@__crt_stdio_output@@@2@@__crt_stdio_output@@AEAA_ND@Z 000000018000bfec f i libucrt:output.obj
 0001:0000b0c4       ?write_stored_string_tchar@?$output_processor@_WV?$stream_output_adapter@_W@__crt_stdio_output@@V?$standard_base@_WV?$stream_output_adapter@_W@__crt_stdio_output@@@2@@__crt_stdio_output@@AEAA_N_W@Z 000000018000c0c4 f i libucrt:output.obj
 0001:0000b1b0       ?write_stored_string_tchar@?$output_processor@_WV?$string_output_adapter@_W@__crt_stdio_output@@V?$standard_base@_WV?$string_output_adapter@_W@__crt_stdio_output@@@2@@__crt_stdio_output@@AEAA_N_W@Z 000000018000c1b0 f i libucrt:output.obj
 0001:0000b2a0       ?write_string@?$stream_output_adapter@_W@__crt_stdio_output@@QEBAXQEB_WHQEAH1@Z 000000018000c2a0 f i libucrt:output.obj
 0001:0000b3ac       ?write_string@?$string_output_adapter@D@__crt_stdio_output@@QEBAXQEBDHQEAH1@Z 000000018000c3ac f i libucrt:output.obj
 0001:0000b468       ?write_string@?$string_output_adapter@_W@__crt_stdio_output@@QEBAXQEB_WHQEAH1@Z 000000018000c468 f i libucrt:output.obj
 0001:0000b528       __stdio_common_vfwprintf   000000018000c528 f   libucrt:output.obj
 0001:0000b5b4       __stdio_common_vsprintf    000000018000c5b4 f   libucrt:output.obj
 0001:0000b7e8       __stdio_common_vswprintf   000000018000c7e8 f   libucrt:output.obj
 0001:0000ba20       __ascii_stricmp            000000018000ca20 f   libucrt:stricmp.obj
 0001:0000ba5c       _stricmp                   000000018000ca5c f   libucrt:stricmp.obj
 0001:0000baa4       _stricmp_l                 000000018000caa4 f   libucrt:stricmp.obj
 0001:0000bb58       _initterm                  000000018000cb58 f   libucrt:initterm.obj
 0001:0000bbd0       _initterm_e                000000018000cbd0 f   libucrt:initterm.obj
 0001:0000bc1c       _seh_filter_dll            000000018000cc1c f   libucrt:exception_filter.obj
 0001:0000bc30       _seh_filter_exe            000000018000cc30 f   libucrt:exception_filter.obj
 0001:0000bff0       __acrt_initialize_thread_local_exit_callback 000000018000cff0 f   libucrt:exit.obj
 0001:0000bff8       _cexit                     000000018000cff8 f   libucrt:exit.obj
 0001:0000c008       _exit                      000000018000d008 f   libucrt:exit.obj
 0001:0000c014       _is_c_termination_complete 000000018000d014 f   libucrt:exit.obj
 0001:0000c1d8       __acrt_allocate_buffer_for_argv 000000018000d1d8 f   libucrt:argv_parsing.obj
 0001:0000c23c       _configure_narrow_argv     000000018000d23c f   libucrt:argv_parsing.obj
 0001:0000c598       __dcrt_uninitialize_environments_nolock 000000018000d598 f   libucrt:environment_initialization.obj
 0001:0000c5d0       _initialize_narrow_environment 000000018000d5d0 f   libucrt:environment_initialization.obj
 0001:0000c5d8       ??$?RV<lambda_b8c45f8f788dd370798f47cfe8ac3a86>@@AEAV<lambda_4e60a939b0d047cfe11ddc22648dfba9>@@V<lambda_332c3edc96d0294ec56c57d38c1cdfd5>@@@?$__crt_seh_guarded_call@H@@QEAAH$$QEAV<lambda_b8c45f8f788dd370798f47cfe8ac3a86>@@AEAV<lambda_4e60a939b0d047cfe11ddc22648dfba9>@@$$QEAV<lambda_332c3edc96d0294ec56c57d38c1cdfd5>@@@Z 000000018000d5d8 f i libucrt:onexit.obj
 0001:0000c614       ??$?RV<lambda_e24bbb7b643b32fcea6fa61b31d4c984>@@AEAV<lambda_275893d493268fdec8709772e3fcec0e>@@V<lambda_9d71df4d7cf3f480f8d633942495c3b0>@@@?$__crt_seh_guarded_call@H@@QEAAH$$QEAV<lambda_e24bbb7b643b32fcea6fa61b31d4c984>@@AEAV<lambda_275893d493268fdec8709772e3fcec0e>@@$$QEAV<lambda_9d71df4d7cf3f480f8d633942495c3b0>@@@Z 000000018000d614 f i libucrt:onexit.obj
 0001:0000c990       _crt_atexit                000000018000d990 f   libucrt:onexit.obj
 0001:0000c9a0       _execute_onexit_table      000000018000d9a0 f   libucrt:onexit.obj
 0001:0000c9dc       _initialize_onexit_table   000000018000d9dc f   libucrt:onexit.obj
 0001:0000ca1c       _register_onexit_function  000000018000da1c f   libucrt:onexit.obj
 0001:0000caac       __acrt_uninitialize_command_line 000000018000daac f   libucrt:argv_data.obj
 0001:0000cb9c       __acrt_initialize          000000018000db9c f   libucrt:initialization.obj
 0001:0000cbb0       __acrt_thread_attach       000000018000dbb0 f   libucrt:initialization.obj
 0001:0000cbc4       __acrt_thread_detach       000000018000dbc4 f   libucrt:initialization.obj
 0001:0000cbd4       __acrt_uninitialize        000000018000dbd4 f   libucrt:initialization.obj
 0001:0000cbe8       __acrt_uninitialize_critical 000000018000dbe8 f   libucrt:initialization.obj
 0001:0000cbf8       terminate                  000000018000dbf8 f   libucrt:terminate.obj
 0001:0000cc20       _free_base                 000000018000dc20 f   libucrt:free_base.obj
 0001:0000cc60       _malloc_base               000000018000dc60 f   libucrt:malloc_base.obj
 0001:0000ccc0       strcpy_s                   000000018000dcc0 f   libucrt:strcpy_s.obj
 0001:0000cd20       abort                      000000018000dd20 f   libucrt:abort.obj
 0001:0000cd78       _calloc_base               000000018000dd78 f   libucrt:calloc_base.obj
 0001:0000cdf0       ??$is_overflow_condition@K@__crt_strtox@@YA_NIK@Z 000000018000ddf0 f i libucrt:atox.obj
 0001:0000ce1c       ??$parse_integer@KV?$c_string_character_source@D@__crt_strtox@@@__crt_strtox@@YAKQEAU__crt_locale_pointers@@V?$c_string_character_source@D@0@H_N@Z 000000018000de1c f i libucrt:atox.obj
 0001:0000d130       ??$parse_integer@KV?$c_string_character_source@_W@__crt_strtox@@@__crt_strtox@@YAKQEAU__crt_locale_pointers@@V?$c_string_character_source@_W@0@H_N@Z 000000018000e130 f i libucrt:atox.obj
 0001:0000d804       __acrt_call_reportfault    000000018000e804 f   libucrt:invalid_parameter.obj
 0001:0000d960       __acrt_initialize_invalid_parameter_handler 000000018000e960 f   libucrt:invalid_parameter.obj
 0001:0000d968       _invalid_parameter         000000018000e968 f   libucrt:invalid_parameter.obj
 0001:0000da10       _invalid_parameter_noinfo  000000018000ea10 f   libucrt:invalid_parameter.obj
 0001:0000da30       _invoke_watson             000000018000ea30 f   libucrt:invalid_parameter.obj
 0001:0000da78       _query_app_type            000000018000ea78 f   libucrt:report_runtime_error.obj
 0001:0000da80       __acrt_errno_from_os_error 000000018000ea80 f   libucrt:errno.obj
 0001:0000dac8       __acrt_errno_map_os_error  000000018000eac8 f   libucrt:errno.obj
 0001:0000db18       __doserrno                 000000018000eb18 f   libucrt:errno.obj
 0001:0000db38       _errno                     000000018000eb38 f   libucrt:errno.obj
 0001:0000dc80       _itow_s                    000000018000ec80 f   libucrt:xtoa.obj
 0001:0000dca0       _set_error_mode            000000018000eca0 f   libucrt:set_error_mode.obj
 0001:0000dce0       wcscat_s                   000000018000ece0 f   libucrt:wcscat_s.obj
 0001:0000dd60       wcscpy_s                   000000018000ed60 f   libucrt:wcscpy_s.obj
 0001:0000ddc8       wcsncat_s                  000000018000edc8 f   libucrt:wcsncat_s.obj
 0001:0000def0       __acrt_show_wide_message_box 000000018000eef0 f   libucrt:crtmbox.obj
 0001:0000e00c       __acrt_initialize_stdio    000000018000f00c f   libucrt:_file.obj
 0001:0000e12c       __acrt_iob_func            000000018000f12c f   libucrt:_file.obj
 0001:0000e140       __acrt_uninitialize_stdio  000000018000f140 f   libucrt:_file.obj
 0001:0000e19c       _lock_file                 000000018000f19c f   libucrt:_file.obj
 0001:0000e1a8       _unlock_file               000000018000f1a8 f   libucrt:_file.obj
 0001:0000e1b4       __acrt_stdio_flush_nolock  000000018000f1b4 f   libucrt:fflush.obj
 0001:0000e22c       _fflush_nolock             000000018000f22c f   libucrt:fflush.obj
 0001:0000e278       _flushall                  000000018000f278 f   libucrt:fflush.obj
 0001:0000e368       fflush                     000000018000f368 f   libucrt:fflush.obj
 0001:0000e3ac       ??$?RV<lambda_7a5ef57ff966f610505f1d28a3d40618>@@AEAV<lambda_b721fa326cdb32351d23dfa67958c160>@@V<lambda_5e0fb27672408a07956fe59e48ccb2aa>@@@?$__crt_seh_guarded_call@H@@QEAAH$$QEAV<lambda_7a5ef57ff966f610505f1d28a3d40618>@@AEAV<lambda_b721fa326cdb32351d23dfa67958c160>@@$$QEAV<lambda_5e0fb27672408a07956fe59e48ccb2aa>@@@Z 000000018000f3ac f i libucrt:setvbuf.obj
 0001:0000e4dc       setvbuf                    000000018000f4dc f   libucrt:setvbuf.obj
 0001:0000e57c       ??$?RV<lambda_c36588078e9f5dfd39652860aa6b3aaf>@@AEAV<lambda_ec61778202f4f5fc7e7711acc23c3bca>@@V<lambda_dc9d2797ccde5d239b4a0efae8ebd7db>@@@?$__crt_seh_guarded_call@P6AXH@Z@@QEAAP6AXH@Z$$QEAV<lambda_c36588078e9f5dfd39652860aa6b3aaf>@@AEAV<lambda_ec61778202f4f5fc7e7711acc23c3bca>@@$$QEAV<lambda_dc9d2797ccde5d239b4a0efae8ebd7db>@@@Z 000000018000f57c f i libucrt:signal.obj
 0001:0000e5c4       __acrt_get_sigabrt_handler 000000018000f5c4 f   libucrt:signal.obj
 0001:0000e5f4       __acrt_initialize_signal_handlers 000000018000f5f4 f   libucrt:signal.obj
 0001:0000e614       raise                      000000018000f614 f   libucrt:signal.obj
 0001:0000ea50       __acrt_FlsAlloc            000000018000fa50 f   libucrt:winapi_thunks.obj
 0001:0000eaa8       __acrt_FlsFree             000000018000faa8 f   libucrt:winapi_thunks.obj
 0001:0000eb00       __acrt_FlsGetValue         000000018000fb00 f   libucrt:winapi_thunks.obj
 0001:0000eb58       __acrt_FlsSetValue         000000018000fb58 f   libucrt:winapi_thunks.obj
 0001:0000ebc0       __acrt_InitializeCriticalSectionEx 000000018000fbc0 f   libucrt:winapi_thunks.obj
 0001:0000ec38       __acrt_LCMapStringEx       000000018000fc38 f   libucrt:winapi_thunks.obj
 0001:0000ed28       __acrt_LocaleNameToLCID    000000018000fd28 f   libucrt:winapi_thunks.obj
 0001:0000ed90       __acrt_MessageBoxW         000000018000fd90 f   libucrt:winapi_thunks.obj
 0001:0000ee18       __acrt_can_show_message_box 000000018000fe18 f   libucrt:winapi_thunks.obj
 0001:0000ee74       __acrt_get_parent_window   000000018000fe74 f   libucrt:winapi_thunks.obj
 0001:0000ef04       __acrt_initialize_winapi_thunks 000000018000ff04 f   libucrt:winapi_thunks.obj
 0001:0000ef3c       __acrt_is_interactive      000000018000ff3c f   libucrt:winapi_thunks.obj
 0001:0000f010       __acrt_is_packaged_app     0000000180010010 f   libucrt:winapi_thunks.obj
 0001:0000f098       __acrt_uninitialize_winapi_thunks 0000000180010098 f   libucrt:winapi_thunks.obj
 0001:0000f0dc       __pctype_func              00000001800100dc f   libucrt:ctype.obj
 0001:0000f10c       _isctype_l                 000000018001010c f   libucrt:isctype.obj
 0001:0000f21c       ??$?RV<lambda_46352004c1216016012b18bd6f87e700>@@AEAV<lambda_3bd07e1a1191394380780325891bf33f>@@V<lambda_334532d3f185bcaa59b5be82d7d22bff>@@@?$__crt_seh_guarded_call@X@@QEAAX$$QEAV<lambda_46352004c1216016012b18bd6f87e700>@@AEAV<lambda_3bd07e1a1191394380780325891bf33f>@@$$QEAV<lambda_334532d3f185bcaa59b5be82d7d22bff>@@@Z 000000018001021c f i libucrt:per_thread_data.obj
 0001:0000f27c       ??$?RV<lambda_5e887d1dcbef67a5eb4283622ba103bf>@@AEAV<lambda_4466841279450cc726390878d4a41900>@@V<lambda_341c25c0346d94847f1f3c463c57e077>@@@?$__crt_seh_guarded_call@X@@QEAAX$$QEAV<lambda_5e887d1dcbef67a5eb4283622ba103bf>@@AEAV<lambda_4466841279450cc726390878d4a41900>@@$$QEAV<lambda_341c25c0346d94847f1f3c463c57e077>@@@Z 000000018001027c f i libucrt:per_thread_data.obj
 0001:0000f2c4       ??$?RV<lambda_72d1df2b273a38828b1ce30cbf4cdab5>@@AEAV<lambda_876a65b173b8412d3a47c70a915b0cf4>@@V<lambda_41932305e351933ebe8f8be3ed8bb5dc>@@@?$__crt_seh_guarded_call@X@@QEAAX$$QEAV<lambda_72d1df2b273a38828b1ce30cbf4cdab5>@@AEAV<lambda_876a65b173b8412d3a47c70a915b0cf4>@@$$QEAV<lambda_41932305e351933ebe8f8be3ed8bb5dc>@@@Z 00000001800102c4 f i libucrt:per_thread_data.obj
 0001:0000f304       ??$?RV<lambda_fb3a7dec4e47f37f22dae91bb15c9095>@@AEAV<lambda_698284760c8add0bfb0756c19673e34b>@@V<lambda_dfb8eca1e75fef3034a8fb18dd509707>@@@?$__crt_seh_guarded_call@X@@QEAAX$$QEAV<lambda_fb3a7dec4e47f37f22dae91bb15c9095>@@AEAV<lambda_698284760c8add0bfb0756c19673e34b>@@$$QEAV<lambda_dfb8eca1e75fef3034a8fb18dd509707>@@@Z 0000000180010304 f i libucrt:per_thread_data.obj
 0001:0000f594       __acrt_freeptd             0000000180010594 f   libucrt:per_thread_data.obj
 0001:0000f5d8       __acrt_getptd              00000001800105d8 f   libucrt:per_thread_data.obj
 0001:0000f66c       __acrt_getptd_noexit       000000018001066c f   libucrt:per_thread_data.obj
 0001:0000f70c       __acrt_initialize_ptd      000000018001070c f   libucrt:per_thread_data.obj
 0001:0000f748       __acrt_uninitialize_ptd    0000000180010748 f   libucrt:per_thread_data.obj
 0001:0000f76c       __acrt_update_locale_info  000000018001076c f   libucrt:locale_update.obj
 0001:0000f7a0       __acrt_update_multibyte_info 00000001800107a0 f   libucrt:locale_update.obj
 0001:0000f7d4       __acrt_set_locale_changed  00000001800107d4 f   libucrt:wsetlocale.obj
 0001:0000f7e0       __acrt_uninitialize_locale 00000001800107e0 f   libucrt:wsetlocale.obj
 0001:0000f878       _tolower_l                 0000000180010878 f   libucrt:tolower_toupper.obj
 0001:0000f9b8       tolower                    00000001800109b8 f   libucrt:tolower_toupper.obj
 0001:0000f9e4       ??$make_c_string_character_source@_WPEAPEA_W@__crt_strtox@@YA?AV?$c_string_character_source@_W@0@QEB_WQEAPEA_W@Z 00000001800109e4 f i libucrt:strtox.obj
 0001:0000f9e4       ??$make_c_string_character_source@DPEAPEAD@__crt_strtox@@YA?AV?$c_string_character_source@D@0@QEBDQEAPEAD@Z 00000001800109e4 f i libucrt:strtox.obj
 0001:0000f9f8       strtol                     00000001800109f8 f   libucrt:strtox.obj
 0001:0000fa28       wcstol                     0000000180010a28 f   libucrt:strtox.obj
 0001:0000fa58       _mbtowc_l                  0000000180010a58 f   libucrt:mbtowc.obj
 0001:0000fba0       mbtowc                     0000000180010ba0 f   libucrt:mbtowc.obj
 0001:0000fba8       _wctomb_s_l                0000000180010ba8 f   libucrt:wctomb.obj
 0001:0000fd2c       wctomb_s                   0000000180010d2c f   libucrt:wctomb.obj
 0001:0000fd40       strnlen                    0000000180010d40 f   libucrt:strnlen.obj
 0001:0000fe9c       wcsnlen                    0000000180010e9c f   libucrt:strnlen.obj
 0001:0001008c       ?__acrt_fp_classify@@YA?AW4__acrt_fp_class@@AEBN@Z 000000018001108c f i libucrt:cvt.obj
 0001:00010ac4       __acrt_fp_format           0000000180011ac4 f   libucrt:cvt.obj
 0001:00010d08       _fputwc_nolock             0000000180011d08 f   libucrt:fputwc.obj
 0001:00010e84       _fileno                    0000000180011e84 f   libucrt:fileno.obj
 0001:00010eac       _fputc_nolock              0000000180011eac f   libucrt:fputc.obj
 0001:00010ec4       _get_printf_count_output   0000000180011ec4 f   libucrt:printf_count_output.obj
 0001:00010edc       __acrt_stdio_begin_temporary_buffering_nolock 0000000180011edc f   libucrt:_sftbuf.obj
 0001:00010fac       __acrt_stdio_end_temporary_buffering_nolock 0000000180011fac f   libucrt:_sftbuf.obj
 0001:000111d0       __acrt_initialize_lowio    00000001800121d0 f   libucrt:ioinit.obj
 0001:0001120c       __acrt_uninitialize_lowio  000000018001220c f   libucrt:ioinit.obj
 0001:0001124c       __acrt_initialize_locks    000000018001224c f   libucrt:locks.obj
 0001:00011294       __acrt_lock                0000000180012294 f   libucrt:locks.obj
 0001:000112b0       __acrt_uninitialize_locks  00000001800122b0 f   libucrt:locks.obj
 0001:000112e8       __acrt_unlock              00000001800122e8 f   libucrt:locks.obj
 0001:000117e0       ?expand_if_necessary@?$argument_list@D@?A0xca0879c4@@AEAAHXZ 00000001800127e0 f i libucrt:argv_wildcards.obj
 0001:000118a8       __acrt_expand_narrow_argv_wildcards 00000001800128a8 f   libucrt:argv_wildcards.obj
 0001:000118b0       ??$?RV<lambda_99476a1ad63dd22509b5d3e65b0ffc95>@@AEAV<lambda_ad1ced32f4ac17aa236e5ef05d6b3b7c>@@V<lambda_f7424dd8d45958661754dc4f2697e9c3>@@@?$__crt_seh_guarded_call@X@@QEAAX$$QEAV<lambda_99476a1ad63dd22509b5d3e65b0ffc95>@@AEAV<lambda_ad1ced32f4ac17aa236e5ef05d6b3b7c>@@$$QEAV<lambda_f7424dd8d45958661754dc4f2697e9c3>@@@Z 00000001800128b0 f i libucrt:mbctype.obj
 0001:00011fac       __acrt_initialize_multibyte 0000000180012fac f   libucrt:mbctype.obj
 0001:00011fd4       __acrt_update_thread_multibyte_data 0000000180012fd4 f   libucrt:mbctype.obj
 0001:00012094       _setmbcp_nolock            0000000180013094 f   libucrt:mbctype.obj
 0001:000123b4       _ismbblead                 00000001800133b4 f   libucrt:ismbbyte.obj
 0001:000123c8       __acrt_initialize_command_line 00000001800133c8 f   libucrt:argv_data.obj
 0001:000123f0       __dcrt_get_narrow_environment_from_os 00000001800133f0 f   libucrt:get_environment_from_os.obj
 0001:000124f4       _recalloc                  00000001800134f4 f   libucrt:recalloc.obj
 0001:000124fc       _recalloc_base             00000001800134fc f   libucrt:recalloc.obj
 0001:00012594       __acrt_initialize_heap     0000000180013594 f   libucrt:heap_handle.obj
 0001:000125b0       __acrt_uninitialize_heap   00000001800135b0 f   libucrt:heap_handle.obj
 0001:000125bc       __acrt_execute_initializers 00000001800135bc f   libucrt:shared_initialization.obj
 0001:00012650       __acrt_execute_uninitializers 0000000180013650 f   libucrt:shared_initialization.obj
 0001:000126a0       __acrt_initialize_new_handler 00000001800136a0 f   libucrt:new_handler.obj
 0001:000126a8       _callnewh                  00000001800136a8 f   libucrt:new_handler.obj
 0001:000126e8       _query_new_handler         00000001800136e8 f   libucrt:new_handler.obj
 0001:0001271c       __acrt_has_user_matherr    000000018001371c f   libucrt:matherr.obj
 0001:0001273c       __acrt_initialize_user_matherr 000000018001373c f   libucrt:matherr.obj
 0001:00012744       __acrt_invoke_user_matherr 0000000180013744 f   libucrt:matherr.obj
 0001:0001278c       _query_new_mode            000000018001378c f   libucrt:new_mode.obj
 0001:00012794       iswctype                   0000000180013794 f   libucrt:iswctype.obj
 0001:00012804       _fcloseall                 0000000180013804 f   libucrt:closeall.obj
 0001:000128b8       __acrt_stdio_free_buffer_nolock 00000001800138b8 f   libucrt:_freebuf.obj
 0001:000128f8       ??$?RV<lambda_b521505b218e5242e90febf6bfebc422>@@AEAV<lambda_6978c1fb23f02e42e1d9e99668cc68aa>@@V<lambda_314360699dd331753a4119843814e9a7>@@@?$__crt_seh_guarded_call@H@@QEAAH$$QEAV<lambda_b521505b218e5242e90febf6bfebc422>@@AEAV<lambda_6978c1fb23f02e42e1d9e99668cc68aa>@@$$QEAV<lambda_314360699dd331753a4119843814e9a7>@@@Z 00000001800138f8 f i libucrt:commit.obj
 0001:00012984       _commit                    0000000180013984 f   libucrt:commit.obj
 0001:00012fb8       _write                     0000000180013fb8 f   libucrt:write.obj
 0001:000130a4       _write_nolock              00000001800140a4 f   libucrt:write.obj
 0001:00013450       __acrt_DownlevelLocaleNameToLCID 0000000180014450 f   libucrt:lcidtoname_downlevel.obj
 0001:00013484       _isleadbyte_l              0000000180014484 f i libucrt:_wctype.obj
 0001:000134c4       __acrt_GetStringTypeA      00000001800144c4 f   libucrt:getstringtypea.obj
 0001:00013678       __acrt_add_locale_ref      0000000180014678 f   libucrt:locale_refcounting.obj
 0001:00013704       __acrt_free_locale         0000000180014704 f   libucrt:locale_refcounting.obj
 0001:0001387c       __acrt_locale_add_lc_time_reference 000000018001487c f   libucrt:locale_refcounting.obj
 0001:000138a4       __acrt_locale_free_lc_time_if_unreferenced 00000001800148a4 f   libucrt:locale_refcounting.obj
 0001:000138dc       __acrt_locale_release_lc_time_reference 00000001800148dc f   libucrt:locale_refcounting.obj
 0001:00013904       __acrt_release_locale_ref  0000000180014904 f   libucrt:locale_refcounting.obj
 0001:000139ac       __acrt_update_thread_locale_data 00000001800149ac f   libucrt:locale_refcounting.obj
 0001:00013a1c       _updatetlocinfoEx_nolock   0000000180014a1c f   libucrt:locale_refcounting.obj
 0001:00013a84       __acrt_locale_free_monetary 0000000180014a84 f   libucrt:initmon.obj
 0001:00013b90       __acrt_locale_free_numeric 0000000180014b90 f   libucrt:initnum.obj
 0001:00013c54       __acrt_locale_free_time    0000000180014c54 f   libucrt:inittime.obj
 0001:000140b8       __acrt_LCMapStringA        00000001800150b8 f   libucrt:lcmapstringa.obj
 0001:00014150       __acrt_fp_strflt_to_string 0000000180015150 f   libucrt:_fptostr.obj
 0001:00014210       ?divide@__crt_strtox@@YA_KAEAUbig_integer@1@AEBU21@@Z 0000000180015210 f i libucrt:cfout.obj
 0001:000146e0       __acrt_fltout              00000001800156e0 f   libucrt:cfout.obj
 0001:00015ce4       __acrt_stdio_flush_and_write_narrow_nolock 0000000180016ce4 f   libucrt:_flsbuf.obj
 0001:00015dcc       __acrt_stdio_flush_and_write_wide_nolock 0000000180016dcc f   libucrt:_flsbuf.obj
 0001:00015eb8       _isatty                    0000000180016eb8 f   libucrt:isatty.obj
 0001:00015f18       __acrt_lowio_create_handle_array 0000000180016f18 f   libucrt:osfinfo.obj
 0001:00015fb0       __acrt_lowio_destroy_handle_array 0000000180016fb0 f   libucrt:osfinfo.obj
 0001:00016000       __acrt_lowio_ensure_fh_exists 0000000180017000 f   libucrt:osfinfo.obj
 0001:000160b8       __acrt_lowio_lock_fh       00000001800170b8 f   libucrt:osfinfo.obj
 0001:000160dc       __acrt_lowio_unlock_fh     00000001800170dc f   libucrt:osfinfo.obj
 0001:00016100       _free_osfhnd               0000000180017100 f   libucrt:osfinfo.obj
 0001:000161bc       _get_osfhandle             00000001800171bc f   libucrt:osfinfo.obj
 0001:00016310       qsort                      0000000180017310 f   libucrt:qsort.obj
 0001:00016644       strncpy_s                  0000000180017644 f   libucrt:strncpy_s.obj
 0001:00016718       strpbrk                    0000000180017718 f   libucrt:strpbrk.obj
 0001:000167b8       _mbsdec                    00000001800177b8 f   libucrt:mbsdec.obj
 0001:000167c0       _mbsdec_l                  00000001800177c0 f   libucrt:mbsdec.obj
 0001:00016870       _msize                     0000000180017870 f   libucrt:msize.obj
 0001:000168ac       _realloc_base              00000001800178ac f   libucrt:realloc_base.obj
 0001:00016930       _fclose_nolock             0000000180017930 f   libucrt:fclose.obj
 0001:000169b4       fclose                     00000001800179b4 f   libucrt:fclose.obj
 0001:00016bac       _lseeki64                  0000000180017bac f   libucrt:lseek.obj
 0001:00016bb4       _lseeki64_nolock           0000000180017bb4 f   libucrt:lseek.obj
 0001:00016bbc       _putwch_nolock             0000000180017bbc f   libucrt:putwch.obj
 0001:00016c18       __strncnt                  0000000180017c18 f   libucrt:strncnt.obj
 0001:00016c30       fegetenv                   0000000180017c30 f   libucrt:fegetenv.obj
 0001:00016c50       fesetenv                   0000000180017c50 f   libucrt:fesetenv.obj
 0001:00016c9c       feholdexcept               0000000180017c9c f   libucrt:feholdexcept.obj
 0001:00016cec       ceil                       0000000180017cec f   libucrt:ceil.obj
 0001:00016db0       log10                      0000000180017db0 f   libucrt:log10.obj
 0001:0001735c       __acrt_stdio_allocate_buffer_nolock 000000018001835c f   libucrt:_getbuf.obj
 0001:000173c0       ??$?RV<lambda_bfedae4ebbf01fab1bb6dcc6a9e276e0>@@AEAV<lambda_2fe9b910cf3cbf4a0ab98a02ba45b3ec>@@V<lambda_237c231691f317818eb88cc1d5d642d6>@@@?$__crt_seh_guarded_call@H@@QEAAH$$QEAV<lambda_bfedae4ebbf01fab1bb6dcc6a9e276e0>@@AEAV<lambda_2fe9b910cf3cbf4a0ab98a02ba45b3ec>@@$$QEAV<lambda_237c231691f317818eb88cc1d5d642d6>@@@Z 00000001800183c0 f i libucrt:close.obj
 0001:00017434       _close                     0000000180018434 f   libucrt:close.obj
 0001:000174d8       _close_nolock              00000001800184d8 f   libucrt:close.obj
 0001:00017594       ?__acrt_stdio_free_stream@@YAXV__crt_stdio_stream@@@Z 0000000180018594 f   libucrt:stream.obj
 0001:000175d8       __dcrt_lowio_initialize_console_output 00000001800185d8 f   libucrt:initcon.obj
 0001:00017614       __dcrt_terminate_console_output 0000000180018614 f   libucrt:initcon.obj
 0001:00017634       _getfpcontrolword          0000000180018634 f   libucrt:_fenvutils.obj
 0001:0001764c       _getfpstatusword           000000018001864c f   libucrt:_fenvutils.obj
 0001:00017660       _setfpcontrolword          0000000180018660 f   libucrt:_fenvutils.obj
 0001:0001766c       _setfpstatusword           000000018001866c f   libucrt:_fenvutils.obj
 0001:000176bc       _clearfp                   00000001800186bc f   libucrt:ieee.obj
 0001:00017710       _controlfp                 0000000180018710 f   libucrt:ieee.obj
 0001:0001771c       _statusfp                  000000018001871c f   libucrt:ieee.obj
 0001:00017b20       _handle_error              0000000180018b20 f   libucrt:libm_error.obj
 0001:00017c48       _handle_nan                0000000180018c48 f   libucrt:libm_error.obj
 0001:00017c70       __acrt_initialize_fma3     0000000180018c70 f   libucrt:fma3_available.obj
 0001:00017ce0       _log10_special             0000000180018ce0 f   libucrt:log_special.obj
 0001:00017db0       _get_fpsr                  0000000180018db0 f   libucrt:fpsr.obj
 0001:00017dc0       _set_fpsr                  0000000180018dc0 f   libucrt:fpsr.obj
 0001:00017dca       _fclrf                     0000000180018dca f   libucrt:fpsr.obj
 0001:00017dde       _frnd                      0000000180018dde f   libucrt:fpsr.obj
 0001:00017e00       _raise_exc                 0000000180018e00 f   libucrt:fpexcept.obj
 0001:00017e28       _raise_exc_ex              0000000180018e28 f   libucrt:fpexcept.obj
 0001:00018130       _set_errno_from_matherr    0000000180019130 f   libucrt:fpexcept.obj
 0001:00018160       _clrfp                     0000000180019160 f   libucrt:fpctrl.obj
 0001:00018180       _ctrlfp                    0000000180019180 f   libucrt:fpctrl.obj
 0001:000181fc       _set_statfp                00000001800191fc f   libucrt:fpctrl.obj
 0001:0001821c       _statfp                    000000018001921c f   libucrt:fpctrl.obj
 0001:0001822e       IsProcessorFeaturePresent  000000018001922e f   kernel32:KERNEL32.dll
 0001:00018234       RtlUnwindEx                0000000180019234 f   kernel32:KERNEL32.dll
 0001:0001823c       ?DloadAcquireSectionWriteAccess@@YAXXZ 000000018001923c f i DelayImp:delayhlp.obj
 0001:000182f8       ?DloadGetSRWLockFunctionPointers@@YAEXZ 00000001800192f8 f i DelayImp:delayhlp.obj
 0001:00018394       ?DloadMakePermanentImageCommit@@YAXPEAX_K@Z 0000000180019394 f i DelayImp:delayhlp.obj
 0001:0001842c       ?DloadObtainSection@@YAPEAXPEAK0@Z 000000018001942c f i DelayImp:delayhlp.obj
 0001:000184c4       ?DloadProtectSection@@YAXKPEAK@Z 00000001800194c4 f i DelayImp:delayhlp.obj
 0001:00018554       ?DloadReleaseSectionWriteAccess@@YAXXZ 0000000180019554 f i DelayImp:delayhlp.obj
 0001:000185f8       __delayLoadHelper2         00000001800195f8 f   DelayImp:delayhlp.obj
 0001:00018900       _FindPESection             0000000180019900 f   LIBCMT:pesect.obj
 0001:00018950       _IsNonwritableInCurrentImage 0000000180019950 f   LIBCMT:pesect.obj
 0001:000189a0       _ValidateImageBase         00000001800199a0 f   LIBCMT:pesect.obj
 0001:000189d0       __GSHandlerCheck           00000001800199d0 f   LIBCMT:_gshandler_.obj
 0001:000189f0       __GSHandlerCheckCommon     00000001800199f0 f   LIBCMT:_gshandler_.obj
 0001:00018a60       _alloca_probe              0000000180019a60 f   LIBCMT:_chkstk_.obj
 0001:00018a60       __chkstk                   0000000180019a60 f   LIBCMT:_chkstk_.obj
 0001:00018ad0       memcpy                     0000000180019ad0 f   libvcruntime:memcpy.obj
 0001:00018ad0       memmove                    0000000180019ad0 f   libvcruntime:memcpy.obj
 0001:00018f20       memcmp                     0000000180019f20 f   libvcruntime:memcmp.obj
 0001:00018fe8       strrchr                    0000000180019fe8 f   libvcruntime:strrchr.obj
 0001:00019128       floor                      000000018001a128 f   libucrt:floor.obj
 0001:000191f0       _guard_dispatch_icall_nop  000000018001a1f0 f   LIBCMT:_guard_dispatch_.obj
 0002:00000000       __imp_SelectObject         000000018001b000     gdi32:GDI32.dll
 0002:00000008       __imp_CreateDIBSection     000000018001b008     gdi32:GDI32.dll
 0002:00000010       __imp_CreateCompatibleDC   000000018001b010     gdi32:GDI32.dll
 0002:00000018       __imp_DeleteDC             000000018001b018     gdi32:GDI32.dll
 0002:00000020       __imp_DeleteObject         000000018001b020     gdi32:GDI32.dll
 0002:00000028       __imp_BitBlt               000000018001b028     gdi32:GDI32.dll
 0002:00000030       \177GDI32_NULL_THUNK_DATA  000000018001b030     gdi32:GDI32.dll
 0002:00000038       __imp_CreateFileW          000000018001b038     kernel32:KERNEL32.dll
 0002:00000040       __imp_SetFilePointerEx     000000018001b040     kernel32:KERNEL32.dll
 0002:00000048       __imp_RaiseException       000000018001b048     kernel32:KERNEL32.dll
 0002:00000050       __imp_HeapSize             000000018001b050     kernel32:KERNEL32.dll
 0002:00000058       __imp_SetStdHandle         000000018001b058     kernel32:KERNEL32.dll
 0002:00000060       __imp_GetConsoleMode       000000018001b060     kernel32:KERNEL32.dll
 0002:00000068       __imp_GetSystemInfo        000000018001b068     kernel32:KERNEL32.dll
 0002:00000070       __imp_VirtualProtect       000000018001b070     kernel32:KERNEL32.dll
 0002:00000078       __imp_VirtualQuery         000000018001b078     kernel32:KERNEL32.dll
 0002:00000080       __imp_GetModuleHandleA     000000018001b080     kernel32:KERNEL32.dll
 0002:00000088       __imp_HeapReAlloc          000000018001b088     kernel32:KERNEL32.dll
 0002:00000090       __imp_Sleep                000000018001b090     kernel32:KERNEL32.dll
 0002:00000098       __imp_RtlCaptureContext    000000018001b098     kernel32:KERNEL32.dll
 0002:000000a0       __imp_RtlLookupFunctionEntry 000000018001b0a0     kernel32:KERNEL32.dll
 0002:000000a8       __imp_RtlVirtualUnwind     000000018001b0a8     kernel32:KERNEL32.dll
 0002:000000b0       __imp_UnhandledExceptionFilter 000000018001b0b0     kernel32:KERNEL32.dll
 0002:000000b8       __imp_SetUnhandledExceptionFilter 000000018001b0b8     kernel32:KERNEL32.dll
 0002:000000c0       __imp_GetCurrentProcess    000000018001b0c0     kernel32:KERNEL32.dll
 0002:000000c8       __imp_TerminateProcess     000000018001b0c8     kernel32:KERNEL32.dll
 0002:000000d0       __imp_IsProcessorFeaturePresent 000000018001b0d0     kernel32:KERNEL32.dll
 0002:000000d8       __imp_QueryPerformanceCounter 000000018001b0d8     kernel32:KERNEL32.dll
 0002:000000e0       __imp_GetCurrentProcessId  000000018001b0e0     kernel32:KERNEL32.dll
 0002:000000e8       __imp_GetCurrentThreadId   000000018001b0e8     kernel32:KERNEL32.dll
 0002:000000f0       __imp_GetSystemTimeAsFileTime 000000018001b0f0     kernel32:KERNEL32.dll
 0002:000000f8       __imp_InitializeSListHead  000000018001b0f8     kernel32:KERNEL32.dll
 0002:00000100       __imp_IsDebuggerPresent    000000018001b100     kernel32:KERNEL32.dll
 0002:00000108       __imp_GetStartupInfoW      000000018001b108     kernel32:KERNEL32.dll
 0002:00000110       __imp_GetModuleHandleW     000000018001b110     kernel32:KERNEL32.dll
 0002:00000118       __imp_RtlUnwindEx          000000018001b118     kernel32:KERNEL32.dll
 0002:00000120       __imp_InterlockedFlushSList 000000018001b120     kernel32:KERNEL32.dll
 0002:00000128       __imp_GetLastError         000000018001b128     kernel32:KERNEL32.dll
 0002:00000130       __imp_SetLastError         000000018001b130     kernel32:KERNEL32.dll
 0002:00000138       __imp_EnterCriticalSection 000000018001b138     kernel32:KERNEL32.dll
 0002:00000140       __imp_LeaveCriticalSection 000000018001b140     kernel32:KERNEL32.dll
 0002:00000148       __imp_DeleteCriticalSection 000000018001b148     kernel32:KERNEL32.dll
 0002:00000150       __imp_InitializeCriticalSectionAndSpinCount 000000018001b150     kernel32:KERNEL32.dll
 0002:00000158       __imp_TlsAlloc             000000018001b158     kernel32:KERNEL32.dll
 0002:00000160       __imp_TlsGetValue          000000018001b160     kernel32:KERNEL32.dll
 0002:00000168       __imp_TlsSetValue          000000018001b168     kernel32:KERNEL32.dll
 0002:00000170       __imp_TlsFree              000000018001b170     kernel32:KERNEL32.dll
 0002:00000178       __imp_FreeLibrary          000000018001b178     kernel32:KERNEL32.dll
 0002:00000180       __imp_GetProcAddress       000000018001b180     kernel32:KERNEL32.dll
 0002:00000188       __imp_LoadLibraryExW       000000018001b188     kernel32:KERNEL32.dll
 0002:00000190       __imp_GetStdHandle         000000018001b190     kernel32:KERNEL32.dll
 0002:00000198       __imp_GetFileType          000000018001b198     kernel32:KERNEL32.dll
 0002:000001a0       __imp_GetModuleFileNameA   000000018001b1a0     kernel32:KERNEL32.dll
 0002:000001a8       __imp_GetModuleFileNameW   000000018001b1a8     kernel32:KERNEL32.dll
 0002:000001b0       __imp_GetModuleHandleExW   000000018001b1b0     kernel32:KERNEL32.dll
 0002:000001b8       __imp_WriteConsoleW        000000018001b1b8     kernel32:KERNEL32.dll
 0002:000001c0       __imp_QueryPerformanceFrequency 000000018001b1c0     kernel32:KERNEL32.dll
 0002:000001c8       __imp_ExitProcess          000000018001b1c8     kernel32:KERNEL32.dll
 0002:000001d0       __imp_MultiByteToWideChar  000000018001b1d0     kernel32:KERNEL32.dll
 0002:000001d8       __imp_WideCharToMultiByte  000000018001b1d8     kernel32:KERNEL32.dll
 0002:000001e0       __imp_HeapFree             000000018001b1e0     kernel32:KERNEL32.dll
 0002:000001e8       __imp_HeapAlloc            000000018001b1e8     kernel32:KERNEL32.dll
 0002:000001f0       __imp_WriteFile            000000018001b1f0     kernel32:KERNEL32.dll
 0002:000001f8       __imp_OutputDebugStringW   000000018001b1f8     kernel32:KERNEL32.dll
 0002:00000200       __imp_CloseHandle          000000018001b200     kernel32:KERNEL32.dll
 0002:00000208       __imp_WaitForSingleObjectEx 000000018001b208     kernel32:KERNEL32.dll
 0002:00000210       __imp_CreateThread         000000018001b210     kernel32:KERNEL32.dll
 0002:00000218       __imp_LCMapStringW         000000018001b218     kernel32:KERNEL32.dll
 0002:00000220       __imp_GetACP               000000018001b220     kernel32:KERNEL32.dll
 0002:00000228       __imp_FindClose            000000018001b228     kernel32:KERNEL32.dll
 0002:00000230       __imp_FindFirstFileExA     000000018001b230     kernel32:KERNEL32.dll
 0002:00000238       __imp_FindNextFileA        000000018001b238     kernel32:KERNEL32.dll
 0002:00000240       __imp_IsValidCodePage      000000018001b240     kernel32:KERNEL32.dll
 0002:00000248       __imp_GetOEMCP             000000018001b248     kernel32:KERNEL32.dll
 0002:00000250       __imp_GetCPInfo            000000018001b250     kernel32:KERNEL32.dll
 0002:00000258       __imp_GetCommandLineA      000000018001b258     kernel32:KERNEL32.dll
 0002:00000260       __imp_GetCommandLineW      000000018001b260     kernel32:KERNEL32.dll
 0002:00000268       __imp_GetEnvironmentStringsW 000000018001b268     kernel32:KERNEL32.dll
 0002:00000270       __imp_FreeEnvironmentStringsW 000000018001b270     kernel32:KERNEL32.dll
 0002:00000278       __imp_GetProcessHeap       000000018001b278     kernel32:KERNEL32.dll
 0002:00000280       __imp_GetStringTypeW       000000018001b280     kernel32:KERNEL32.dll
 0002:00000288       __imp_FlushFileBuffers     000000018001b288     kernel32:KERNEL32.dll
 0002:00000290       __imp_GetConsoleCP         000000018001b290     kernel32:KERNEL32.dll
 0002:00000298       __imp_LoadLibraryExA       000000018001b298     kernel32:KERNEL32.dll
 0002:000002a0       \177KERNEL32_NULL_THUNK_DATA 000000018001b2a0     kernel32:KERNEL32.dll
 0002:000002a8       __imp_GetDC                000000018001b2a8     user32:USER32.dll
 0002:000002b0       __imp_ReleaseDC            000000018001b2b0     user32:USER32.dll
 0002:000002b8       __imp_VkKeyScanA           000000018001b2b8     user32:USER32.dll
 0002:000002c0       __imp_keybd_event          000000018001b2c0     user32:USER32.dll
 0002:000002c8       __imp_MapVirtualKeyA       000000018001b2c8     user32:USER32.dll
 0002:000002d0       __imp_GetSystemMetrics     000000018001b2d0     user32:USER32.dll
 0002:000002d8       __imp_mouse_event          000000018001b2d8     user32:USER32.dll
 0002:000002e0       __imp_GetCursorPos         000000018001b2e0     user32:USER32.dll
 0002:000002e8       __imp_SendInput            000000018001b2e8     user32:USER32.dll
 0002:000002f0       \177USER32_NULL_THUNK_DATA 000000018001b2f0     user32:USER32.dll
 0002:000002f8       __guard_check_icall_fptr   000000018001b2f8     LIBCMT:guard_support.obj
 0002:00000300       __guard_dispatch_icall_fptr 000000018001b300     LIBCMT:guard_support.obj
 0002:00000308       __xc_a                     000000018001b308     LIBCMT:initializers.obj
 0002:00000310       _register_robotjs_         000000018001b310     robotjs.obj
 0002:00000318       __xc_z                     000000018001b318     LIBCMT:initializers.obj
 0002:00000320       __xi_a                     000000018001b320     LIBCMT:initializers.obj
 0002:00000328       __acrt_clock_initializer   000000018001b328     libucrt:clock_initializer.obj
 0002:00000330       __acrt_stdio_initializer   000000018001b330     libucrt:stdio_initializer.obj
 0002:00000338       __acrt_multibyte_initializer 000000018001b338     libucrt:multibyte_initializer.obj
 0002:00000340       __acrt_tran_fma3_initializer 000000018001b340     libucrt:fma3_initializer.obj
 0002:00000348       __xi_z                     000000018001b348     LIBCMT:initializers.obj
 0002:00000350       __xp_a                     000000018001b350     LIBCMT:initializers.obj
 0002:00000358       __acrt_locale_terminator   000000018001b358     libucrt:locale_initializer.obj
 0002:00000360       __dcrt_console_output_terminator 000000018001b360     libucrt:console_output_initializer.obj
 0002:00000368       __acrt_stdio_terminator    000000018001b368     libucrt:stdio_initializer.obj
 0002:00000370       __xp_z                     000000018001b370     LIBCMT:initializers.obj
 0002:00000378       __xt_a                     000000018001b378     LIBCMT:initializers.obj
 0002:00000380       __xt_z                     000000018001b380     LIBCMT:initializers.obj
 0002:00000390       __sz_node_exe              000000018001b390     node:node.exe
 0002:000003b0       _pDefaultRawDllMain        000000018001b3b0     LIBCMT:dll_dllmain.obj
 0002:000003b0       _pRawDllMain               000000018001b3b0     LIBCMT:dll_dllmain.obj
 0002:000003d8       ??_C@_1BC@DNHGCMLG@?$AAa?$AAd?$AAv?$AAa?$AAp?$AAi?$AA3?$AA2?$AA?$AA@ 000000018001b3d8     libvcruntime:winapi_downlevel.obj
 0002:000003f0       ??_C@_1DM@KHCHBNEB@?$AAa?$AAp?$AAi?$AA?9?$AAm?$AAs?$AA?9?$AAw?$AAi?$AAn?$AA?9?$AAc?$AAo?$AAr?$AAe?$AA?9?$AAf?$AAi?$AAb?$AAe?$AAr?$AAs?$AA?9?$AAl?$AA1?$AA?9?$AA1?$AA?9?$AA1?$AA?$AA@ 000000018001b3f0     libvcruntime:winapi_downlevel.obj
 0002:00000430       ??_C@_1DK@LPPGFMPP@?$AAa?$AAp?$AAi?$AA?9?$AAm?$AAs?$AA?9?$AAw?$AAi?$AAn?$AA?9?$AAc?$AAo?$AAr?$AAe?$AA?9?$AAs?$AAy?$AAn?$AAc?$AAh?$AA?9?$AAl?$AA1?$AA?9?$AA2?$AA?9?$AA0?$AA?$AA@ 000000018001b430     libvcruntime:winapi_downlevel.obj
 0002:00000470       ??_C@_1BC@GDMECMAK@?$AAk?$AAe?$AAr?$AAn?$AAe?$AAl?$AA3?$AA2?$AA?$AA@ 000000018001b470     libvcruntime:winapi_downlevel.obj
 0002:00000490       ??_C@_08KNHFBNJ@FlsAlloc?$AA@ 000000018001b490     libvcruntime:winapi_downlevel.obj
 0002:000004a8       ??_C@_07PEJMOBNF@FlsFree?$AA@ 000000018001b4a8     libvcruntime:winapi_downlevel.obj
 0002:000004b8       ??_C@_0M@GDNOONDI@FlsGetValue?$AA@ 000000018001b4b8     libvcruntime:winapi_downlevel.obj
 0002:000004d0       ??_C@_0M@JCPCPOEF@FlsSetValue?$AA@ 000000018001b4d0     libvcruntime:winapi_downlevel.obj
 0002:000004e8       ??_C@_0BM@HCFOFFN@InitializeCriticalSectionEx?$AA@ 000000018001b4e8     libvcruntime:winapi_downlevel.obj
 0002:00000830       ??_C@_08EHJDFFNH@__based?$CI?$AA@ 000000018001b830     libvcruntime:undname.obj
 0002:00000840       ??_C@_07KOLFKCDI@__cdecl?$AA@ 000000018001b840     libvcruntime:undname.obj
 0002:00000848       ??_C@_08GHMPAG@__pascal?$AA@ 000000018001b848     libvcruntime:undname.obj
 0002:00000858       ??_C@_09IFJBGAPI@__stdcall?$AA@ 000000018001b858     libvcruntime:undname.obj
 0002:00000868       ??_C@_0L@NPHFGOKO@__thiscall?$AA@ 000000018001b868     libvcruntime:undname.obj
 0002:00000878       ??_C@_0L@JMKHOMEK@__fastcall?$AA@ 000000018001b878     libvcruntime:undname.obj
 0002:00000888       ??_C@_0N@BCKKPABJ@__vectorcall?$AA@ 000000018001b888     libvcruntime:undname.obj
 0002:00000898       ??_C@_09HIJEGCPM@__clrcall?$AA@ 000000018001b898     libvcruntime:undname.obj
 0002:000008a4       ??_C@_06GHPCKEAG@__eabi?$AA@ 000000018001b8a4     libvcruntime:undname.obj
 0002:000008b0       ??_C@_07JOMMBBKO@__ptr64?$AA@ 000000018001b8b0     libvcruntime:undname.obj
 0002:000008b8       ??_C@_0L@PILCLIHE@__restrict?$AA@ 000000018001b8b8     libvcruntime:undname.obj
 0002:000008c8       ??_C@_0M@GFIIJFMG@__unaligned?$AA@ 000000018001b8c8     libvcruntime:undname.obj
 0002:000008d8       ??_C@_09DHDLOLLB@restrict?$CI?$AA@ 000000018001b8d8     libvcruntime:undname.obj
 0002:000008e4       ??_C@_04NIHEBCM@?5new?$AA@ 000000018001b8e4     libvcruntime:undname.obj
 0002:000008f0       ??_C@_07FPCDHGMM@?5delete?$AA@ 000000018001b8f0     libvcruntime:undname.obj
 0002:000008f8       ??_C@_01NEMOKFLO@?$DN?$AA@ 000000018001b8f8     libvcruntime:undname.obj
 0002:000008fc       ??_C@_02GPIOPFAK@?$DO?$DO?$AA@ 000000018001b8fc     libvcruntime:undname.obj
 0002:00000900       ??_C@_02FODMEDOG@?$DM?$DM?$AA@ 000000018001b900     libvcruntime:undname.obj
 0002:00000904       ??_C@_01DCLJPIOD@?$CB?$AA@ 000000018001b904     libvcruntime:undname.obj
 0002:00000908       ??_C@_02EGOFBIJA@?$DN?$DN?$AA@ 000000018001b908     libvcruntime:undname.obj
 0002:0000090c       ??_C@_02FDNJECIE@?$CB?$DN?$AA@ 000000018001b90c     libvcruntime:undname.obj
 0002:00000910       ??_C@_02GPECMEKF@?$FL?$FN?$AA@ 000000018001b910     libvcruntime:undname.obj
 0002:00000918       ??_C@_08LHJFAFGD@operator?$AA@ 000000018001b918     libvcruntime:undname.obj
 0002:00000924       ??_C@_02HBOOOICD@?9?$DO?$AA@ 000000018001b924     libvcruntime:undname.obj
 0002:00000928       ??_C@_01NBENCBCI@?$CK?$AA@ 000000018001b928     libvcruntime:undname.obj
 0002:0000092c       ??_C@_02ECNGHCIF@?$CL?$CL?$AA@ 000000018001b92c     libvcruntime:undname.obj
 0002:00000930       ??_C@_02BAABKJLB@?9?9?$AA@ 000000018001b930     libvcruntime:undname.obj
 0002:00000934       ??_C@_01JOAMLHOP@?9?$AA@   000000018001b934     libvcruntime:undname.obj
 0002:00000938       ??_C@_01MIFGBAGJ@?$CL?$AA@ 000000018001b938     libvcruntime:undname.obj
 0002:0000093c       ??_C@_01HNPIGOCE@?$CG?$AA@ 000000018001b93c     libvcruntime:undname.obj
 0002:00000940       ??_C@_03MNHNFDLC@?9?$DO?$CK?$AA@ 000000018001b940     libvcruntime:undname.obj
 0002:00000944       ??_C@_01KMDKNFGN@?1?$AA@   000000018001b944     libvcruntime:undname.obj
 0002:00000948       ??_C@_01FGNFDNOH@?$CF?$AA@ 000000018001b948     libvcruntime:undname.obj
 0002:0000094c       ??_C@_01MNNFJEPP@?$DM?$AA@ 000000018001b94c     libvcruntime:undname.obj
 0002:00000950       ??_C@_02EHCHHCKH@?$DM?$DN?$AA@ 000000018001b950     libvcruntime:undname.obj
 0002:00000954       ??_C@_01PPODPGHN@?$DO?$AA@ 000000018001b954     libvcruntime:undname.obj
 0002:00000958       ??_C@_02EEKDKGMJ@?$DO?$DN?$AA@ 000000018001b958     libvcruntime:undname.obj
 0002:0000095c       ??_C@_01IHBHIGKO@?0?$AA@   000000018001b95c     libvcruntime:undname.obj
 0002:00000960       ??_C@_02HCKGKOFO@?$CI?$CJ?$AA@ 000000018001b960     libvcruntime:undname.obj
 0002:00000964       ??_C@_01PJKLJHI@?$HO?$AA@  000000018001b964     libvcruntime:undname.obj
 0002:00000968       ??_C@_01JKBOJNNK@?$FO?$AA@ 000000018001b968     libvcruntime:undname.obj
 0002:0000096c       ??_C@_01DNKMNLPK@?$HM?$AA@ 000000018001b96c     libvcruntime:undname.obj
 0002:00000970       ??_C@_02PPKAJPJL@?$CG?$CG?$AA@ 000000018001b970     libvcruntime:undname.obj
 0002:00000974       ??_C@_02NONPIBCD@?$HM?$HM?$AA@ 000000018001b974     libvcruntime:undname.obj
 0002:00000978       ??_C@_02FPIMKNGF@?$CK?$DN?$AA@ 000000018001b978     libvcruntime:undname.obj
 0002:0000097c       ??_C@_02FOEOMHFC@?$CL?$DN?$AA@ 000000018001b97c     libvcruntime:undname.obj
 0002:00000980       ??_C@_02FKMDLLOA@?9?$DN?$AA@ 000000018001b980     libvcruntime:undname.obj
 0002:00000984       ??_C@_02FJEHGPIO@?1?$DN?$AA@ 000000018001b984     libvcruntime:undname.obj
 0002:00000988       ??_C@_02FENAOKFI@?$CF?$DN?$AA@ 000000018001b988     libvcruntime:undname.obj
 0002:0000098c       ??_C@_03IKFCCPFF@?$DO?$DO?$DN?$AA@ 000000018001b98c     libvcruntime:undname.obj
 0002:00000990       ??_C@_03CDNPDDLA@?$DM?$DM?$DN?$AA@ 000000018001b990     libvcruntime:undname.obj
 0002:00000994       ??_C@_02FGJGFEAB@?$CG?$DN?$AA@ 000000018001b994     libvcruntime:undname.obj
 0002:00000998       ??_C@_02DHLNPPGH@?$HM?$DN?$AA@ 000000018001b998     libvcruntime:undname.obj
 0002:0000099c       ??_C@_02MHEGNOJ@?$FO?$DN?$AA@ 000000018001b99c     libvcruntime:undname.obj
 0002:000009a0       ??_C@_09IFPLHPGF@?$GAvftable?8?$AA@ 000000018001b9a0     libvcruntime:undname.obj
 0002:000009b0       ??_C@_09BLBHBJP@?$GAvbtable?8?$AA@ 000000018001b9b0     libvcruntime:undname.obj
 0002:000009c0       ??_C@_07FEEIOKP@?$GAvcall?8?$AA@ 000000018001b9c0     libvcruntime:undname.obj
 0002:000009c8       ??_C@_08LLFFHHDJ@?$GAtypeof?8?$AA@ 000000018001b9c8     libvcruntime:undname.obj
 0002:000009d8       ??_C@_0BF@KDPPACIK@?$GAlocal?5static?5guard?8?$AA@ 000000018001b9d8     libvcruntime:undname.obj
 0002:000009f0       ??_C@_08OBABFOLI@?$GAstring?8?$AA@ 000000018001b9f0     libvcruntime:undname.obj
 0002:00000a00       ??_C@_0BD@JDLKDPAB@?$GAvbase?5destructor?8?$AA@ 000000018001ba00     libvcruntime:undname.obj
[...]
 0004:00001008       $pdata$_callnewh           000000018002b008     libucrt:new_handler.obj
 0004:00001014       $pdata$_query_new_handler  000000018002b014     libucrt:new_handler.obj
 0004:00001020       $pdata$__acrt_invoke_user_matherr 000000018002b020     libucrt:matherr.obj
 0004:0000102c       $pdata$iswctype            000000018002b02c     libucrt:iswctype.obj
 0004:00001038       $pdata$_fcloseall          000000018002b038     libucrt:closeall.obj
 0004:00001044       $pdata$__acrt_stdio_free_buffer_nolock 000000018002b044     libucrt:_freebuf.obj
 0004:00001050       $pdata$??$?RV<lambda_b521505b218e5242e90febf6bfebc422>@@AEAV<lambda_6978c1fb23f02e42e1d9e99668cc68aa>@@V<lambda_314360699dd331753a4119843814e9a7>@@@?$__crt_seh_guarded_call@H@@QEAAH$$QEAV<lambda_b521505b218e5242e90febf6bfebc422>@@AEAV<lambda_6978c1fb23f02e42e1d9e99668cc68aa>@@$$QEAV<lambda_314360699dd331753a4119843814e9a7>@@@Z 000000018002b050     libucrt:commit.obj
 0004:0000105c       $pdata$_commit             000000018002b05c     libucrt:commit.obj
 0004:00001068       $pdata$?write_double_translated_ansi_nolock@@YA?AUwrite_result@?A0x9c548279@@HQEBDI@Z 000000018002b068     libucrt:write.obj
 0004:00001074       $pdata$?write_text_ansi_nolock@@YA?AUwrite_result@?A0x9c548279@@HQEBDI@Z 000000018002b074     libucrt:write.obj
 0004:00001080       $pdata$?write_text_utf16le_nolock@@YA?AUwrite_result@?A0x9c548279@@HQEBDI@Z 000000018002b080     libucrt:write.obj
 0004:0000108c       $pdata$?write_text_utf8_nolock@@YA?AUwrite_result@?A0x9c548279@@HQEBDI@Z 000000018002b08c     libucrt:write.obj
 0004:00001098       $pdata$_write              000000018002b098     libucrt:write.obj
 0004:000010a4       $pdata$_write_nolock       000000018002b0a4     libucrt:write.obj
 0004:000010b0       $pdata$?GetTableIndexFromLocaleName@@YAHPEB_W@Z 000000018002b0b0     libucrt:lcidtoname_downlevel.obj
 0004:000010bc       $pdata$__acrt_DownlevelLocaleNameToLCID 000000018002b0bc     libucrt:lcidtoname_downlevel.obj
 0004:000010c8       $pdata$_isleadbyte_l       000000018002b0c8     libucrt:_wctype.obj
 0004:000010d4       $pdata$__acrt_GetStringTypeA 000000018002b0d4     libucrt:getstringtypea.obj
 0004:000010e0       $pdata$__acrt_free_locale  000000018002b0e0     libucrt:locale_refcounting.obj
 0004:000010ec       $pdata$__acrt_locale_free_lc_time_if_unreferenced 000000018002b0ec     libucrt:locale_refcounting.obj
 0004:000010f8       $pdata$__acrt_release_locale_ref 000000018002b0f8     libucrt:locale_refcounting.obj
 0004:00001104       $pdata$__acrt_update_thread_locale_data 000000018002b104     libucrt:locale_refcounting.obj
 0004:00001110       $pdata$_updatetlocinfoEx_nolock 000000018002b110     libucrt:locale_refcounting.obj
 0004:0000111c       $pdata$__acrt_locale_free_monetary 000000018002b11c     libucrt:initmon.obj
 0004:00001128       $pdata$__acrt_locale_free_numeric 000000018002b128     libucrt:initnum.obj
 0004:00001134       $pdata$?free_crt_array_internal@@YAXQEAPEBX_K@Z 000000018002b134     libucrt:inittime.obj
 0004:00001140       $pdata$__acrt_locale_free_time 000000018002b140     libucrt:inittime.obj
 0004:0000114c       $pdata$?__acrt_LCMapStringA_stat@@YAHPEAU__crt_locale_pointers@@PEB_WKPEBDHPEADHHH@Z 000000018002b14c     libucrt:lcmapstringa.obj
 0004:00001158       $pdata$__acrt_LCMapStringA 000000018002b158     libucrt:lcmapstringa.obj
 0004:00001164       $pdata$__acrt_fp_strflt_to_string 000000018002b164     libucrt:_fptostr.obj
 0004:00001170       $pdata$?divide@__crt_strtox@@YA_KAEAUbig_integer@1@AEBU21@@Z 000000018002b170     libucrt:cfout.obj
 0004:0000117c       $pdata$5$?divide@__crt_strtox@@YA_KAEAUbig_integer@1@AEBU21@@Z 000000018002b17c     libucrt:cfout.obj
 0004:00001188       $pdata$6$?divide@__crt_strtox@@YA_KAEAUbig_integer@1@AEBU21@@Z 000000018002b188     libucrt:cfout.obj
 0004:00001194       $pdata$__acrt_fltout       000000018002b194     libucrt:cfout.obj
 0004:000011a0       $pdata$memcpy_s            000000018002b1a0     libucrt:cfout.obj
 0004:000011ac       $pdata$??$write_buffer_nolock@D@@YA_NDV__crt_stdio_stream@@@Z 000000018002b1ac     libucrt:_flsbuf.obj
 0004:000011b8       $pdata$??$write_buffer_nolock@_W@@YA_N_WV__crt_stdio_stream@@@Z 000000018002b1b8     libucrt:_flsbuf.obj
 0004:000011c4       $pdata$__acrt_stdio_flush_and_write_narrow_nolock 000000018002b1c4     libucrt:_flsbuf.obj
 0004:000011d0       $pdata$__acrt_stdio_flush_and_write_wide_nolock 000000018002b1d0     libucrt:_flsbuf.obj
 0004:000011dc       $pdata$_isatty             000000018002b1dc     libucrt:isatty.obj
 0004:000011e8       $pdata$__acrt_lowio_create_handle_array 000000018002b1e8     libucrt:osfinfo.obj
 0004:000011f4       $pdata$__acrt_lowio_destroy_handle_array 000000018002b1f4     libucrt:osfinfo.obj
 0004:00001200       $pdata$__acrt_lowio_ensure_fh_exists 000000018002b200     libucrt:osfinfo.obj
 0004:0000120c       $pdata$_free_osfhnd        000000018002b20c     libucrt:osfinfo.obj
 0004:00001218       $pdata$_get_osfhandle      000000018002b218     libucrt:osfinfo.obj
 0004:00001224       $pdata$?shortsort@@YAXPEAD0_KP6AHPEBX2@Z@Z 000000018002b224     libucrt:qsort.obj
 0004:00001230       $pdata$2$?shortsort@@YAXPEAD0_KP6AHPEBX2@Z@Z 000000018002b230     libucrt:qsort.obj
 0004:0000123c       $pdata$3$?shortsort@@YAXPEAD0_KP6AHPEBX2@Z@Z 000000018002b23c     libucrt:qsort.obj
 0004:00001248       $pdata$qsort               000000018002b248     libucrt:qsort.obj
 0004:00001254       $pdata$4$qsort             000000018002b254     libucrt:qsort.obj
 0004:00001260       $pdata$5$qsort             000000018002b260     libucrt:qsort.obj
 0004:0000126c       $pdata$strncpy_s           000000018002b26c     libucrt:strncpy_s.obj
 0004:00001278       $pdata$strpbrk             000000018002b278     libucrt:strpbrk.obj
 0004:00001284       $pdata$_mbsdec_l           000000018002b284     libucrt:mbsdec.obj
 0004:00001290       $pdata$?initialize_multibyte@@YAHXZ 000000018002b290     libucrt:multibyte_initializer.obj
 0004:0000129c       $pdata$_msize              000000018002b29c     libucrt:msize.obj
 0004:000012a8       $pdata$_realloc_base       000000018002b2a8     libucrt:realloc_base.obj
 0004:000012b4       $pdata$_fclose_nolock      000000018002b2b4     libucrt:fclose.obj
 0004:000012c0       $pdata$fclose              000000018002b2c0     libucrt:fclose.obj
 0004:000012cc       $pdata$??$common_lseek@_J@@YA_JH_JH@Z 000000018002b2cc     libucrt:lseek.obj
 0004:000012d8       $pdata$??$common_lseek_nolock@_J@@YA_JH_JH@Z 000000018002b2d8     libucrt:lseek.obj
 0004:000012e4       $pdata$_putwch_nolock      000000018002b2e4     libucrt:putwch.obj
 0004:000012f0       $pdata$fegetenv            000000018002b2f0     libucrt:fegetenv.obj
 0004:000012fc       $pdata$fesetenv            000000018002b2fc     libucrt:fesetenv.obj
 0004:00001308       $pdata$feholdexcept        000000018002b308     libucrt:feholdexcept.obj
 0004:00001320       $pdata$__acrt_stdio_allocate_buffer_nolock 000000018002b320     libucrt:_getbuf.obj
 0004:0000132c       $pdata$??$?RV<lambda_bfedae4ebbf01fab1bb6dcc6a9e276e0>@@AEAV<lambda_2fe9b910cf3cbf4a0ab98a02ba45b3ec>@@V<lambda_237c231691f317818eb88cc1d5d642d6>@@@?$__crt_seh_guarded_call@H@@QEAAH$$QEAV<lambda_bfedae4ebbf01fab1bb6dcc6a9e276e0>@@AEAV<lambda_2fe9b910cf3cbf4a0ab98a02ba45b3ec>@@$$QEAV<lambda_237c231691f317818eb88cc1d5d642d6>@@@Z 000000018002b32c     libucrt:close.obj
 0004:00001338       $pdata$_close              000000018002b338     libucrt:close.obj
 0004:00001344       $pdata$_close_nolock       000000018002b344     libucrt:close.obj
 0004:00001350       $pdata$__dcrt_lowio_initialize_console_output 000000018002b350     libucrt:initcon.obj
 0004:0000135c       $pdata$__dcrt_terminate_console_output 000000018002b35c     libucrt:initcon.obj
 0004:00001368       $pdata$_getfpcontrolword   000000018002b368     libucrt:_fenvutils.obj
 0004:00001374       $pdata$_getfpstatusword    000000018002b374     libucrt:_fenvutils.obj
 0004:00001380       $pdata$_setfpstatusword    000000018002b380     libucrt:_fenvutils.obj
 0004:0000138c       $pdata$_clearfp            000000018002b38c     libucrt:ieee.obj
 0004:00001398       $pdata$common_control87    000000018002b398     libucrt:ieee.obj
 0004:000013a4       $pdata$_call_matherr       000000018002b3a4     libucrt:libm_error.obj
 0004:000013b0       $pdata$_exception_enabled  000000018002b3b0     libucrt:libm_error.obj
 0004:000013bc       $pdata$_handle_error       000000018002b3bc     libucrt:libm_error.obj
 0004:000013c8       $pdata$__acrt_initialize_fma3 000000018002b3c8     libucrt:fma3_available.obj
 0004:000013d4       $pdata$_log10_special      000000018002b3d4     libucrt:log_special.obj
 0004:000013e0       $pdata$_log_special_common 000000018002b3e0     libucrt:log_special.obj
 0004:000013f8       $pdata$_raise_exc          000000018002b3f8     libucrt:fpexcept.obj
 0004:00001404       $pdata$_raise_exc_ex       000000018002b404     libucrt:fpexcept.obj
 0004:00001410       $pdata$_set_errno_from_matherr 000000018002b410     libucrt:fpexcept.obj
 0004:0000141c       $pdata$_clrfp              000000018002b41c     libucrt:fpctrl.obj
 0004:00001428       $pdata$_ctrlfp             000000018002b428     libucrt:fpctrl.obj
 0004:00001434       $pdata$_set_statfp         000000018002b434     libucrt:fpctrl.obj
 0004:00001440       $pdata$_statfp             000000018002b440     libucrt:fpctrl.obj
 0004:0000144c       $pdata$?DloadAcquireSectionWriteAccess@@YAXXZ 000000018002b44c     DelayImp:delayhlp.obj
 0004:00001458       $pdata$?DloadGetSRWLockFunctionPointers@@YAEXZ 000000018002b458     DelayImp:delayhlp.obj
 0004:00001464       $pdata$?DloadMakePermanentImageCommit@@YAXPEAX_K@Z 000000018002b464     DelayImp:delayhlp.obj
 0004:00001470       $pdata$?DloadObtainSection@@YAPEAXPEAK0@Z 000000018002b470     DelayImp:delayhlp.obj
 0004:0000147c       $pdata$?DloadProtectSection@@YAXKPEAK@Z 000000018002b47c     DelayImp:delayhlp.obj
 0004:00001488       $pdata$?DloadReleaseSectionWriteAccess@@YAXXZ 000000018002b488     DelayImp:delayhlp.obj
 0004:00001494       $pdata$__delayLoadHelper2  000000018002b494     DelayImp:delayhlp.obj
 0004:000014a0       $pdata$_IsNonwritableInCurrentImage 000000018002b4a0     LIBCMT:pesect.obj
 0004:000014ac       $pdata$__GSHandlerCheck    000000018002b4ac     LIBCMT:_gshandler_.obj
 0004:000014b8       $pdata$__GSHandlerCheckCommon 000000018002b4b8     LIBCMT:_gshandler_.obj
 0004:000014e8       $pdata$strrchr             000000018002b4e8     libvcruntime:strrchr.obj
 0004:00001500       $pdata$?fin$0@?0??dllmain_crt_process_attach@@YAHQEAUHINSTANCE__@@QEAX@Z@4HA 000000018002b500     LIBCMT:dll_dllmain.obj
 0004:0000150c       $pdata$?fin$0@?0??dllmain_crt_process_detach@@YAH_N@Z@4HA 000000018002b50c     LIBCMT:dll_dllmain.obj
 0004:00001518       $pdata$?filt$0@?0??dllmain_dispatch@@YAHQEAUHINSTANCE__@@KQEAX@Z@4HA 000000018002b518     LIBCMT:dll_dllmain.obj
 0004:00001524       $pdata$__scrt_is_nonwritable_in_current_image$filt$0 000000018002b524     LIBCMT:utility.obj
 0004:00001530       $pdata$?fin$0@?0???$?RV<lambda_7b91131dde12e1c3dfc74ff76b3f2eac>@@AEAV<lambda_dd75445284c072d0bd3768540cc698fa>@@V<lambda_16bc4ecb55b4718497c16bceaea2ceaf>@@@?$__crt_seh_guarded_call@H@@QEAAH$$QEAV<lambda_7b91131dde12e1c3dfc74ff76b3f2eac>@@AEAV<lambda_dd75445284c072d0bd3768540cc698fa>@@$$QEAV<lambda_16bc4ecb55b4718497c16bceaea2ceaf>@@@Z@4HA 000000018002b530     libucrt:output.obj
 0004:00001530       $pdata$?fin$0@?0???$?RV<lambda_7a5ef57ff966f610505f1d28a3d40618>@@AEAV<lambda_b721fa326cdb32351d23dfa67958c160>@@V<lambda_5e0fb27672408a07956fe59e48ccb2aa>@@@?$__crt_seh_guarded_call@H@@QEAAH$$QEAV<lambda_7a5ef57ff966f610505f1d28a3d40618>@@AEAV<lambda_b721fa326cdb32351d23dfa67958c160>@@$$QEAV<lambda_5e0fb27672408a07956fe59e48ccb2aa>@@@Z@4HA 000000018002b530     libucrt:setvbuf.obj
 0004:0000153c       $pdata$?filt$0@?0??common_exit@@YAXHW4_crt_exit_cleanup_mode@@W4_crt_exit_return_mode@@@Z@4HA 000000018002b53c     libucrt:exit.obj
 0004:00001548       $pdata$?fin$1@?0??common_exit@@YAXHW4_crt_exit_cleanup_mode@@W4_crt_exit_return_mode@@@Z@4HA 000000018002b548     libucrt:exit.obj
 0004:00001554       $pdata$?fin$0@?0???$?RV<lambda_e24bbb7b643b32fcea6fa61b31d4c984>@@AEAV<lambda_275893d493268fdec8709772e3fcec0e>@@V<lambda_9d71df4d7cf3f480f8d633942495c3b0>@@@?$__crt_seh_guarded_call@H@@QEAAH$$QEAV<lambda_e24bbb7b643b32fcea6fa61b31d4c984>@@AEAV<lambda_275893d493268fdec8709772e3fcec0e>@@$$QEAV<lambda_9d71df4d7cf3f480f8d633942495c3b0>@@@Z@4HA 000000018002b554     libucrt:onexit.obj
 0004:00001560       $pdata$common_flush_all$fin$0 000000018002b560     libucrt:fflush.obj
 0004:0000156c       $pdata$common_flush_all$fin$1 000000018002b56c     libucrt:fflush.obj
 0004:00001578       $pdata$raise$fin$0         000000018002b578     libucrt:signal.obj
 0004:00001584       $pdata$?fin$0@?0???$?RV<lambda_99476a1ad63dd22509b5d3e65b0ffc95>@@AEAV<lambda_ad1ced32f4ac17aa236e5ef05d6b3b7c>@@V<lambda_f7424dd8d45958661754dc4f2697e9c3>@@@?$__crt_seh_guarded_call@X@@QEAAX$$QEAV<lambda_99476a1ad63dd22509b5d3e65b0ffc95>@@AEAV<lambda_ad1ced32f4ac17aa236e5ef05d6b3b7c>@@$$QEAV<lambda_f7424dd8d45958661754dc4f2697e9c3>@@@Z@4HA 000000018002b584     libucrt:mbctype.obj
 0004:00001584       $pdata$?fin$0@?0???$?RV<lambda_46352004c1216016012b18bd6f87e700>@@AEAV<lambda_3bd07e1a1191394380780325891bf33f>@@V<lambda_334532d3f185bcaa59b5be82d7d22bff>@@@?$__crt_seh_guarded_call@X@@QEAAX$$QEAV<lambda_46352004c1216016012b18bd6f87e700>@@AEAV<lambda_3bd07e1a1191394380780325891bf33f>@@$$QEAV<lambda_334532d3f185bcaa59b5be82d7d22bff>@@@Z@4HA 000000018002b584     libucrt:per_thread_data.obj
 0004:00001584       $pdata$?fin$0@?0???$?RV<lambda_72d1df2b273a38828b1ce30cbf4cdab5>@@AEAV<lambda_876a65b173b8412d3a47c70a915b0cf4>@@V<lambda_41932305e351933ebe8f8be3ed8bb5dc>@@@?$__crt_seh_guarded_call@X@@QEAAX$$QEAV<lambda_72d1df2b273a38828b1ce30cbf4cdab5>@@AEAV<lambda_876a65b173b8412d3a47c70a915b0cf4>@@$$QEAV<lambda_41932305e351933ebe8f8be3ed8bb5dc>@@@Z@4HA 000000018002b584     libucrt:per_thread_data.obj
 0004:00001584       $pdata$?fin$0@?0???$?RV<lambda_b8c45f8f788dd370798f47cfe8ac3a86>@@AEAV<lambda_4e60a939b0d047cfe11ddc22648dfba9>@@V<lambda_332c3edc96d0294ec56c57d38c1cdfd5>@@@?$__crt_seh_guarded_call@H@@QEAAH$$QEAV<lambda_b8c45f8f788dd370798f47cfe8ac3a86>@@AEAV<lambda_4e60a939b0d047cfe11ddc22648dfba9>@@$$QEAV<lambda_332c3edc96d0294ec56c57d38c1cdfd5>@@@Z@4HA 000000018002b584     libucrt:onexit.obj
 0004:00001584       $pdata$?fin$0@?0???$?RV<lambda_5e887d1dcbef67a5eb4283622ba103bf>@@AEAV<lambda_4466841279450cc726390878d4a41900>@@V<lambda_341c25c0346d94847f1f3c463c57e077>@@@?$__crt_seh_guarded_call@X@@QEAAX$$QEAV<lambda_5e887d1dcbef67a5eb4283622ba103bf>@@AEAV<lambda_4466841279450cc726390878d4a41900>@@$$QEAV<lambda_341c25c0346d94847f1f3c463c57e077>@@@Z@4HA 000000018002b584     libucrt:per_thread_data.obj
 0004:00001584       $pdata$?fin$0@?0???$?RV<lambda_fb3a7dec4e47f37f22dae91bb15c9095>@@AEAV<lambda_698284760c8add0bfb0756c19673e34b>@@V<lambda_dfb8eca1e75fef3034a8fb18dd509707>@@@?$__crt_seh_guarded_call@X@@QEAAX$$QEAV<lambda_fb3a7dec4e47f37f22dae91bb15c9095>@@AEAV<lambda_698284760c8add0bfb0756c19673e34b>@@$$QEAV<lambda_dfb8eca1e75fef3034a8fb18dd509707>@@@Z@4HA 000000018002b584     libucrt:per_thread_data.obj
 0004:00001584       $pdata$?fin$0@?0???$?RV<lambda_c36588078e9f5dfd39652860aa6b3aaf>@@AEAV<lambda_ec61778202f4f5fc7e7711acc23c3bca>@@V<lambda_dc9d2797ccde5d239b4a0efae8ebd7db>@@@?$__crt_seh_guarded_call@P6AXH@Z@@QEAAP6AXH@Z$$QEAV<lambda_c36588078e9f5dfd39652860aa6b3aaf>@@AEAV<lambda_ec61778202f4f5fc7e7711acc23c3bca>@@$$QEAV<lambda_dc9d2797ccde5d239b4a0efae8ebd7db>@@@Z@4HA 000000018002b584     libucrt:signal.obj
 0004:00001590       $pdata$__acrt_lowio_ensure_fh_exists$fin$0 000000018002b590     libucrt:osfinfo.obj
 0004:00001590       $pdata$__acrt_initialize_lowio$fin$0 000000018002b590     libucrt:ioinit.obj
 0004:0000159c       $pdata$__acrt_update_thread_multibyte_data$fin$0 000000018002b59c     libucrt:mbctype.obj
 0004:000015a8       $pdata$_query_new_handler$fin$0 000000018002b5a8     libucrt:new_handler.obj
 0004:000015b4       $pdata$_fcloseall$fin$0    000000018002b5b4     libucrt:closeall.obj
 0004:000015c0       $pdata$__acrt_uninitialize_locale$fin$0 000000018002b5c0     libucrt:wsetlocale.obj
 0004:000015c0       $pdata$__acrt_update_thread_locale_data$fin$0 000000018002b5c0     libucrt:locale_refcounting.obj
 0004:000015cc       $pdata$fclose$fin$0        000000018002b5cc     libucrt:fclose.obj
 0004:000015cc       $pdata$fflush$fin$0        000000018002b5cc     libucrt:fflush.obj
 0004:000015d8       $pdata$_write$fin$0        000000018002b5d8     libucrt:write.obj
 0004:000015d8       $pdata$?fin$0@?0???$common_lseek@_J@@YA_JH_JH@Z@4HA 000000018002b5d8     libucrt:lseek.obj
 0004:000015e4       $pdata$?fin$0@?0???$?RV<lambda_b521505b218e5242e90febf6bfebc422>@@AEAV<lambda_6978c1fb23f02e42e1d9e99668cc68aa>@@V<lambda_314360699dd331753a4119843814e9a7>@@@?$__crt_seh_guarded_call@H@@QEAAH$$QEAV<lambda_b521505b218e5242e90febf6bfebc422>@@AEAV<lambda_6978c1fb23f02e42e1d9e99668cc68aa>@@$$QEAV<lambda_314360699dd331753a4119843814e9a7>@@@Z@4HA 000000018002b5e4     libucrt:commit.obj
 0004:000015e4       $pdata$?fin$0@?0???$?RV<lambda_bfedae4ebbf01fab1bb6dcc6a9e276e0>@@AEAV<lambda_2fe9b910cf3cbf4a0ab98a02ba45b3ec>@@V<lambda_237c231691f317818eb88cc1d5d642d6>@@@?$__crt_seh_guarded_call@H@@QEAAH$$QEAV<lambda_bfedae4ebbf01fab1bb6dcc6a9e276e0>@@AEAV<lambda_2fe9b910cf3cbf4a0ab98a02ba45b3ec>@@$$QEAV<lambda_237c231691f317818eb88cc1d5d642d6>@@@Z@4HA 000000018002b5e4     libucrt:close.obj
 0004:000015f0       $pdata$_ctrlfp$filt$0      000000018002b5f0     libucrt:fpctrl.obj
 0004:000015f0       $pdata$common_control87$filt$0 000000018002b5f0     libucrt:ieee.obj
 0004:000015fc       $pdata$_IsNonwritableInCurrentImage$filt$0 000000018002b5fc     LIBCMT:pesect.obj
 0005:00000000       __guard_fids__             000000018002c000     libucrt:initialization.obj
 0005:00000060       __guard_fids___acrt_show_wide_message_box 000000018002c060     libucrt:crtmbox.obj
 0005:00000064       __guard_fids__             000000018002c064     libucrt:clock_initializer.obj
 0005:00000068       __guard_fids___acrt_initialize_ptd 000000018002c068     libucrt:per_thread_data.obj
 0005:0000006c       __guard_fids_??$expand_argument_wildcards@D@@YAHQEAD0AEAV?$argument_list@D@?A0xca0879c4@@@Z 000000018002c06c     libucrt:argv_wildcards.obj
 0005:00000070       __guard_fids__             000000018002c070     libucrt:stdio_initializer.obj
 0005:00000074       __guard_fids__             000000018002c074     libucrt:stdio_initializer.obj
 0005:00000078       __guard_fids__             000000018002c078     libucrt:locale_initializer.obj
 0005:0000007c       __guard_fids__             000000018002c07c     libucrt:multibyte_initializer.obj
 0005:00000080       __guard_fids__             000000018002c080     libucrt:console_output_initializer.obj
 0005:00000084       __guard_fids__             000000018002c084     libucrt:fma3_initializer.obj
 0005:00000088       __guard_fids_?dllmain_crt_process_attach@@YAHQEAUHINSTANCE__@@QEAX@Z 000000018002c088     LIBCMT:dll_dllmain.obj
 0005:00000090       __guard_fids_?dllmain_dispatch@@YAHQEAUHINSTANCE__@@KQEAX@Z 000000018002c090     LIBCMT:dll_dllmain.obj
 0005:00000094       __guard_fids__             000000018002c094     LIBCMT:guard_support.obj
 0005:00000098       __guard_fids___vcrt_initialize_ptd 000000018002c098     libvcruntime:per_thread_data.obj
 0006:00000060       $R000000                   000000018002d060     * linker generated manifest res *

 Exports

  ordinal    name

        1    _register_robotjs_
