 robotjs

 Timestamp is 5bb7ed2d (Fri Oct  5 19:01:01 2018)

 Preferred load address is 0000000180000000

 Start         Length     Name                   Class
 0001:00000000 00018720H .text$mn                CODE
 0001:00018720 00000020H .text$mn$00             CODE
 0001:00018740 00000270H .text$x                 CODE
 0002:00000000 00000428H .idata$5                DATA
 0002:00000428 00000010H .00cfg                  DATA
 0002:00000438 00000008H .CRT$XCA                DATA
 0002:00000440 00000008H .CRT$XCU                DATA
 0002:00000448 00000008H .CRT$XCZ                DATA
 0002:00000450 00000008H .CRT$XIA                DATA
 0002:00000458 00000020H .CRT$XIC                DATA
 0002:00000478 00000008H .CRT$XIZ                DATA
 0002:00000480 00000008H .CRT$XPA                DATA
 0002:00000488 00000010H .CRT$XPX                DATA
 0002:00000498 00000008H .CRT$XPXA               DATA
 0002:000004a0 00000008H .CRT$XPZ                DATA
 0002:000004a8 00000008H .CRT$XTA                DATA
 0002:000004b0 00000010H .CRT$XTZ                DATA
 0002:000004c0 00008918H .rdata                  DATA
 0002:00008dd8 00000000H .rdata$r                DATA
 0002:00008dd8 00000318H .rdata$zzzdbg           DATA
 0002:000090f0 00000008H .rtc$IAA                DATA
 0002:000090f8 00000008H .rtc$IZZ                DATA
 0002:00009100 00000008H .rtc$TAA                DATA
 0002:00009108 00000008H .rtc$TZZ                DATA
 0002:00009110 00001400H .xdata                  DATA
 0002:0000a510 00000054H .edata                  DATA
 0002:0000a564 00000050H .idata$2                DATA
 0002:0000a5b4 00000014H .idata$3                DATA
 0002:0000a5c8 00000428H .idata$4                DATA
 0002:0000a9f0 000010d2H .idata$6                DATA
 0003:00000000 00000e20H .data                   DATA
 0003:00000e20 00000000H .data$r                 DATA
 0003:00000e20 000011d0H .bss                    DATA
 0004:00000000 00001584H .pdata                  DATA
 0005:00000000 00000088H .gfids$x                DATA
 0005:00000088 00000014H .gfids$y                DATA
 0006:00000000 00000060H .rsrc$01                DATA
 0006:00000060 00000180H .rsrc$02                DATA

  Address         Publics by Value              Rva+Base               Lib:Object

 0000:00000000       __dynamic_value_reloc_table 0000000000000000     <absolute>
 0000:00000000       __guard_iat_count          0000000000000000     <absolute>
 0000:00000000       __guard_iat_table          0000000000000000     <absolute>
 0000:00000000       __guard_longjmp_table      0000000000000000     <absolute>
 0000:00000000       __guard_longjmp_count      0000000000000000     <absolute>
 0000:00000000       __guard_fids_count         0000000000000000     <absolute>
 0000:00000000       ___safe_se_handler_table   0000000000000000     <absolute>
 0000:00000000       ___safe_se_handler_count   0000000000000000     <absolute>
 0000:00000000       __guard_fids_table         0000000000000000     <absolute>
 0000:00000100       __guard_flags              0000000000000100     <absolute>
 0000:00000000       __ImageBase                0000000180000000     <linker-defined>
 0001:000000e0       ?New@?$Factory@VFunctionTemplate@v8@@@imp@Nan@@SA?AV?$Local@VFunctionTemplate@v8@@@v8@@P6AXAEBV?$FunctionCallbackInfo@VValue@v8@@@3@@ZV?$Local@VValue@v8@@@5@V?$Local@VSignature@v8@@@5@@Z 00000001800010e0 f i robotjs.obj
 0001:000002c0       ?New@Nan@@YA?AV?$Local@VInt32@v8@@@v8@@H@Z 00000001800012c0 f i robotjs.obj
 0001:00000360       ?ThrowError@Nan@@YAXPEBD@Z 0000000180001360 f i robotjs.obj
 0001:000003f0       ??0Utf8String@Nan@@QEAA@V?$Local@VValue@v8@@@v8@@@Z 00000001800013f0 f i robotjs.obj
 0001:00000500       ?CheckMouseButton@@YAHQEBDQEAI@Z 0000000180001500 f   robotjs.obj
 0001:000005b0       ?dragMouse@@YAXAEBV?$FunctionCallbackInfo@VValue@v8@@@Nan@@@Z 00000001800015b0 f   robotjs.obj
 0001:000008b0       ?moveMouse@@YAXAEBV?$FunctionCallbackInfo@VValue@v8@@@Nan@@@Z 00000001800018b0 f   robotjs.obj
 0001:00000ad0       ?moveMouseSmooth@@YAXAEBV?$FunctionCallbackInfo@VValue@v8@@@Nan@@@Z 0000000180001ad0 f   robotjs.obj
 0001:00000ca0       ?getMousePos@@YAXAEBV?$FunctionCallbackInfo@VValue@v8@@@Nan@@@Z 0000000180001ca0 f   robotjs.obj
 0001:00000f30       ?mouseClick@@YAXAEBV?$FunctionCallbackInfo@VValue@v8@@@Nan@@@Z 0000000180001f30 f   robotjs.obj
 0001:00001110       ?mouseToggle@@YAXAEBV?$FunctionCallbackInfo@VValue@v8@@@Nan@@@Z 0000000180002110 f   robotjs.obj
 0001:00001400       ?setMouseDelay@@YAXAEBV?$FunctionCallbackInfo@VValue@v8@@@Nan@@@Z 0000000180002400 f   robotjs.obj
 0001:00001580       ?scrollMouse@@YAXAEBV?$FunctionCallbackInfo@VValue@v8@@@Nan@@@Z 0000000180002580 f   robotjs.obj
 0001:00001780       ?CheckKeyCodes@@YAHPEADPEAH@Z 0000000180002780 f   robotjs.obj
 0001:00001840       ?CheckKeyFlags@@YAHPEADPEAI@Z 0000000180002840 f   robotjs.obj
 0001:00001950       ?GetFlagsFromValue@@YAHV?$Local@VValue@v8@@@v8@@PEAI@Z 0000000180002950 f   robotjs.obj
 0001:00001ad0       ?keyTap@@YAXAEBV?$FunctionCallbackInfo@VValue@v8@@@Nan@@@Z 0000000180002ad0 f   robotjs.obj
 0001:00001c30       ?keyToggle@@YAXAEBV?$FunctionCallbackInfo@VValue@v8@@@Nan@@@Z 0000000180002c30 f   robotjs.obj
 0001:00001e70       ?typeString@@YAXAEBV?$FunctionCallbackInfo@VValue@v8@@@Nan@@@Z 0000000180002e70 f   robotjs.obj
 0001:00001f90       ?typeStringDelayed@@YAXAEBV?$FunctionCallbackInfo@VValue@v8@@@Nan@@@Z 0000000180002f90 f   robotjs.obj
 0001:000020e0       ?setKeyboardDelay@@YAXAEBV?$FunctionCallbackInfo@VValue@v8@@@Nan@@@Z 00000001800030e0 f   robotjs.obj
 0001:00002260       ?getPixelColor@@YAXAEBV?$FunctionCallbackInfo@VValue@v8@@@Nan@@@Z 0000000180003260 f   robotjs.obj
 0001:000024e0       ?getScreenSize@@YAXAEBV?$FunctionCallbackInfo@VValue@v8@@@Nan@@@Z 00000001800034e0 f   robotjs.obj
 0001:00002710       ?getXDisplayName@@YAXAEBV?$FunctionCallbackInfo@VValue@v8@@@Nan@@@Z 0000000180003710 f   robotjs.obj
 0001:000027a0       ?setXDisplayName@@YAXAEBV?$FunctionCallbackInfo@VValue@v8@@@Nan@@@Z 00000001800037a0 f   robotjs.obj
 0001:00002830       ?captureScreen@@YAXAEBV?$FunctionCallbackInfo@VValue@v8@@@Nan@@@Z 0000000180003830 f   robotjs.obj
 0001:00002e20       ?buildBMP@@YA?AVBMP@@V?$Local@VObject@v8@@@v8@@@Z 0000000180003e20 f   robotjs.obj
 0001:000030c0       ?getColor@@YAXAEBV?$FunctionCallbackInfo@VValue@v8@@@Nan@@@Z 00000001800040c0 f   robotjs.obj
 0001:00003390       ?InitAll@@YAXV?$Local@VObject@v8@@@v8@@@Z 0000000180004390 f   robotjs.obj
 0001:000045d0       clickMouse                 00000001800055d0 f   mouse.obj
 0001:00004640       doubleClick                0000000180005640 f   mouse.obj
 0001:00004730       smoothlyMoveMouse          0000000180005730 f   mouse.obj
 0001:00004b10       win32KeyEvent              0000000180005b10 f   keypress.obj
 0001:00004c30       toggleKeyCode              0000000180005c30 f   keypress.obj
 0001:00004f70       typeString                 0000000180005f70 f   keypress.obj
 0001:00005130       typeStringDelayed          0000000180006130 f   keypress.obj
 0001:00005210       copyMMBitmapFromDisplayInRect 0000000180006210 f   screengrab.obj
 0001:000053f0       __local_stdio_printf_options 00000001800063f0 f i snprintf.obj
 0001:00005400       sprintf                    0000000180006400 f i snprintf.obj
 0001:00005460       portable_snprintf          0000000180006460 f   snprintf.obj
 0001:00005480       portable_vsnprintf         0000000180006480 f   snprintf.obj
 0001:00005df0       createMMBitmap             0000000180006df0 f   MMBitmap.obj
 0001:00005e60       destroyMMBitmapBuffer      0000000180006e60 f   MMBitmap.obj
 0001:00005e80       __security_check_cookie    0000000180006e80 f   LIBCMT:_amdsecgs_.obj
 0001:00005ea4       __raise_securityfailure    0000000180006ea4 f   LIBCMT:gs_report.obj
 0001:00005ed8       __report_gsfailure         0000000180006ed8 f   LIBCMT:gs_report.obj
 0001:00005fac       __report_rangecheckfailure 0000000180006fac f   LIBCMT:gs_report.obj
 0001:00005fc0       __report_securityfailure   0000000180006fc0 f   LIBCMT:gs_report.obj
 0001:0000648c       _DllMainCRTStartup         000000018000748c f   LIBCMT:dll_dllmain.obj
 0001:000064cc       __scrt_acquire_startup_lock 00000001800074cc f   LIBCMT:utility.obj
 0001:00006508       __scrt_dllmain_after_initialize_c 0000000180007508 f   LIBCMT:utility.obj
 0001:0000653c       __scrt_dllmain_before_initialize_c 000000018000753c f   LIBCMT:utility.obj
 0001:00006554       __scrt_dllmain_crt_thread_attach 0000000180007554 f   LIBCMT:utility.obj
 0001:0000657c       __scrt_dllmain_crt_thread_detach 000000018000757c f   LIBCMT:utility.obj
 0001:00006594       __scrt_dllmain_exception_filter 0000000180007594 f   LIBCMT:utility.obj
 0001:000065f8       __scrt_dllmain_uninitialize_c 00000001800075f8 f   LIBCMT:utility.obj
 0001:00006628       __scrt_dllmain_uninitialize_critical 0000000180007628 f   LIBCMT:utility.obj
 0001:0000663c       __scrt_initialize_crt      000000018000763c f   LIBCMT:utility.obj
 0001:00006688       __scrt_initialize_onexit_tables 0000000180007688 f   LIBCMT:utility.obj
 0001:00006754       __scrt_is_nonwritable_in_current_image 0000000180007754 f   LIBCMT:utility.obj
 0001:000067f0       __scrt_release_startup_lock 00000001800077f0 f   LIBCMT:utility.obj
 0001:00006814       __scrt_uninitialize_crt    0000000180007814 f   LIBCMT:utility.obj
 0001:00006840       _onexit                    0000000180007840 f   LIBCMT:utility.obj
 0001:00006890       atexit                     0000000180007890 f   LIBCMT:utility.obj
 0001:000068a8       __security_init_cookie     00000001800078a8 f   LIBCMT:gs_support.obj
 0001:00006954       DllMain                    0000000180007954 f   LIBCMT:dll_dllmain_stub.obj
 0001:00006954       _get_startup_argv_mode     0000000180007954 f   LIBCMT:argv_mode.obj
 0001:0000695c       ?__scrt_initialize_type_info@@YAXXZ 000000018000795c f   LIBCMT:tncleanup.obj
 0001:0000696c       ?__scrt_uninitialize_type_info@@YAXXZ 000000018000796c f   LIBCMT:tncleanup.obj
 0001:00006978       __local_stdio_scanf_options 0000000180007978 f i LIBCMT:default_local_stdio_options.obj
 0001:00006980       __scrt_initialize_default_local_stdio_options 0000000180007980 f   LIBCMT:default_local_stdio_options.obj
 0001:0000699c       __scrt_get_dyn_tls_init_callback 000000018000799c f   LIBCMT:dyn_tls_init.obj
 0001:000069a4       __crt_debugger_hook        00000001800079a4 f   LIBCMT:utility_desktop.obj
 0001:000069ac       __scrt_fastfail            00000001800079ac f   LIBCMT:utility_desktop.obj
 0001:00006af4       _RTC_Initialize            0000000180007af4 f   LIBCMT:_initsect_.obj
 0001:00006b40       _RTC_Terminate             0000000180007b40 f   LIBCMT:_initsect_.obj
 0001:00006b8c       _guard_check_icall         0000000180007b8c f i LIBCMT:checkcfg.obj
 0001:00006b94       __isa_available_init       0000000180007b94 f   LIBCMT:_cpu_disp_.obj
 0001:00006d5c       __scrt_is_ucrt_dll_in_use  0000000180007d5c f   LIBCMT:ucrt_detection.obj
 0001:00006d68       __except_validate_context_record 0000000180007d68 f i libvcruntime:jbcxrval.obj
 0001:00006d68       _guard_check_icall_nop     0000000180007d68 f i LIBCMT:guard_support.obj
 0001:00006d70       memchr                     0000000180007d70 f   libvcruntime:memchr.obj
 0001:00006d8c       strchr                     0000000180007d8c f   libvcruntime:strchr.obj
 0001:00006e18       __C_specific_handler       0000000180007e18 f   libvcruntime:_chandler_.obj
 0001:00007014       __vcrt_initialize          0000000180008014 f   libvcruntime:initialization.obj
 0001:00007048       __vcrt_thread_attach       0000000180008048 f   libvcruntime:initialization.obj
 0001:0000705c       __vcrt_thread_detach       000000018000805c f   libvcruntime:initialization.obj
 0001:00007070       __vcrt_uninitialize        0000000180008070 f   libvcruntime:initialization.obj
 0001:00007090       __vcrt_uninitialize_critical 0000000180008090 f   libvcruntime:initialization.obj
 0001:000070a0       __std_type_info_destroy_list 00000001800080a0 f   libvcruntime:std_type_info.obj
 0001:000070e0       memset                     00000001800080e0 f   libvcruntime:memset.obj
 0001:00007290       _local_unwind              0000000180008290 f   libvcruntime:_jmpuwind_.obj
 0001:000072c0       _NLG_Notify                00000001800082c0 f   libvcruntime:_jmpuwind_.obj
 0001:000072e0       __NLG_Dispatch2            00000001800082e0 f   libvcruntime:_jmpuwind_.obj
 0001:000072f0       __NLG_Return2              00000001800082f0 f   libvcruntime:_jmpuwind_.obj
 0001:000072f4       __vcrt_freefls             00000001800082f4 f   libvcruntime:per_thread_data.obj
 0001:00007314       __vcrt_freeptd             0000000180008314 f   libvcruntime:per_thread_data.obj
 0001:00007364       __vcrt_getptd_noexit       0000000180008364 f   libvcruntime:per_thread_data.obj
 0001:0000741c       __vcrt_initialize_ptd      000000018000841c f   libvcruntime:per_thread_data.obj
 0001:0000745c       __vcrt_uninitialize_ptd    000000018000845c f   libvcruntime:per_thread_data.obj
 0001:00007480       __vcrt_initialize_locks    0000000180008480 f   libvcruntime:locks.obj
 0001:000074c8       __vcrt_uninitialize_locks  00000001800084c8 f   libvcruntime:locks.obj
 0001:000076c8       __vcrt_FlsAlloc            00000001800086c8 f   libvcruntime:winapi_downlevel.obj
 0001:0000771c       __vcrt_FlsFree             000000018000871c f   libvcruntime:winapi_downlevel.obj
 0001:00007770       __vcrt_FlsGetValue         0000000180008770 f   libvcruntime:winapi_downlevel.obj
 0001:000077c4       __vcrt_FlsSetValue         00000001800087c4 f   libvcruntime:winapi_downlevel.obj
 0001:0000782c       __vcrt_InitializeCriticalSectionEx 000000018000882c f   libvcruntime:winapi_downlevel.obj
 0001:000078a4       __vcrt_initialize_winapi_thunks 00000001800088a4 f   libvcruntime:winapi_downlevel.obj
 0001:000078f0       __vcrt_uninitialize_winapi_thunks 00000001800088f0 f   libvcruntime:winapi_downlevel.obj
 0001:00007930       __vcrt_initialize_pure_virtual_call_handler 0000000180008930 f   libvcruntime:purevirt_data.obj
 0001:00007954       free                       0000000180008954 f   libucrt:free.obj
 0001:00008344       ??$ftprintf@PEAU_iobuf@@PEB_WAEBQEB_WAEBQEB_WAEBI@?$__crt_char_traits@_W@@SAH$$QEAPEAU_iobuf@@$$QEAPEB_WAEBQEB_W2AEBI@Z 0000000180009344 f i libucrt:assert.obj
 0001:0000836c       _wassert                   000000018000936c f   libucrt:assert.obj
 0001:000083f0       fwprintf                   00000001800093f0 f i libucrt:assert.obj
 0001:00008434       swprintf                   0000000180009434 f i libucrt:assert.obj
 0001:00008488       malloc                     0000000180009488 f   libucrt:malloc.obj
 0001:00008490       __acrt_initialize_clock    0000000180009490 f   libucrt:clock.obj
 0001:000084e4       ??0_LocaleUpdate@@QEAA@QEAU__crt_locale_pointers@@@Z 00000001800094e4 f i libucrt:_ctype.obj
 0001:00008574       isdigit                    0000000180009574 f i libucrt:_ctype.obj
 0001:000085e8       isupper                    00000001800095e8 f i libucrt:_ctype.obj
 0001:0000865c       ??$?RV<lambda_7b91131dde12e1c3dfc74ff76b3f2eac>@@AEAV<lambda_dd75445284c072d0bd3768540cc698fa>@@V<lambda_16bc4ecb55b4718497c16bceaea2ceaf>@@@?$__crt_seh_guarded_call@H@@QEAAH$$QEAV<lambda_7b91131dde12e1c3dfc74ff76b3f2eac>@@AEAV<lambda_dd75445284c072d0bd3768540cc698fa>@@$$QEAV<lambda_16bc4ecb55b4718497c16bceaea2ceaf>@@@Z 000000018000965c f i libucrt:output.obj
 0001:0000869c       ??$ensure_buffer_is_big_enough@D@formatting_buffer@__crt_stdio_output@@QEAA_N_K@Z 000000018000969c f i libucrt:output.obj
 0001:00008748       ??$is_wide_character_specifier@D@__crt_stdio_output@@YA_N_KDW4length_modifier@0@@Z 0000000180009748 f i libucrt:output.obj
 0001:00008778       ??$is_wide_character_specifier@_W@__crt_stdio_output@@YA_N_K_WW4length_modifier@0@@Z 0000000180009778 f i libucrt:output.obj
 0001:000087bc       ??$type_case_integer_parse_into_buffer@I@?$output_processor@_WV?$stream_output_adapter@_W@__crt_stdio_output@@V?$standard_base@_WV?$stream_output_adapter@_W@__crt_stdio_output@@@2@@__crt_stdio_output@@AEAAXII_N@Z 00000001800097bc f i libucrt:output.obj
 0001:000087bc       ??$type_case_integer_parse_into_buffer@I@?$output_processor@_WV?$string_output_adapter@_W@__crt_stdio_output@@V?$standard_base@_WV?$string_output_adapter@_W@__crt_stdio_output@@@2@@__crt_stdio_output@@AEAAXII_N@Z 00000001800097bc f i libucrt:output.obj
 0001:000087bc       ??$type_case_integer_parse_into_buffer@I@?$output_processor@DV?$string_output_adapter@D@__crt_stdio_output@@V?$standard_base@DV?$string_output_adapter@D@__crt_stdio_output@@@2@@__crt_stdio_output@@AEAAXII_N@Z 00000001800097bc f i libucrt:output.obj
 0001:00008858       ??$type_case_integer_parse_into_buffer@_K@?$output_processor@DV?$string_output_adapter@D@__crt_stdio_output@@V?$standard_base@DV?$string_output_adapter@D@__crt_stdio_output@@@2@@__crt_stdio_output@@AEAAX_KI_N@Z 0000000180009858 f i libucrt:output.obj
 0001:00008858       ??$type_case_integer_parse_into_buffer@_K@?$output_processor@_WV?$stream_output_adapter@_W@__crt_stdio_output@@V?$standard_base@_WV?$stream_output_adapter@_W@__crt_stdio_output@@@2@@__crt_stdio_output@@AEAAX_KI_N@Z 0000000180009858 f i libucrt:output.obj
 0001:00008858       ??$type_case_integer_parse_into_buffer@_K@?$output_processor@_WV?$string_output_adapter@_W@__crt_stdio_output@@V?$standard_base@_WV?$string_output_adapter@_W@__crt_stdio_output@@@2@@__crt_stdio_output@@AEAAX_KI_N@Z 0000000180009858 f i libucrt:output.obj
 0001:000088f4       ??$write_multiple_characters@V?$stream_output_adapter@_W@__crt_stdio_output@@D@__crt_stdio_output@@YAXAEBV?$stream_output_adapter@_W@0@DHQEAH@Z 00000001800098f4 f i libucrt:output.obj
 0001:00008984       ??$write_multiple_characters@V?$string_output_adapter@D@__crt_stdio_output@@D@__crt_stdio_output@@YAXAEBV?$string_output_adapter@D@0@DHQEAH@Z 0000000180009984 f i libucrt:output.obj
 0001:000089e0       ??$write_multiple_characters@V?$string_output_adapter@_W@__crt_stdio_output@@D@__crt_stdio_output@@YAXAEBV?$string_output_adapter@_W@0@DHQEAH@Z 00000001800099e0 f i libucrt:output.obj
 0001:00008a50       ??0?$output_processor@DV?$string_output_adapter@D@__crt_stdio_output@@V?$standard_base@DV?$string_output_adapter@D@__crt_stdio_output@@@2@@__crt_stdio_output@@QEAA@AEBV?$string_output_adapter@D@1@_KQEBDQEAU__crt_locale_pointers@@QEAD@Z 0000000180009a50 f i libucrt:output.obj
 0001:00008acc       ??0?$output_processor@_WV?$stream_output_adapter@_W@__crt_stdio_output@@V?$standard_base@_WV?$stream_output_adapter@_W@__crt_stdio_output@@@2@@__crt_stdio_output@@QEAA@AEBV?$stream_output_adapter@_W@1@_KQEB_WQEAU__crt_locale_pointers@@QEAD@Z 0000000180009acc f i libucrt:output.obj
 0001:00008acc       ??0?$output_processor@_WV?$string_output_adapter@_W@__crt_stdio_output@@V?$standard_base@_WV?$string_output_adapter@_W@__crt_stdio_output@@@2@@__crt_stdio_output@@QEAA@AEBV?$string_output_adapter@_W@1@_KQEB_WQEAU__crt_locale_pointers@@QEAD@Z 0000000180009acc f i libucrt:output.obj
 0001:00008c3c       ?force_decimal_point@__crt_stdio_output@@YAXPEADQEAU__crt_locale_pointers@@@Z 0000000180009c3c f i libucrt:output.obj
 0001:00008cac       ?parse_int_from_format_string@?$output_processor@DV?$string_output_adapter@D@__crt_stdio_output@@V?$standard_base@DV?$string_output_adapter@D@__crt_stdio_output@@@2@@__crt_stdio_output@@AEAA_NQEAH@Z 0000000180009cac f i libucrt:output.obj
 0001:00008d30       ?parse_int_from_format_string@?$output_processor@_WV?$stream_output_adapter@_W@__crt_stdio_output@@V?$standard_base@_WV?$stream_output_adapter@_W@__crt_stdio_output@@@2@@__crt_stdio_output@@AEAA_NQEAH@Z 0000000180009d30 f i libucrt:output.obj
 0001:00008d30       ?parse_int_from_format_string@?$output_processor@_WV?$string_output_adapter@_W@__crt_stdio_output@@V?$standard_base@_WV?$string_output_adapter@_W@__crt_stdio_output@@@2@@__crt_stdio_output@@AEAA_NQEAH@Z 0000000180009d30 f i libucrt:output.obj
 0001:00008db0       ?process@?$output_processor@DV?$string_output_adapter@D@__crt_stdio_output@@V?$standard_base@DV?$string_output_adapter@D@__crt_stdio_output@@@2@@__crt_stdio_output@@QEAAHXZ 0000000180009db0 f i libucrt:output.obj
 0001:00008fb4       ?process@?$output_processor@_WV?$stream_output_adapter@_W@__crt_stdio_output@@V?$standard_base@_WV?$stream_output_adapter@_W@__crt_stdio_output@@@2@@__crt_stdio_output@@QEAAHXZ 0000000180009fb4 f i libucrt:output.obj
 0001:0000922c       ?process@?$output_processor@_WV?$string_output_adapter@_W@__crt_stdio_output@@V?$standard_base@_WV?$string_output_adapter@_W@__crt_stdio_output@@@2@@__crt_stdio_output@@QEAAHXZ 000000018000a22c f i libucrt:output.obj
 0001:000094a8       ?state_case_normal@?$output_processor@DV?$string_output_adapter@D@__crt_stdio_output@@V?$standard_base@DV?$string_output_adapter@D@__crt_stdio_output@@@2@@__crt_stdio_output@@AEAA_NXZ 000000018000a4a8 f i libucrt:output.obj
 0001:0000951c       ?state_case_normal_tchar@?$output_processor@DV?$string_output_adapter@D@__crt_stdio_output@@V?$standard_base@DV?$string_output_adapter@D@__crt_stdio_output@@@2@@__crt_stdio_output@@AEAA_ND@Z 000000018000a51c f i libucrt:output.obj
 0001:000095b4       ?state_case_size@?$output_processor@DV?$string_output_adapter@D@__crt_stdio_output@@V?$standard_base@DV?$string_output_adapter@D@__crt_stdio_output@@@2@@__crt_stdio_output@@AEAA_NXZ 000000018000a5b4 f i libucrt:output.obj
 0001:00009730       ?state_case_size@?$output_processor@_WV?$stream_output_adapter@_W@__crt_stdio_output@@V?$standard_base@_WV?$stream_output_adapter@_W@__crt_stdio_output@@@2@@__crt_stdio_output@@AEAA_NXZ 000000018000a730 f i libucrt:output.obj
 0001:000098d4       ?state_case_size@?$output_processor@_WV?$string_output_adapter@_W@__crt_stdio_output@@V?$standard_base@_WV?$string_output_adapter@_W@__crt_stdio_output@@@2@@__crt_stdio_output@@AEAA_NXZ 000000018000a8d4 f i libucrt:output.obj
 0001:00009a78       ?state_case_type@?$output_processor@DV?$string_output_adapter@D@__crt_stdio_output@@V?$standard_base@DV?$string_output_adapter@D@__crt_stdio_output@@@2@@__crt_stdio_output@@AEAA_NXZ 000000018000aa78 f i libucrt:output.obj
 0001:00009cf4       ?state_case_type@?$output_processor@_WV?$stream_output_adapter@_W@__crt_stdio_output@@V?$standard_base@_WV?$stream_output_adapter@_W@__crt_stdio_output@@@2@@__crt_stdio_output@@AEAA_NXZ 000000018000acf4 f i libucrt:output.obj
 0001:00009fc0       ?state_case_type@?$output_processor@_WV?$string_output_adapter@_W@__crt_stdio_output@@V?$standard_base@_WV?$string_output_adapter@_W@__crt_stdio_output@@@2@@__crt_stdio_output@@AEAA_NXZ 000000018000afc0 f i libucrt:output.obj
 0001:0000a28c       ?type_case_Z@?$output_processor@DV?$string_output_adapter@D@__crt_stdio_output@@V?$standard_base@DV?$string_output_adapter@D@__crt_stdio_output@@@2@@__crt_stdio_output@@AEAA_NXZ 000000018000b28c f i libucrt:output.obj
 0001:0000a30c       ?type_case_Z@?$output_processor@_WV?$string_output_adapter@_W@__crt_stdio_output@@V?$standard_base@_WV?$string_output_adapter@_W@__crt_stdio_output@@@2@@__crt_stdio_output@@AEAA_NXZ 000000018000b30c f i libucrt:output.obj
 0001:0000a30c       ?type_case_Z@?$output_processor@_WV?$stream_output_adapter@_W@__crt_stdio_output@@V?$standard_base@_WV?$stream_output_adapter@_W@__crt_stdio_output@@@2@@__crt_stdio_output@@AEAA_NXZ 000000018000b30c f i libucrt:output.obj
 0001:0000a38c       ?type_case_a@?$output_processor@DV?$string_output_adapter@D@__crt_stdio_output@@V?$standard_base@DV?$string_output_adapter@D@__crt_stdio_output@@@2@@__crt_stdio_output@@AEAA_NXZ 000000018000b38c f i libucrt:output.obj
 0001:0000a5a8       ?type_case_a@?$output_processor@_WV?$stream_output_adapter@_W@__crt_stdio_output@@V?$standard_base@_WV?$stream_output_adapter@_W@__crt_stdio_output@@@2@@__crt_stdio_output@@AEAA_NXZ 000000018000b5a8 f i libucrt:output.obj
 0001:0000a5a8       ?type_case_a@?$output_processor@_WV?$string_output_adapter@_W@__crt_stdio_output@@V?$standard_base@_WV?$string_output_adapter@_W@__crt_stdio_output@@@2@@__crt_stdio_output@@AEAA_NXZ 000000018000b5a8 f i libucrt:output.obj
 0001:0000a7ec       ?type_case_c_tchar@?$output_processor@DV?$string_output_adapter@D@__crt_stdio_output@@V?$standard_base@DV?$string_output_adapter@D@__crt_stdio_output@@@2@@__crt_stdio_output@@AEAA_ND@Z 000000018000b7ec f i libucrt:output.obj
 0001:0000a8a0       ?type_case_c_tchar@?$output_processor@_WV?$string_output_adapter@_W@__crt_stdio_output@@V?$standard_base@_WV?$string_output_adapter@_W@__crt_stdio_output@@@2@@__crt_stdio_output@@AEAA_N_W@Z 000000018000b8a0 f i libucrt:output.obj
 0001:0000a8a0       ?type_case_c_tchar@?$output_processor@_WV?$stream_output_adapter@_W@__crt_stdio_output@@V?$standard_base@_WV?$stream_output_adapter@_W@__crt_stdio_output@@@2@@__crt_stdio_output@@AEAA_N_W@Z 000000018000b8a0 f i libucrt:output.obj
 0001:0000a948       ?type_case_integer@?$output_processor@DV?$string_output_adapter@D@__crt_stdio_output@@V?$standard_base@DV?$string_output_adapter@D@__crt_stdio_output@@@2@@__crt_stdio_output@@AEAA_NI_N@Z 000000018000b948 f i libucrt:output.obj
 0001:0000a948       ?type_case_integer@?$output_processor@_WV?$string_output_adapter@_W@__crt_stdio_output@@V?$standard_base@_WV?$string_output_adapter@_W@__crt_stdio_output@@@2@@__crt_stdio_output@@AEAA_NI_N@Z 000000018000b948 f i libucrt:output.obj
 0001:0000a948       ?type_case_integer@?$output_processor@_WV?$stream_output_adapter@_W@__crt_stdio_output@@V?$standard_base@_WV?$stream_output_adapter@_W@__crt_stdio_output@@@2@@__crt_stdio_output@@AEAA_NI_N@Z 000000018000b948 f i libucrt:output.obj
 0001:0000aae8       ?type_case_n@?$output_processor@_WV?$stream_output_adapter@_W@__crt_stdio_output@@V?$standard_base@_WV?$stream_output_adapter@_W@__crt_stdio_output@@@2@@__crt_stdio_output@@AEAA_NXZ 000000018000bae8 f i libucrt:output.obj
 0001:0000aae8       ?type_case_n@?$output_processor@DV?$string_output_adapter@D@__crt_stdio_output@@V?$standard_base@DV?$string_output_adapter@D@__crt_stdio_output@@@2@@__crt_stdio_output@@AEAA_NXZ 000000018000bae8 f i libucrt:output.obj
 0001:0000aae8       ?type_case_n@?$output_processor@_WV?$string_output_adapter@_W@__crt_stdio_output@@V?$standard_base@_WV?$string_output_adapter@_W@__crt_stdio_output@@@2@@__crt_stdio_output@@AEAA_NXZ 000000018000bae8 f i libucrt:output.obj
 0001:0000abc4       ?type_case_s@?$output_processor@DV?$string_output_adapter@D@__crt_stdio_output@@V?$standard_base@DV?$string_output_adapter@D@__crt_stdio_output@@@2@@__crt_stdio_output@@AEAA_NXZ 000000018000bbc4 f i libucrt:output.obj
 0001:0000ac54       ?type_case_s@?$output_processor@_WV?$string_output_adapter@_W@__crt_stdio_output@@V?$standard_base@_WV?$string_output_adapter@_W@__crt_stdio_output@@@2@@__crt_stdio_output@@AEAA_NXZ 000000018000bc54 f i libucrt:output.obj
 0001:0000ac54       ?type_case_s@?$output_processor@_WV?$stream_output_adapter@_W@__crt_stdio_output@@V?$standard_base@_WV?$stream_output_adapter@_W@__crt_stdio_output@@@2@@__crt_stdio_output@@AEAA_NXZ 000000018000bc54 f i libucrt:output.obj
 0001:0000ad1c       ?write_stored_string_tchar@?$output_processor@DV?$string_output_adapter@D@__crt_stdio_output@@V?$standard_base@DV?$string_output_adapter@D@__crt_stdio_output@@@2@@__crt_stdio_output@@AEAA_ND@Z 000000018000bd1c f i libucrt:output.obj
 0001:0000adf4       ?write_stored_string_tchar@?$output_processor@_WV?$stream_output_adapter@_W@__crt_stdio_output@@V?$standard_base@_WV?$stream_output_adapter@_W@__crt_stdio_output@@@2@@__crt_stdio_output@@AEAA_N_W@Z 000000018000bdf4 f i libucrt:output.obj
 0001:0000aee0       ?write_stored_string_tchar@?$output_processor@_WV?$string_output_adapter@_W@__crt_stdio_output@@V?$standard_base@_WV?$string_output_adapter@_W@__crt_stdio_output@@@2@@__crt_stdio_output@@AEAA_N_W@Z 000000018000bee0 f i libucrt:output.obj
 0001:0000afd0       ?write_string@?$stream_output_adapter@_W@__crt_stdio_output@@QEBAXQEB_WHQEAH1@Z 000000018000bfd0 f i libucrt:output.obj
 0001:0000b0dc       ?write_string@?$string_output_adapter@D@__crt_stdio_output@@QEBAXQEBDHQEAH1@Z 000000018000c0dc f i libucrt:output.obj
 0001:0000b198       ?write_string@?$string_output_adapter@_W@__crt_stdio_output@@QEBAXQEB_WHQEAH1@Z 000000018000c198 f i libucrt:output.obj
 0001:0000b258       __stdio_common_vfwprintf   000000018000c258 f   libucrt:output.obj
 0001:0000b2e4       __stdio_common_vsprintf    000000018000c2e4 f   libucrt:output.obj
 0001:0000b518       __stdio_common_vswprintf   000000018000c518 f   libucrt:output.obj
 0001:0000b750       _initterm                  000000018000c750 f   libucrt:initterm.obj
 0001:0000b7c8       _initterm_e                000000018000c7c8 f   libucrt:initterm.obj
 0001:0000b814       _seh_filter_dll            000000018000c814 f   libucrt:exception_filter.obj
 0001:0000b828       _seh_filter_exe            000000018000c828 f   libucrt:exception_filter.obj
 0001:0000bbe8       __acrt_initialize_thread_local_exit_callback 000000018000cbe8 f   libucrt:exit.obj
 0001:0000bbf0       _cexit                     000000018000cbf0 f   libucrt:exit.obj
 0001:0000bc00       _exit                      000000018000cc00 f   libucrt:exit.obj
 0001:0000bc0c       _is_c_termination_complete 000000018000cc0c f   libucrt:exit.obj
 0001:0000bdd0       __acrt_allocate_buffer_for_argv 000000018000cdd0 f   libucrt:argv_parsing.obj
 0001:0000be34       _configure_narrow_argv     000000018000ce34 f   libucrt:argv_parsing.obj
 0001:0000c190       __dcrt_uninitialize_environments_nolock 000000018000d190 f   libucrt:environment_initialization.obj
 0001:0000c1c8       _initialize_narrow_environment 000000018000d1c8 f   libucrt:environment_initialization.obj
 0001:0000c1d0       ??$?RV<lambda_b8c45f8f788dd370798f47cfe8ac3a86>@@AEAV<lambda_4e60a939b0d047cfe11ddc22648dfba9>@@V<lambda_332c3edc96d0294ec56c57d38c1cdfd5>@@@?$__crt_seh_guarded_call@H@@QEAAH$$QEAV<lambda_b8c45f8f788dd370798f47cfe8ac3a86>@@AEAV<lambda_4e60a939b0d047cfe11ddc22648dfba9>@@$$QEAV<lambda_332c3edc96d0294ec56c57d38c1cdfd5>@@@Z 000000018000d1d0 f i libucrt:onexit.obj
 0001:0000c20c       ??$?RV<lambda_e24bbb7b643b32fcea6fa61b31d4c984>@@AEAV<lambda_275893d493268fdec8709772e3fcec0e>@@V<lambda_9d71df4d7cf3f480f8d633942495c3b0>@@@?$__crt_seh_guarded_call@H@@QEAAH$$QEAV<lambda_e24bbb7b643b32fcea6fa61b31d4c984>@@AEAV<lambda_275893d493268fdec8709772e3fcec0e>@@$$QEAV<lambda_9d71df4d7cf3f480f8d633942495c3b0>@@@Z 000000018000d20c f i libucrt:onexit.obj
 0001:0000c588       _crt_atexit                000000018000d588 f   libucrt:onexit.obj
 0001:0000c598       _execute_onexit_table      000000018000d598 f   libucrt:onexit.obj
 0001:0000c5d4       _initialize_onexit_table   000000018000d5d4 f   libucrt:onexit.obj
 0001:0000c614       _register_onexit_function  000000018000d614 f   libucrt:onexit.obj
 0001:0000c6a4       __acrt_uninitialize_command_line 000000018000d6a4 f   libucrt:argv_data.obj
 0001:0000c794       __acrt_initialize          000000018000d794 f   libucrt:initialization.obj
 0001:0000c7a8       __acrt_thread_attach       000000018000d7a8 f   libucrt:initialization.obj
 0001:0000c7bc       __acrt_thread_detach       000000018000d7bc f   libucrt:initialization.obj
 0001:0000c7cc       __acrt_uninitialize        000000018000d7cc f   libucrt:initialization.obj
 0001:0000c7e0       __acrt_uninitialize_critical 000000018000d7e0 f   libucrt:initialization.obj
 0001:0000c7f0       terminate                  000000018000d7f0 f   libucrt:terminate.obj
 0001:0000c818       _free_base                 000000018000d818 f   libucrt:free_base.obj
 0001:0000c858       _malloc_base               000000018000d858 f   libucrt:malloc_base.obj
 0001:0000c8b8       strcpy_s                   000000018000d8b8 f   libucrt:strcpy_s.obj
 0001:0000c918       abort                      000000018000d918 f   libucrt:abort.obj
 0001:0000c970       _calloc_base               000000018000d970 f   libucrt:calloc_base.obj
 0001:0000c9e8       ??$is_overflow_condition@K@__crt_strtox@@YA_NIK@Z 000000018000d9e8 f i libucrt:atox.obj
 0001:0000ca14       ??$parse_integer@KV?$c_string_character_source@D@__crt_strtox@@@__crt_strtox@@YAKQEAU__crt_locale_pointers@@V?$c_string_character_source@D@0@H_N@Z 000000018000da14 f i libucrt:atox.obj
 0001:0000cd28       ??$parse_integer@KV?$c_string_character_source@_W@__crt_strtox@@@__crt_strtox@@YAKQEAU__crt_locale_pointers@@V?$c_string_character_source@_W@0@H_N@Z 000000018000dd28 f i libucrt:atox.obj
 0001:0000d3fc       __acrt_call_reportfault    000000018000e3fc f   libucrt:invalid_parameter.obj
 0001:0000d558       __acrt_initialize_invalid_parameter_handler 000000018000e558 f   libucrt:invalid_parameter.obj
 0001:0000d560       _invalid_parameter         000000018000e560 f   libucrt:invalid_parameter.obj
 0001:0000d608       _invalid_parameter_noinfo  000000018000e608 f   libucrt:invalid_parameter.obj
 0001:0000d628       _invoke_watson             000000018000e628 f   libucrt:invalid_parameter.obj
 0001:0000d670       _query_app_type            000000018000e670 f   libucrt:report_runtime_error.obj
 0001:0000d678       __acrt_errno_from_os_error 000000018000e678 f   libucrt:errno.obj
 0001:0000d6c0       __acrt_errno_map_os_error  000000018000e6c0 f   libucrt:errno.obj
 0001:0000d710       __doserrno                 000000018000e710 f   libucrt:errno.obj
 0001:0000d730       _errno                     000000018000e730 f   libucrt:errno.obj
 0001:0000d878       _itow_s                    000000018000e878 f   libucrt:xtoa.obj
 0001:0000d898       _set_error_mode            000000018000e898 f   libucrt:set_error_mode.obj
 0001:0000d8d8       wcscat_s                   000000018000e8d8 f   libucrt:wcscat_s.obj
 0001:0000d958       wcscpy_s                   000000018000e958 f   libucrt:wcscpy_s.obj
 0001:0000d9c0       wcsncat_s                  000000018000e9c0 f   libucrt:wcsncat_s.obj
 0001:0000dae8       __acrt_show_wide_message_box 000000018000eae8 f   libucrt:crtmbox.obj
 0001:0000dc04       __acrt_initialize_stdio    000000018000ec04 f   libucrt:_file.obj
 0001:0000dd24       __acrt_iob_func            000000018000ed24 f   libucrt:_file.obj
 0001:0000dd38       __acrt_uninitialize_stdio  000000018000ed38 f   libucrt:_file.obj
 0001:0000dd94       _lock_file                 000000018000ed94 f   libucrt:_file.obj
 0001:0000dda0       _unlock_file               000000018000eda0 f   libucrt:_file.obj
 0001:0000ddac       __acrt_stdio_flush_nolock  000000018000edac f   libucrt:fflush.obj
 0001:0000de24       _fflush_nolock             000000018000ee24 f   libucrt:fflush.obj
 0001:0000de70       _flushall                  000000018000ee70 f   libucrt:fflush.obj
 0001:0000df60       fflush                     000000018000ef60 f   libucrt:fflush.obj
 0001:0000dfa4       ??$?RV<lambda_7a5ef57ff966f610505f1d28a3d40618>@@AEAV<lambda_b721fa326cdb32351d23dfa67958c160>@@V<lambda_5e0fb27672408a07956fe59e48ccb2aa>@@@?$__crt_seh_guarded_call@H@@QEAAH$$QEAV<lambda_7a5ef57ff966f610505f1d28a3d40618>@@AEAV<lambda_b721fa326cdb32351d23dfa67958c160>@@$$QEAV<lambda_5e0fb27672408a07956fe59e48ccb2aa>@@@Z 000000018000efa4 f i libucrt:setvbuf.obj
 0001:0000e0d4       setvbuf                    000000018000f0d4 f   libucrt:setvbuf.obj
 0001:0000e174       ??$?RV<lambda_c36588078e9f5dfd39652860aa6b3aaf>@@AEAV<lambda_ec61778202f4f5fc7e7711acc23c3bca>@@V<lambda_dc9d2797ccde5d239b4a0efae8ebd7db>@@@?$__crt_seh_guarded_call@P6AXH@Z@@QEAAP6AXH@Z$$QEAV<lambda_c36588078e9f5dfd39652860aa6b3aaf>@@AEAV<lambda_ec61778202f4f5fc7e7711acc23c3bca>@@$$QEAV<lambda_dc9d2797ccde5d239b4a0efae8ebd7db>@@@Z 000000018000f174 f i libucrt:signal.obj
 0001:0000e1bc       __acrt_get_sigabrt_handler 000000018000f1bc f   libucrt:signal.obj
 0001:0000e1ec       __acrt_initialize_signal_handlers 000000018000f1ec f   libucrt:signal.obj
 0001:0000e20c       raise                      000000018000f20c f   libucrt:signal.obj
 0001:0000e648       __acrt_FlsAlloc            000000018000f648 f   libucrt:winapi_thunks.obj
 0001:0000e6a0       __acrt_FlsFree             000000018000f6a0 f   libucrt:winapi_thunks.obj
 0001:0000e6f8       __acrt_FlsGetValue         000000018000f6f8 f   libucrt:winapi_thunks.obj
 0001:0000e750       __acrt_FlsSetValue         000000018000f750 f   libucrt:winapi_thunks.obj
 0001:0000e7b8       __acrt_InitializeCriticalSectionEx 000000018000f7b8 f   libucrt:winapi_thunks.obj
 0001:0000e830       __acrt_LCMapStringEx       000000018000f830 f   libucrt:winapi_thunks.obj
 0001:0000e920       __acrt_LocaleNameToLCID    000000018000f920 f   libucrt:winapi_thunks.obj
 0001:0000e988       __acrt_MessageBoxW         000000018000f988 f   libucrt:winapi_thunks.obj
 0001:0000ea10       __acrt_can_show_message_box 000000018000fa10 f   libucrt:winapi_thunks.obj
 0001:0000ea6c       __acrt_get_parent_window   000000018000fa6c f   libucrt:winapi_thunks.obj
 0001:0000eafc       __acrt_initialize_winapi_thunks 000000018000fafc f   libucrt:winapi_thunks.obj
 0001:0000eb34       __acrt_is_interactive      000000018000fb34 f   libucrt:winapi_thunks.obj
 0001:0000ec08       __acrt_is_packaged_app     000000018000fc08 f   libucrt:winapi_thunks.obj
 0001:0000ec90       __acrt_uninitialize_winapi_thunks 000000018000fc90 f   libucrt:winapi_thunks.obj
 0001:0000ecd4       __pctype_func              000000018000fcd4 f   libucrt:ctype.obj
 0001:0000ed04       _isctype_l                 000000018000fd04 f   libucrt:isctype.obj
 0001:0000ee14       ??$?RV<lambda_46352004c1216016012b18bd6f87e700>@@AEAV<lambda_3bd07e1a1191394380780325891bf33f>@@V<lambda_334532d3f185bcaa59b5be82d7d22bff>@@@?$__crt_seh_guarded_call@X@@QEAAX$$QEAV<lambda_46352004c1216016012b18bd6f87e700>@@AEAV<lambda_3bd07e1a1191394380780325891bf33f>@@$$QEAV<lambda_334532d3f185bcaa59b5be82d7d22bff>@@@Z 000000018000fe14 f i libucrt:per_thread_data.obj
 0001:0000ee74       ??$?RV<lambda_5e887d1dcbef67a5eb4283622ba103bf>@@AEAV<lambda_4466841279450cc726390878d4a41900>@@V<lambda_341c25c0346d94847f1f3c463c57e077>@@@?$__crt_seh_guarded_call@X@@QEAAX$$QEAV<lambda_5e887d1dcbef67a5eb4283622ba103bf>@@AEAV<lambda_4466841279450cc726390878d4a41900>@@$$QEAV<lambda_341c25c0346d94847f1f3c463c57e077>@@@Z 000000018000fe74 f i libucrt:per_thread_data.obj
 0001:0000eebc       ??$?RV<lambda_72d1df2b273a38828b1ce30cbf4cdab5>@@AEAV<lambda_876a65b173b8412d3a47c70a915b0cf4>@@V<lambda_41932305e351933ebe8f8be3ed8bb5dc>@@@?$__crt_seh_guarded_call@X@@QEAAX$$QEAV<lambda_72d1df2b273a38828b1ce30cbf4cdab5>@@AEAV<lambda_876a65b173b8412d3a47c70a915b0cf4>@@$$QEAV<lambda_41932305e351933ebe8f8be3ed8bb5dc>@@@Z 000000018000febc f i libucrt:per_thread_data.obj
 0001:0000eefc       ??$?RV<lambda_fb3a7dec4e47f37f22dae91bb15c9095>@@AEAV<lambda_698284760c8add0bfb0756c19673e34b>@@V<lambda_dfb8eca1e75fef3034a8fb18dd509707>@@@?$__crt_seh_guarded_call@X@@QEAAX$$QEAV<lambda_fb3a7dec4e47f37f22dae91bb15c9095>@@AEAV<lambda_698284760c8add0bfb0756c19673e34b>@@$$QEAV<lambda_dfb8eca1e75fef3034a8fb18dd509707>@@@Z 000000018000fefc f i libucrt:per_thread_data.obj
 0001:0000f18c       __acrt_freeptd             000000018001018c f   libucrt:per_thread_data.obj
 0001:0000f1d0       __acrt_getptd              00000001800101d0 f   libucrt:per_thread_data.obj
 0001:0000f264       __acrt_getptd_noexit       0000000180010264 f   libucrt:per_thread_data.obj
 0001:0000f304       __acrt_initialize_ptd      0000000180010304 f   libucrt:per_thread_data.obj
 0001:0000f340       __acrt_uninitialize_ptd    0000000180010340 f   libucrt:per_thread_data.obj
 0001:0000f364       __acrt_update_locale_info  0000000180010364 f   libucrt:locale_update.obj
 0001:0000f398       __acrt_update_multibyte_info 0000000180010398 f   libucrt:locale_update.obj
 0001:0000f3cc       __acrt_set_locale_changed  00000001800103cc f   libucrt:wsetlocale.obj
 0001:0000f3d8       __acrt_uninitialize_locale 00000001800103d8 f   libucrt:wsetlocale.obj
 0001:0000f470       _tolower_l                 0000000180010470 f   libucrt:tolower_toupper.obj
 0001:0000f5b0       tolower                    00000001800105b0 f   libucrt:tolower_toupper.obj
 0001:0000f5dc       ??$make_c_string_character_source@_WPEAPEA_W@__crt_strtox@@YA?AV?$c_string_character_source@_W@0@QEB_WQEAPEA_W@Z 00000001800105dc f i libucrt:strtox.obj
 0001:0000f5dc       ??$make_c_string_character_source@DPEAPEAD@__crt_strtox@@YA?AV?$c_string_character_source@D@0@QEBDQEAPEAD@Z 00000001800105dc f i libucrt:strtox.obj
 0001:0000f5f0       strtol                     00000001800105f0 f   libucrt:strtox.obj
 0001:0000f620       wcstol                     0000000180010620 f   libucrt:strtox.obj
 0001:0000f650       _mbtowc_l                  0000000180010650 f   libucrt:mbtowc.obj
 0001:0000f798       mbtowc                     0000000180010798 f   libucrt:mbtowc.obj
 0001:0000f7a0       _wctomb_s_l                00000001800107a0 f   libucrt:wctomb.obj
 0001:0000f924       wctomb_s                   0000000180010924 f   libucrt:wctomb.obj
 0001:0000f938       strnlen                    0000000180010938 f   libucrt:strnlen.obj
 0001:0000fa94       wcsnlen                    0000000180010a94 f   libucrt:strnlen.obj
 0001:0000fc84       ?__acrt_fp_classify@@YA?AW4__acrt_fp_class@@AEBN@Z 0000000180010c84 f i libucrt:cvt.obj
 0001:000106bc       __acrt_fp_format           00000001800116bc f   libucrt:cvt.obj
 0001:00010900       _fputwc_nolock             0000000180011900 f   libucrt:fputwc.obj
 0001:00010a7c       _fileno                    0000000180011a7c f   libucrt:fileno.obj
 0001:00010aa4       _fputc_nolock              0000000180011aa4 f   libucrt:fputc.obj
 0001:00010abc       _get_printf_count_output   0000000180011abc f   libucrt:printf_count_output.obj
 0001:00010ad4       __acrt_stdio_begin_temporary_buffering_nolock 0000000180011ad4 f   libucrt:_sftbuf.obj
 0001:00010ba4       __acrt_stdio_end_temporary_buffering_nolock 0000000180011ba4 f   libucrt:_sftbuf.obj
 0001:00010dc8       __acrt_initialize_lowio    0000000180011dc8 f   libucrt:ioinit.obj
 0001:00010e04       __acrt_uninitialize_lowio  0000000180011e04 f   libucrt:ioinit.obj
 0001:00010e44       __acrt_initialize_locks    0000000180011e44 f   libucrt:locks.obj
 0001:00010e8c       __acrt_lock                0000000180011e8c f   libucrt:locks.obj
 0001:00010ea8       __acrt_uninitialize_locks  0000000180011ea8 f   libucrt:locks.obj
 0001:00010ee0       __acrt_unlock              0000000180011ee0 f   libucrt:locks.obj
 0001:000113d8       ?expand_if_necessary@?$argument_list@D@?A0xca0879c4@@AEAAHXZ 00000001800123d8 f i libucrt:argv_wildcards.obj
 0001:000114a0       __acrt_expand_narrow_argv_wildcards 00000001800124a0 f   libucrt:argv_wildcards.obj
 0001:000114a8       ??$?RV<lambda_99476a1ad63dd22509b5d3e65b0ffc95>@@AEAV<lambda_ad1ced32f4ac17aa236e5ef05d6b3b7c>@@V<lambda_f7424dd8d45958661754dc4f2697e9c3>@@@?$__crt_seh_guarded_call@X@@QEAAX$$QEAV<lambda_99476a1ad63dd22509b5d3e65b0ffc95>@@AEAV<lambda_ad1ced32f4ac17aa236e5ef05d6b3b7c>@@$$QEAV<lambda_f7424dd8d45958661754dc4f2697e9c3>@@@Z 00000001800124a8 f i libucrt:mbctype.obj
 0001:00011ba4       __acrt_initialize_multibyte 0000000180012ba4 f   libucrt:mbctype.obj
 0001:00011bcc       __acrt_update_thread_multibyte_data 0000000180012bcc f   libucrt:mbctype.obj
 0001:00011c8c       _setmbcp_nolock            0000000180012c8c f   libucrt:mbctype.obj
 0001:00011fac       _ismbblead                 0000000180012fac f   libucrt:ismbbyte.obj
 0001:00011fc0       __acrt_initialize_command_line 0000000180012fc0 f   libucrt:argv_data.obj
 0001:00011fe8       __dcrt_get_narrow_environment_from_os 0000000180012fe8 f   libucrt:get_environment_from_os.obj
 0001:000120ec       _recalloc                  00000001800130ec f   libucrt:recalloc.obj
 0001:000120f4       _recalloc_base             00000001800130f4 f   libucrt:recalloc.obj
 0001:0001218c       __acrt_initialize_heap     000000018001318c f   libucrt:heap_handle.obj
 0001:000121a8       __acrt_uninitialize_heap   00000001800131a8 f   libucrt:heap_handle.obj
 0001:000121b4       __acrt_execute_initializers 00000001800131b4 f   libucrt:shared_initialization.obj
 0001:00012248       __acrt_execute_uninitializers 0000000180013248 f   libucrt:shared_initialization.obj
 0001:00012298       __acrt_initialize_new_handler 0000000180013298 f   libucrt:new_handler.obj
 0001:000122a0       _callnewh                  00000001800132a0 f   libucrt:new_handler.obj
 0001:000122e0       _query_new_handler         00000001800132e0 f   libucrt:new_handler.obj
 0001:00012314       __acrt_has_user_matherr    0000000180013314 f   libucrt:matherr.obj
 0001:00012334       __acrt_initialize_user_matherr 0000000180013334 f   libucrt:matherr.obj
 0001:0001233c       __acrt_invoke_user_matherr 000000018001333c f   libucrt:matherr.obj
 0001:00012384       _query_new_mode            0000000180013384 f   libucrt:new_mode.obj
 0001:0001238c       iswctype                   000000018001338c f   libucrt:iswctype.obj
 0001:000123fc       _fcloseall                 00000001800133fc f   libucrt:closeall.obj
 0001:000124b0       __acrt_stdio_free_buffer_nolock 00000001800134b0 f   libucrt:_freebuf.obj
 0001:000124f0       ??$?RV<lambda_b521505b218e5242e90febf6bfebc422>@@AEAV<lambda_6978c1fb23f02e42e1d9e99668cc68aa>@@V<lambda_314360699dd331753a4119843814e9a7>@@@?$__crt_seh_guarded_call@H@@QEAAH$$QEAV<lambda_b521505b218e5242e90febf6bfebc422>@@AEAV<lambda_6978c1fb23f02e42e1d9e99668cc68aa>@@$$QEAV<lambda_314360699dd331753a4119843814e9a7>@@@Z 00000001800134f0 f i libucrt:commit.obj
 0001:0001257c       _commit                    000000018001357c f   libucrt:commit.obj
 0001:00012bb0       _write                     0000000180013bb0 f   libucrt:write.obj
 0001:00012c9c       _write_nolock              0000000180013c9c f   libucrt:write.obj
 0001:00013048       __acrt_DownlevelLocaleNameToLCID 0000000180014048 f   libucrt:lcidtoname_downlevel.obj
 0001:0001307c       _isleadbyte_l              000000018001407c f i libucrt:_wctype.obj
 0001:000130bc       __acrt_GetStringTypeA      00000001800140bc f   libucrt:getstringtypea.obj
 0001:00013270       __acrt_add_locale_ref      0000000180014270 f   libucrt:locale_refcounting.obj
 0001:000132fc       __acrt_free_locale         00000001800142fc f   libucrt:locale_refcounting.obj
 0001:00013474       __acrt_locale_add_lc_time_reference 0000000180014474 f   libucrt:locale_refcounting.obj
 0001:0001349c       __acrt_locale_free_lc_time_if_unreferenced 000000018001449c f   libucrt:locale_refcounting.obj
 0001:000134d4       __acrt_locale_release_lc_time_reference 00000001800144d4 f   libucrt:locale_refcounting.obj
 0001:000134fc       __acrt_release_locale_ref  00000001800144fc f   libucrt:locale_refcounting.obj
 0001:000135a4       __acrt_update_thread_locale_data 00000001800145a4 f   libucrt:locale_refcounting.obj
 0001:00013614       _updatetlocinfoEx_nolock   0000000180014614 f   libucrt:locale_refcounting.obj
 0001:0001367c       __acrt_locale_free_monetary 000000018001467c f   libucrt:initmon.obj
 0001:00013788       __acrt_locale_free_numeric 0000000180014788 f   libucrt:initnum.obj
 0001:0001384c       __acrt_locale_free_time    000000018001484c f   libucrt:inittime.obj
 0001:00013cb0       __acrt_LCMapStringA        0000000180014cb0 f   libucrt:lcmapstringa.obj
 0001:00013d48       __acrt_fp_strflt_to_string 0000000180014d48 f   libucrt:_fptostr.obj
 0001:00013e10       ?divide@__crt_strtox@@YA_KAEAUbig_integer@1@AEBU21@@Z 0000000180014e10 f i libucrt:cfout.obj
 0001:000142e0       __acrt_fltout              00000001800152e0 f   libucrt:cfout.obj
 0001:000158e4       __acrt_stdio_flush_and_write_narrow_nolock 00000001800168e4 f   libucrt:_flsbuf.obj
 0001:000159cc       __acrt_stdio_flush_and_write_wide_nolock 00000001800169cc f   libucrt:_flsbuf.obj
 0001:00015ab8       _isatty                    0000000180016ab8 f   libucrt:isatty.obj
 0001:00015b18       __acrt_lowio_create_handle_array 0000000180016b18 f   libucrt:osfinfo.obj
 0001:00015bb0       __acrt_lowio_destroy_handle_array 0000000180016bb0 f   libucrt:osfinfo.obj
 0001:00015c00       __acrt_lowio_ensure_fh_exists 0000000180016c00 f   libucrt:osfinfo.obj
 0001:00015cb8       __acrt_lowio_lock_fh       0000000180016cb8 f   libucrt:osfinfo.obj
 0001:00015cdc       __acrt_lowio_unlock_fh     0000000180016cdc f   libucrt:osfinfo.obj
 0001:00015d00       _free_osfhnd               0000000180016d00 f   libucrt:osfinfo.obj
 0001:00015dbc       _get_osfhandle             0000000180016dbc f   libucrt:osfinfo.obj
 0001:00015f10       qsort                      0000000180016f10 f   libucrt:qsort.obj
 0001:00016244       strncpy_s                  0000000180017244 f   libucrt:strncpy_s.obj
 0001:00016318       strpbrk                    0000000180017318 f   libucrt:strpbrk.obj
 0001:000163b8       _mbsdec                    00000001800173b8 f   libucrt:mbsdec.obj
 0001:000163c0       _mbsdec_l                  00000001800173c0 f   libucrt:mbsdec.obj
 0001:00016470       _msize                     0000000180017470 f   libucrt:msize.obj
 0001:000164ac       _realloc_base              00000001800174ac f   libucrt:realloc_base.obj
 0001:00016530       _fclose_nolock             0000000180017530 f   libucrt:fclose.obj
 0001:000165b4       fclose                     00000001800175b4 f   libucrt:fclose.obj
 0001:000167ac       _lseeki64                  00000001800177ac f   libucrt:lseek.obj
 0001:000167b4       _lseeki64_nolock           00000001800177b4 f   libucrt:lseek.obj
 0001:000167bc       _putwch_nolock             00000001800177bc f   libucrt:putwch.obj
 0001:00016818       __strncnt                  0000000180017818 f   libucrt:strncnt.obj
 0001:00016830       fegetenv                   0000000180017830 f   libucrt:fegetenv.obj
 0001:00016850       fesetenv                   0000000180017850 f   libucrt:fesetenv.obj
 0001:0001689c       feholdexcept               000000018001789c f   libucrt:feholdexcept.obj
 0001:000168ec       ceil                       00000001800178ec f   libucrt:ceil.obj
 0001:000169b0       log10                      00000001800179b0 f   libucrt:log10.obj
 0001:00016f5c       __acrt_stdio_allocate_buffer_nolock 0000000180017f5c f   libucrt:_getbuf.obj
 0001:00016fc0       ??$?RV<lambda_bfedae4ebbf01fab1bb6dcc6a9e276e0>@@AEAV<lambda_2fe9b910cf3cbf4a0ab98a02ba45b3ec>@@V<lambda_237c231691f317818eb88cc1d5d642d6>@@@?$__crt_seh_guarded_call@H@@QEAAH$$QEAV<lambda_bfedae4ebbf01fab1bb6dcc6a9e276e0>@@AEAV<lambda_2fe9b910cf3cbf4a0ab98a02ba45b3ec>@@$$QEAV<lambda_237c231691f317818eb88cc1d5d642d6>@@@Z 0000000180017fc0 f i libucrt:close.obj
 0001:00017034       _close                     0000000180018034 f   libucrt:close.obj
 0001:000170d8       _close_nolock              00000001800180d8 f   libucrt:close.obj
 0001:00017194       ?__acrt_stdio_free_stream@@YAXV__crt_stdio_stream@@@Z 0000000180018194 f   libucrt:stream.obj
 0001:000171d8       __dcrt_lowio_initialize_console_output 00000001800181d8 f   libucrt:initcon.obj
 0001:00017214       __dcrt_terminate_console_output 0000000180018214 f   libucrt:initcon.obj
 0001:00017234       _getfpcontrolword          0000000180018234 f   libucrt:_fenvutils.obj
 0001:0001724c       _getfpstatusword           000000018001824c f   libucrt:_fenvutils.obj
 0001:00017260       _setfpcontrolword          0000000180018260 f   libucrt:_fenvutils.obj
 0001:0001726c       _setfpstatusword           000000018001826c f   libucrt:_fenvutils.obj
 0001:000172bc       _clearfp                   00000001800182bc f   libucrt:ieee.obj
 0001:00017310       _controlfp                 0000000180018310 f   libucrt:ieee.obj
 0001:0001731c       _statusfp                  000000018001831c f   libucrt:ieee.obj
 0001:00017720       _handle_error              0000000180018720 f   libucrt:libm_error.obj
 0001:00017848       _handle_nan                0000000180018848 f   libucrt:libm_error.obj
 0001:00017870       __acrt_initialize_fma3     0000000180018870 f   libucrt:fma3_available.obj
 0001:000178e0       _log10_special             00000001800188e0 f   libucrt:log_special.obj
 0001:000179b0       _get_fpsr                  00000001800189b0 f   libucrt:fpsr.obj
 0001:000179c0       _set_fpsr                  00000001800189c0 f   libucrt:fpsr.obj
 0001:000179ca       _fclrf                     00000001800189ca f   libucrt:fpsr.obj
 0001:000179de       _frnd                      00000001800189de f   libucrt:fpsr.obj
 0001:00017a00       _raise_exc                 0000000180018a00 f   libucrt:fpexcept.obj
 0001:00017a28       _raise_exc_ex              0000000180018a28 f   libucrt:fpexcept.obj
 0001:00017d30       _set_errno_from_matherr    0000000180018d30 f   libucrt:fpexcept.obj
 0001:00017d60       _clrfp                     0000000180018d60 f   libucrt:fpctrl.obj
 0001:00017d80       _ctrlfp                    0000000180018d80 f   libucrt:fpctrl.obj
 0001:00017dfc       _set_statfp                0000000180018dfc f   libucrt:fpctrl.obj
 0001:00017e1c       _statfp                    0000000180018e1c f   libucrt:fpctrl.obj
 0001:00017e2e       IsProcessorFeaturePresent  0000000180018e2e f   kernel32:KERNEL32.dll
 0001:00017e34       RtlUnwindEx                0000000180018e34 f   kernel32:KERNEL32.dll
 0001:00017e40       _FindPESection             0000000180018e40 f   LIBCMT:pesect.obj
 0001:00017e90       _IsNonwritableInCurrentImage 0000000180018e90 f   LIBCMT:pesect.obj
 0001:00017ee0       _ValidateImageBase         0000000180018ee0 f   LIBCMT:pesect.obj
 0001:00017f10       __GSHandlerCheck           0000000180018f10 f   LIBCMT:_gshandler_.obj
 0001:00017f30       __GSHandlerCheckCommon     0000000180018f30 f   LIBCMT:_gshandler_.obj
 0001:00017fa0       __chkstk                   0000000180018fa0 f   LIBCMT:_chkstk_.obj
 0001:00017fa0       _alloca_probe              0000000180018fa0 f   LIBCMT:_chkstk_.obj
 0001:00018010       memmove                    0000000180019010 f   libvcruntime:memcpy.obj
 0001:00018010       memcpy                     0000000180019010 f   libvcruntime:memcpy.obj
 0001:00018460       memcmp                     0000000180019460 f   libvcruntime:memcmp.obj
 0001:00018528       strrchr                    0000000180019528 f   libvcruntime:strrchr.obj
 0001:00018668       floor                      0000000180019668 f   libucrt:floor.obj
 0001:00018730       _guard_dispatch_icall_nop  0000000180019730 f   LIBCMT:_guard_dispatch_.obj
 0002:00000000       __imp_SelectObject         000000018001a000     gdi32:GDI32.dll
 0002:00000008       __imp_CreateDIBSection     000000018001a008     gdi32:GDI32.dll
 0002:00000010       __imp_CreateCompatibleDC   000000018001a010     gdi32:GDI32.dll
 0002:00000018       __imp_DeleteDC             000000018001a018     gdi32:GDI32.dll
 0002:00000020       __imp_DeleteObject         000000018001a020     gdi32:GDI32.dll
 0002:00000028       __imp_BitBlt               000000018001a028     gdi32:GDI32.dll
 0002:00000030       \177GDI32_NULL_THUNK_DATA  000000018001a030     gdi32:GDI32.dll
 0002:00000038       __imp_SetStdHandle         000000018001a038     kernel32:KERNEL32.dll
 0002:00000040       __imp_GetConsoleMode       000000018001a040     kernel32:KERNEL32.dll
 0002:00000048       __imp_HeapSize             000000018001a048     kernel32:KERNEL32.dll
 0002:00000050       __imp_FlushFileBuffers     000000018001a050     kernel32:KERNEL32.dll
 0002:00000058       __imp_GetStringTypeW       000000018001a058     kernel32:KERNEL32.dll
 0002:00000060       __imp_GetProcessHeap       000000018001a060     kernel32:KERNEL32.dll
 0002:00000068       __imp_HeapReAlloc          000000018001a068     kernel32:KERNEL32.dll
 0002:00000070       __imp_SetFilePointerEx     000000018001a070     kernel32:KERNEL32.dll
 0002:00000078       __imp_CreateFileW          000000018001a078     kernel32:KERNEL32.dll
 0002:00000080       __imp_GetConsoleCP         000000018001a080     kernel32:KERNEL32.dll
 0002:00000088       __imp_Sleep                000000018001a088     kernel32:KERNEL32.dll
 0002:00000090       __imp_FreeEnvironmentStringsW 000000018001a090     kernel32:KERNEL32.dll
 0002:00000098       __imp_GetEnvironmentStringsW 000000018001a098     kernel32:KERNEL32.dll
 0002:000000a0       __imp_GetCommandLineW      000000018001a0a0     kernel32:KERNEL32.dll
 0002:000000a8       __imp_GetCommandLineA      000000018001a0a8     kernel32:KERNEL32.dll
 0002:000000b0       __imp_GetCPInfo            000000018001a0b0     kernel32:KERNEL32.dll
 0002:000000b8       __imp_GetOEMCP             000000018001a0b8     kernel32:KERNEL32.dll
 0002:000000c0       __imp_IsValidCodePage      000000018001a0c0     kernel32:KERNEL32.dll
 0002:000000c8       __imp_FindNextFileA        000000018001a0c8     kernel32:KERNEL32.dll
 0002:000000d0       __imp_FindFirstFileExA     000000018001a0d0     kernel32:KERNEL32.dll
 0002:000000d8       __imp_FindClose            000000018001a0d8     kernel32:KERNEL32.dll
 0002:000000e0       __imp_GetACP               000000018001a0e0     kernel32:KERNEL32.dll
 0002:000000e8       __imp_LCMapStringW         000000018001a0e8     kernel32:KERNEL32.dll
 0002:000000f0       __imp_CreateThread         000000018001a0f0     kernel32:KERNEL32.dll
 0002:000000f8       __imp_WaitForSingleObjectEx 000000018001a0f8     kernel32:KERNEL32.dll
 0002:00000100       __imp_CloseHandle          000000018001a100     kernel32:KERNEL32.dll
 0002:00000108       __imp_OutputDebugStringW   000000018001a108     kernel32:KERNEL32.dll
 0002:00000110       __imp_WriteFile            000000018001a110     kernel32:KERNEL32.dll
 0002:00000118       __imp_HeapAlloc            000000018001a118     kernel32:KERNEL32.dll
 0002:00000120       __imp_HeapFree             000000018001a120     kernel32:KERNEL32.dll
 0002:00000128       __imp_WideCharToMultiByte  000000018001a128     kernel32:KERNEL32.dll
 0002:00000130       __imp_MultiByteToWideChar  000000018001a130     kernel32:KERNEL32.dll
 0002:00000138       __imp_ExitProcess          000000018001a138     kernel32:KERNEL32.dll
 0002:00000140       __imp_QueryPerformanceFrequency 000000018001a140     kernel32:KERNEL32.dll
 0002:00000148       __imp_WriteConsoleW        000000018001a148     kernel32:KERNEL32.dll
 0002:00000150       __imp_GetModuleHandleExW   000000018001a150     kernel32:KERNEL32.dll
 0002:00000158       __imp_GetModuleFileNameW   000000018001a158     kernel32:KERNEL32.dll
 0002:00000160       __imp_GetModuleFileNameA   000000018001a160     kernel32:KERNEL32.dll
 0002:00000168       __imp_GetFileType          000000018001a168     kernel32:KERNEL32.dll
 0002:00000170       __imp_GetStdHandle         000000018001a170     kernel32:KERNEL32.dll
 0002:00000178       __imp_LoadLibraryExW       000000018001a178     kernel32:KERNEL32.dll
 0002:00000180       __imp_GetProcAddress       000000018001a180     kernel32:KERNEL32.dll
 0002:00000188       __imp_FreeLibrary          000000018001a188     kernel32:KERNEL32.dll
 0002:00000190       __imp_TlsFree              000000018001a190     kernel32:KERNEL32.dll
 0002:00000198       __imp_TlsSetValue          000000018001a198     kernel32:KERNEL32.dll
 0002:000001a0       __imp_TlsGetValue          000000018001a1a0     kernel32:KERNEL32.dll
 0002:000001a8       __imp_TlsAlloc             000000018001a1a8     kernel32:KERNEL32.dll
 0002:000001b0       __imp_InitializeCriticalSectionAndSpinCount 000000018001a1b0     kernel32:KERNEL32.dll
 0002:000001b8       __imp_RtlCaptureContext    000000018001a1b8     kernel32:KERNEL32.dll
 0002:000001c0       __imp_RtlLookupFunctionEntry 000000018001a1c0     kernel32:KERNEL32.dll
 0002:000001c8       __imp_RtlVirtualUnwind     000000018001a1c8     kernel32:KERNEL32.dll
 0002:000001d0       __imp_UnhandledExceptionFilter 000000018001a1d0     kernel32:KERNEL32.dll
 0002:000001d8       __imp_SetUnhandledExceptionFilter 000000018001a1d8     kernel32:KERNEL32.dll
 0002:000001e0       __imp_GetCurrentProcess    000000018001a1e0     kernel32:KERNEL32.dll
 0002:000001e8       __imp_TerminateProcess     000000018001a1e8     kernel32:KERNEL32.dll
 0002:000001f0       __imp_IsProcessorFeaturePresent 000000018001a1f0     kernel32:KERNEL32.dll
 0002:000001f8       __imp_QueryPerformanceCounter 000000018001a1f8     kernel32:KERNEL32.dll
 0002:00000200       __imp_GetCurrentProcessId  000000018001a200     kernel32:KERNEL32.dll
 0002:00000208       __imp_GetCurrentThreadId   000000018001a208     kernel32:KERNEL32.dll
 0002:00000210       __imp_GetSystemTimeAsFileTime 000000018001a210     kernel32:KERNEL32.dll
 0002:00000218       __imp_InitializeSListHead  000000018001a218     kernel32:KERNEL32.dll
 0002:00000220       __imp_IsDebuggerPresent    000000018001a220     kernel32:KERNEL32.dll
 0002:00000228       __imp_GetStartupInfoW      000000018001a228     kernel32:KERNEL32.dll
 0002:00000230       __imp_GetModuleHandleW     000000018001a230     kernel32:KERNEL32.dll
 0002:00000238       __imp_RtlUnwindEx          000000018001a238     kernel32:KERNEL32.dll
 0002:00000240       __imp_InterlockedFlushSList 000000018001a240     kernel32:KERNEL32.dll
 0002:00000248       __imp_GetLastError         000000018001a248     kernel32:KERNEL32.dll
 0002:00000250       __imp_SetLastError         000000018001a250     kernel32:KERNEL32.dll
 0002:00000258       __imp_EnterCriticalSection 000000018001a258     kernel32:KERNEL32.dll
 0002:00000260       __imp_LeaveCriticalSection 000000018001a260     kernel32:KERNEL32.dll
 0002:00000268       __imp_DeleteCriticalSection 000000018001a268     kernel32:KERNEL32.dll
 0002:00000270       __imp_RaiseException       000000018001a270     kernel32:KERNEL32.dll
 0002:00000278       \177KERNEL32_NULL_THUNK_DATA 000000018001a278     kernel32:KERNEL32.dll
 0002:00000280       __imp_GetCursorPos         000000018001a280     user32:USER32.dll
 0002:00000288       __imp_mouse_event          000000018001a288     user32:USER32.dll
 0002:00000290       __imp_GetSystemMetrics     000000018001a290     user32:USER32.dll
 0002:00000298       __imp_MapVirtualKeyA       000000018001a298     user32:USER32.dll
 0002:000002a0       __imp_keybd_event          000000018001a2a0     user32:USER32.dll
 0002:000002a8       __imp_VkKeyScanA           000000018001a2a8     user32:USER32.dll
 0002:000002b0       __imp_ReleaseDC            000000018001a2b0     user32:USER32.dll
 0002:000002b8       __imp_GetDC                000000018001a2b8     user32:USER32.dll
 0002:000002c0       __imp_SendInput            000000018001a2c0     user32:USER32.dll
 0002:000002c8       \177USER32_NULL_THUNK_DATA 000000018001a2c8     user32:USER32.dll
 0002:000002d0       __imp_?New@Buffer@node@@YA?AV?$MaybeLocal@VObject@v8@@@v8@@PEAVIsolate@4@PEAD_KP6AX1PEAX@Z3@Z 000000018001a2d0     iojs:node.dll
 0002:000002d8       __imp_node_module_register 000000018001a2d8     iojs:node.dll
 0002:000002e0       __imp_?New@ObjectTemplate@v8@@SA?AV?$Local@VObjectTemplate@v8@@@2@PEAVIsolate@2@V?$Local@VFunctionTemplate@v8@@@2@@Z 000000018001a2e0     iojs:node.dll
 0002:000002e8       __imp_?NewInstance@ObjectTemplate@v8@@QEAA?AV?$MaybeLocal@VObject@v8@@@2@V?$Local@VContext@v8@@@2@@Z 000000018001a2e8     iojs:node.dll
 0002:000002f0       __imp_?SetInternalFieldCount@ObjectTemplate@v8@@QEAAXH@Z 000000018001a2f0     iojs:node.dll
 0002:000002f8       __imp_?Set@Object@v8@@QEAA?AV?$Maybe@_N@2@V?$Local@VContext@v8@@@2@V?$Local@VValue@v8@@@2@1@Z 000000018001a2f8     iojs:node.dll
 0002:00000300       __imp_?Get@Object@v8@@QEAA?AV?$Local@VValue@v8@@@2@I@Z 000000018001a300     iojs:node.dll
 0002:00000308       __imp_?Get@Object@v8@@QEAA?AV?$Local@VValue@v8@@@2@V32@@Z 000000018001a308     iojs:node.dll
 0002:00000310       __imp_?SetInternalField@Object@v8@@QEAAXHV?$Local@VValue@v8@@@2@@Z 000000018001a310     iojs:node.dll
 0002:00000318       __imp_?New@Object@v8@@SA?AV?$Local@VObject@v8@@@2@PEAVIsolate@2@@Z 000000018001a318     iojs:node.dll
 0002:00000320       __imp_?SlowGetInternalField@Object@v8@@AEAA?AV?$Local@VValue@v8@@@2@H@Z 000000018001a320     iojs:node.dll
 0002:00000328       __imp_?New@Number@v8@@SA?AV?$Local@VNumber@v8@@@2@PEAVIsolate@2@N@Z 000000018001a328     iojs:node.dll
 0002:00000330       __imp_?Length@String@v8@@QEBAHXZ 000000018001a330     iojs:node.dll
 0002:00000338       __imp_?WriteUtf8@String@v8@@QEBAHPEADHPEAHH@Z 000000018001a338     iojs:node.dll
 0002:00000340       __imp_?NewFromUtf8@String@v8@@SA?AV?$MaybeLocal@VString@v8@@@2@PEAVIsolate@2@PEBDW4NewStringType@2@H@Z 000000018001a340     iojs:node.dll
 0002:00000348       __imp_??0Utf8Value@String@v8@@QEAA@V?$Local@VValue@v8@@@2@@Z 000000018001a348     iojs:node.dll
 0002:00000350       __imp_??1Utf8Value@String@v8@@QEAA@XZ 000000018001a350     iojs:node.dll
 0002:00000358       __imp_??0EscapableHandleScope@v8@@QEAA@PEAVIsolate@1@@Z 000000018001a358     iojs:node.dll
 0002:00000360       __imp_?Escape@EscapableHandleScope@v8@@AEAAPEAPEAVObject@internal@2@PEAPEAV342@@Z 000000018001a360     iojs:node.dll
 0002:00000368       __imp_?Data@Buffer@node@@YAPEADV?$Local@VValue@v8@@@v8@@@Z 000000018001a368     iojs:node.dll
 0002:00000370       __imp_?ToObject@Value@v8@@QEBA?AV?$MaybeLocal@VObject@v8@@@2@V?$Local@VContext@v8@@@2@@Z 000000018001a370     iojs:node.dll
 0002:00000378       __imp_?ToInt32@Value@v8@@QEBA?AV?$MaybeLocal@VInt32@v8@@@2@V?$Local@VContext@v8@@@2@@Z 000000018001a378     iojs:node.dll
 0002:00000380       __imp_?BooleanValue@Value@v8@@QEBA_NXZ 000000018001a380     iojs:node.dll
 0002:00000388       __imp_?Uint32Value@Value@v8@@QEBAIXZ 000000018001a388     iojs:node.dll
 0002:00000390       __imp_?Int32Value@Value@v8@@QEBAHXZ 000000018001a390     iojs:node.dll
 0002:00000398       __imp_?ToLocalEmpty@V8@v8@@CAXXZ 000000018001a398     iojs:node.dll
 0002:000003a0       __imp_?New@FunctionTemplate@v8@@SA?AV?$Local@VFunctionTemplate@v8@@@2@PEAVIsolate@2@P6AXAEBV?$FunctionCallbackInfo@VValue@v8@@@2@@ZV?$Local@VValue@v8@@@2@V?$Local@VSignature@v8@@@2@HW4ConstructorBehavior@2@@Z 000000018001a3a0     iojs:node.dll
 0002:000003a8       __imp_?GetFunction@FunctionTemplate@v8@@QEAA?AV?$MaybeLocal@VFunction@v8@@@2@V?$Local@VContext@v8@@@2@@Z 000000018001a3a8     iojs:node.dll
 0002:000003b0       __imp_?Length@Array@v8@@QEBAIXZ 000000018001a3b0     iojs:node.dll
 0002:000003b8       __imp_?Error@Exception@v8@@SA?AV?$Local@VValue@v8@@@2@V?$Local@VString@v8@@@2@@Z 000000018001a3b8     iojs:node.dll
 0002:000003c0       __imp_??0HandleScope@v8@@QEAA@PEAVIsolate@1@@Z 000000018001a3c0     iojs:node.dll
 0002:000003c8       __imp_??1HandleScope@v8@@QEAA@XZ 000000018001a3c8     iojs:node.dll
 0002:000003d0       __imp_?CreateHandle@HandleScope@v8@@CAPEAPEAVObject@internal@2@PEAVHeapObject@42@PEAV342@@Z 000000018001a3d0     iojs:node.dll
 0002:000003d8       __imp_?CreateHandle@HandleScope@v8@@KAPEAPEAVObject@internal@2@PEAVIsolate@42@PEAV342@@Z 000000018001a3d8     iojs:node.dll
 0002:000003e0       __imp_?GetCurrent@Isolate@v8@@SAPEAV12@XZ 000000018001a3e0     iojs:node.dll
 0002:000003e8       __imp_?GetCurrentContext@Isolate@v8@@QEAA?AV?$Local@VContext@v8@@@2@XZ 000000018001a3e8     iojs:node.dll
 0002:000003f0       __imp_?ThrowException@Isolate@v8@@QEAA?AV?$Local@VValue@v8@@@2@V32@@Z 000000018001a3f0     iojs:node.dll
 0002:000003f8       __imp_?New@Integer@v8@@SA?AV?$Local@VInteger@v8@@@2@PEAVIsolate@2@H@Z 000000018001a3f8     iojs:node.dll
 0002:00000400       __imp_?New@External@v8@@SA?AV?$Local@VExternal@v8@@@2@PEAVIsolate@2@PEAX@Z 000000018001a400     iojs:node.dll
 0002:00000408       __imp_?Value@External@v8@@QEBAPEAXXZ 000000018001a408     iojs:node.dll
 0002:00000410       __imp_?ToString@Value@v8@@QEBA?AV?$Local@VString@v8@@@2@XZ 000000018001a410     iojs:node.dll
 0002:00000418       __imp_?IsArray@Value@v8@@QEBA_NXZ 000000018001a418     iojs:node.dll
 0002:00000420       \177node_NULL_THUNK_DATA   000000018001a420     iojs:node.dll
 0002:00000428       __guard_check_icall_fptr   000000018001a428     LIBCMT:guard_support.obj
 0002:00000430       __guard_dispatch_icall_fptr 000000018001a430     LIBCMT:guard_support.obj
 0002:00000438       __xc_a                     000000018001a438     LIBCMT:initializers.obj
 0002:00000440       _register_robotjs_         000000018001a440     robotjs.obj
 0002:00000448       __xc_z                     000000018001a448     LIBCMT:initializers.obj
 0002:00000450       __xi_a                     000000018001a450     LIBCMT:initializers.obj
 0002:00000458       __acrt_clock_initializer   000000018001a458     libucrt:clock_initializer.obj
 0002:00000460       __acrt_stdio_initializer   000000018001a460     libucrt:stdio_initializer.obj
 0002:00000468       __acrt_multibyte_initializer 000000018001a468     libucrt:multibyte_initializer.obj
 0002:00000470       __acrt_tran_fma3_initializer 000000018001a470     libucrt:fma3_initializer.obj
 0002:00000478       __xi_z                     000000018001a478     LIBCMT:initializers.obj
 0002:00000480       __xp_a                     000000018001a480     LIBCMT:initializers.obj
 0002:00000488       __acrt_locale_terminator   000000018001a488     libucrt:locale_initializer.obj
 0002:00000490       __dcrt_console_output_terminator 000000018001a490     libucrt:console_output_initializer.obj
 0002:00000498       __acrt_stdio_terminator    000000018001a498     libucrt:stdio_initializer.obj
 0002:000004a0       __xp_z                     000000018001a4a0     LIBCMT:initializers.obj
 0002:000004a8       __xt_a                     000000018001a4a8     LIBCMT:initializers.obj
 0002:000004b0       __xt_z                     000000018001a4b0     LIBCMT:initializers.obj
 0002:000004d0       _pRawDllMain               000000018001a4d0     LIBCMT:dll_dllmain.obj
 0002:000004d0       _pDefaultRawDllMain        000000018001a4d0     LIBCMT:dll_dllmain.obj
 0002:000004f8       ??_C@_1BC@DNHGCMLG@?$AAa?$AAd?$AAv?$AAa?$AAp?$AAi?$AA3?$AA2?$AA?$AA@ 000000018001a4f8     libvcruntime:winapi_downlevel.obj
 0002:00000510       ??_C@_1DM@KHCHBNEB@?$AAa?$AAp?$AAi?$AA?9?$AAm?$AAs?$AA?9?$AAw?$AAi?$AAn?$AA?9?$AAc?$AAo?$AAr?$AAe?$AA?9?$AAf?$AAi?$AAb?$AAe?$AAr?$AAs?$AA?9?$AAl?$AA1?$AA?9?$AA1?$AA?9?$AA1?$AA?$AA@ 000000018001a510     libvcruntime:winapi_downlevel.obj
 0002:00000550       ??_C@_1DK@LPPGFMPP@?$AAa?$AAp?$AAi?$AA?9?$AAm?$AAs?$AA?9?$AAw?$AAi?$AAn?$AA?9?$AAc?$AAo?$AAr?$AAe?$AA?9?$AAs?$AAy?$AAn?$AAc?$AAh?$AA?9?$AAl?$AA1?$AA?9?$AA2?$AA?9?$AA0?$AA?$AA@ 000000018001a550     libvcruntime:winapi_downlevel.obj
 0002:00000590       ??_C@_1BC@GDMECMAK@?$AAk?$AAe?$AAr?$AAn?$AAe?$AAl?$AA3?$AA2?$AA?$AA@ 000000018001a590     libvcruntime:winapi_downlevel.obj
 0002:000005b0       ??_C@_08KNHFBNJ@FlsAlloc?$AA@ 000000018001a5b0     libvcruntime:winapi_downlevel.obj
 0002:000005c8       ??_C@_07PEJMOBNF@FlsFree?$AA@ 000000018001a5c8     libvcruntime:winapi_downlevel.obj
 0002:000005d8       ??_C@_0M@GDNOONDI@FlsGetValue?$AA@ 000000018001a5d8     libvcruntime:winapi_downlevel.obj
 0002:000005f0       ??_C@_0M@JCPCPOEF@FlsSetValue?$AA@ 000000018001a5f0     libvcruntime:winapi_downlevel.obj
 0002:00000608       ??_C@_0BM@HCFOFFN@InitializeCriticalSectionEx?$AA@ 000000018001a608     libvcruntime:winapi_downlevel.obj
 0002:00000950       ??_C@_08EHJDFFNH@__based?$CI?$AA@ 000000018001a950     libvcruntime:undname.obj
 0002:00000960       ??_C@_07KOLFKCDI@__cdecl?$AA@ 000000018001a960     libvcruntime:undname.obj
 0002:00000968       ??_C@_08GHMPAG@__pascal?$AA@ 000000018001a968     libvcruntime:undname.obj
 0002:00000978       ??_C@_09IFJBGAPI@__stdcall?$AA@ 000000018001a978     libvcruntime:undname.obj
 0002:00000988       ??_C@_0L@NPHFGOKO@__thiscall?$AA@ 000000018001a988     libvcruntime:undname.obj
 0002:00000998       ??_C@_0L@JMKHOMEK@__fastcall?$AA@ 000000018001a998     libvcruntime:undname.obj
 0002:000009a8       ??_C@_0N@BCKKPABJ@__vectorcall?$AA@ 000000018001a9a8     libvcruntime:undname.obj
 0002:000009b8       ??_C@_09HIJEGCPM@__clrcall?$AA@ 000000018001a9b8     libvcruntime:undname.obj
 0002:000009c4       ??_C@_06GHPCKEAG@__eabi?$AA@ 000000018001a9c4     libvcruntime:undname.obj
 0002:000009d0       ??_C@_07JOMMBBKO@__ptr64?$AA@ 000000018001a9d0     libvcruntime:undname.obj
 0002:000009d8       ??_C@_0L@PILCLIHE@__restrict?$AA@ 000000018001a9d8     libvcruntime:undname.obj
 0002:000009e8       ??_C@_0M@GFIIJFMG@__unaligned?$AA@ 000000018001a9e8     libvcruntime:undname.obj
 0002:000009f8       ??_C@_09DHDLOLLB@restrict?$CI?$AA@ 000000018001a9f8     libvcruntime:undname.obj
 0002:00000a04       ??_C@_04NIHEBCM@?5new?$AA@ 000000018001aa04     libvcruntime:undname.obj
 0002:00000a10       ??_C@_07FPCDHGMM@?5delete?$AA@ 000000018001aa10     libvcruntime:undname.obj
 0002:00000a18       ??_C@_01NEMOKFLO@?$DN?$AA@ 000000018001aa18     libvcruntime:undname.obj
 0002:00000a1c       ??_C@_02GPIOPFAK@?$DO?$DO?$AA@ 000000018001aa1c     libvcruntime:undname.obj
 0002:00000a20       ??_C@_02FODMEDOG@?$DM?$DM?$AA@ 000000018001aa20     libvcruntime:undname.obj
 0002:00000a24       ??_C@_01DCLJPIOD@?$CB?$AA@ 000000018001aa24     libvcruntime:undname.obj
 0002:00000a28       ??_C@_02EGOFBIJA@?$DN?$DN?$AA@ 000000018001aa28     libvcruntime:undname.obj
 0002:00000a2c       ??_C@_02FDNJECIE@?$CB?$DN?$AA@ 000000018001aa2c     libvcruntime:undname.obj
 0002:00000a30       ??_C@_02GPECMEKF@?$FL?$FN?$AA@ 000000018001aa30     libvcruntime:undname.obj
 0002:00000a38       ??_C@_08LHJFAFGD@operator?$AA@ 000000018001aa38     libvcruntime:undname.obj
 0002:00000a44       ??_C@_02HBOOOICD@?9?$DO?$AA@ 000000018001aa44     libvcruntime:undname.obj
 0002:00000a48       ??_C@_01NBENCBCI@?$CK?$AA@ 000000018001aa48     libvcruntime:undname.obj
 0002:00000a4c       ??_C@_02ECNGHCIF@?$CL?$CL?$AA@ 000000018001aa4c     libvcruntime:undname.obj
 0002:00000a50       ??_C@_02BAABKJLB@?9?9?$AA@ 000000018001aa50     libvcruntime:undname.obj
 0002:00000a54       ??_C@_01JOAMLHOP@?9?$AA@   000000018001aa54     libvcruntime:undname.obj
 0002:00000a58       ??_C@_01MIFGBAGJ@?$CL?$AA@ 000000018001aa58     libvcruntime:undname.obj
 0002:00000a5c       ??_C@_01HNPIGOCE@?$CG?$AA@ 000000018001aa5c     libvcruntime:undname.obj
 0002:00000a60       ??_C@_03MNHNFDLC@?9?$DO?$CK?$AA@ 000000018001aa60     libvcruntime:undname.obj
 0002:00000a64       ??_C@_01KMDKNFGN@?1?$AA@   000000018001aa64     libvcruntime:undname.obj
 0002:00000a68       ??_C@_01FGNFDNOH@?$CF?$AA@ 000000018001aa68     libvcruntime:undname.obj
 0002:00000a6c       ??_C@_01MNNFJEPP@?$DM?$AA@ 000000018001aa6c     libvcruntime:undname.obj
 0002:00000a70       ??_C@_02EHCHHCKH@?$DM?$DN?$AA@ 000000018001aa70     libvcruntime:undname.obj
 0002:00000a74       ??_C@_01PPODPGHN@?$DO?$AA@ 000000018001aa74     libvcruntime:undname.obj
 0002:00000a78       ??_C@_02EEKDKGMJ@?$DO?$DN?$AA@ 000000018001aa78     libvcruntime:undname.obj
 0002:00000a7c       ??_C@_01IHBHIGKO@?0?$AA@   000000018001aa7c     libvcruntime:undname.obj
 0002:00000a80       ??_C@_02HCKGKOFO@?$CI?$CJ?$AA@ 000000018001aa80     libvcruntime:undname.obj
 0002:00000a84       ??_C@_01PJKLJHI@?$HO?$AA@  000000018001aa84     libvcruntime:undname.obj
 0002:00000a88       ??_C@_01JKBOJNNK@?$FO?$AA@ 000000018001aa88     libvcruntime:undname.obj
 0002:00000a8c       ??_C@_01DNKMNLPK@?$HM?$AA@ 000000018001aa8c     libvcruntime:undname.obj
 0002:00000a90       ??_C@_02PPKAJPJL@?$CG?$CG?$AA@ 000000018001aa90     libvcruntime:undname.obj
 0002:00000a94       ??_C@_02NONPIBCD@?$HM?$HM?$AA@ 000000018001aa94     libvcruntime:undname.obj
 0002:00000a98       ??_C@_02FPIMKNGF@?$CK?$DN?$AA@ 000000018001aa98     libvcruntime:undname.obj
 0002:00000a9c       ??_C@_02FOEOMHFC@?$CL?$DN?$AA@ 000000018001aa9c     libvcruntime:undname.obj
 0002:00000aa0       ??_C@_02FKMDLLOA@?9?$DN?$AA@ 000000018001aaa0     libvcruntime:undname.obj
 0002:00000aa4       ??_C@_02FJEHGPIO@?1?$DN?$AA@ 000000018001aaa4     libvcruntime:undname.obj
 0002:00000aa8       ??_C@_02FENAOKFI@?$CF?$DN?$AA@ 000000018001aaa8     libvcruntime:undname.obj
 0002:00000aac       ??_C@_03IKFCCPFF@?$DO?$DO?$DN?$AA@ 000000018001aaac     libvcruntime:undname.obj
 0002:00000ab0       ??_C@_03CDNPDDLA@?$DM?$DM?$DN?$AA@ 000000018001aab0     libvcruntime:undname.obj
 0002:00000ab4       ??_C@_02FGJGFEAB@?$CG?$DN?$AA@ 000000018001aab4     libvcruntime:undname.obj
 0002:00000ab8       ??_C@_02DHLNPPGH@?$HM?$DN?$AA@ 000000018001aab8     libvcruntime:undname.obj
 0002:00000abc       ??_C@_02MHEGNOJ@?$FO?$DN?$AA@ 000000018001aabc     libvcruntime:undname.obj
 0002:00000ac0       ??_C@_09IFPLHPGF@?$GAvftable?8?$AA@ 000000018001aac0     libvcruntime:undname.obj
 0002:00000ad0       ??_C@_09BLBHBJP@?$GAvbtable?8?$AA@ 000000018001aad0     libvcruntime:undname.obj
 0002:00000ae0       ??_C@_07FEEIOKP@?$GAvcall?8?$AA@ 000000018001aae0     libvcruntime:undname.obj
 0002:00000ae8       ??_C@_08LLFFHHDJ@?$GAtypeof?8?$AA@ 000000018001aae8     libvcruntime:undname.obj
 0002:00000af8       ??_C@_0BF@KDPPACIK@?$GAlocal?5static?5guard?8?$AA@ 000000018001aaf8     libvcruntime:undname.obj
 0002:00000b10       ??_C@_08OBABFOLI@?$GAstring?8?$AA@ 000000018001ab10     libvcruntime:undname.obj
 0002:00000b20       ??_C@_0BD@JDLKDPAB@?$GAvbase?5destructor?8?$AA@ 000000018001ab20     libvcruntime:undname.obj
 0002:00000b38       ??_C@_0BN@DEGPLNFK@?$GAvector?5deleting?5destructor?8?$AA@ 000000018001ab38     libvcruntime:undname.obj
 0002:00000b58       ??_C@_0BO@OBMKPJIG@?$GAdefault?5constructor?5closure?8?$AA@ 000000018001ab58     libvcruntime:undname.obj
 0002:00000b78       ??_C@_0BN@IMDCHIKM@?$GAscalar?5deleting?5destructor?8?$AA@ 000000018001ab78     libvcruntime:undname.obj
 0002:00000b98       ??_C@_0BO@PFGOCPJJ@?$GAvector?5constructor?5iterator?8?$AA@ 000000018001ab98     libvcruntime:undname.obj
 0002:00000bb8       ??_C@_0BN@LFPFMEDL@?$GAvector?5destructor?5iterator?8?$AA@ 000000018001abb8     libvcruntime:undname.obj
 0002:00000bd8       ??_C@_0CE@IKBNEHA@?$GAvector?5vbase?5constructor?5iterat@ 000000018001abd8     libvcruntime:undname.obj
 0002:00000c00       ??_C@_0BL@NILFHHPC@?$GAvirtual?5displacement?5map?8?$AA@ 000000018001ac00     libvcruntime:undname.obj
 0002:00000c20       ??_C@_0CB@JONCMFFK@?$GAeh?5vector?5constructor?5iterator?8@ 000000018001ac20     libvcruntime:undname.obj
 0002:00000c48       ??_C@_0CA@GCEOPDGL@?$GAeh?5vector?5destructor?5iterator?8?$AA@ 000000018001ac48     libvcruntime:undname.obj
 0002:00000c68       ??_C@_0CH@OOJPLCPH@?$GAeh?5vector?5vbase?5constructor?5ite@ 000000018001ac68     libvcruntime:undname.obj
 0002:00000c90       ??_C@_0BL@LLKPOHJI@?$GAcopy?5constructor?5closure?8?$AA@ 000000018001ac90     libvcruntime:undname.obj
 0002:00000cb0       ??_C@_0BA@KBCDOMBN@?$GAudt?5returning?8?$AA@ 000000018001acb0     libvcruntime:undname.obj
 0002:00000cc0       ??_C@_03KLGMFNMG@?$GAEH?$AA@ 000000018001acc0     libvcruntime:undname.obj
 0002:00000cc4       ??_C@_05KHLCHHI@?$GARTTI?$AA@ 000000018001acc4     libvcruntime:undname.obj
 0002:00000cd0       ??_C@_0BA@KKLDJDLB@?$GAlocal?5vftable?8?$AA@ 000000018001acd0     libvcruntime:undname.obj
 0002:00000ce0       ??_C@_0CE@IIHCMGGL@?$GAlocal?5vftable?5constructor?5closu@ 000000018001ace0     libvcruntime:undname.obj
 0002:00000d04       ??_C@_06FHBGPFGH@?5new?$FL?$FN?$AA@ 000000018001ad04     libvcruntime:undname.obj
 0002:00000d10       ??_C@_09LBNFPBCA@?5delete?$FL?$FN?$AA@ 000000018001ad10     libvcruntime:undname.obj
[...]
 0004:00000f78       $pdata$_setmbcp_nolock     0000000180028f78     libucrt:mbctype.obj
 0004:00000f84       $pdata$?x_ismbbtype_l@@YAHPEAU__crt_locale_pointers@@IHH@Z 0000000180028f84     libucrt:ismbbyte.obj
 0004:00000f90       $pdata$__acrt_initialize_command_line 0000000180028f90     libucrt:argv_data.obj
 0004:00000f9c       $pdata$__dcrt_get_narrow_environment_from_os 0000000180028f9c     libucrt:get_environment_from_os.obj
 0004:00000fa8       $pdata$_recalloc_base      0000000180028fa8     libucrt:recalloc.obj
 0004:00000fb4       $pdata$__acrt_initialize_heap 0000000180028fb4     libucrt:heap_handle.obj
 0004:00000fc0       $pdata$__acrt_execute_initializers 0000000180028fc0     libucrt:shared_initialization.obj
 0004:00000fcc       $pdata$__acrt_execute_uninitializers 0000000180028fcc     libucrt:shared_initialization.obj
 0004:00000fd8       $pdata$_callnewh           0000000180028fd8     libucrt:new_handler.obj
 0004:00000fe4       $pdata$_query_new_handler  0000000180028fe4     libucrt:new_handler.obj
 0004:00000ff0       $pdata$__acrt_invoke_user_matherr 0000000180028ff0     libucrt:matherr.obj
 0004:00000ffc       $pdata$iswctype            0000000180028ffc     libucrt:iswctype.obj
 0004:00001008       $pdata$_fcloseall          0000000180029008     libucrt:closeall.obj
 0004:00001014       $pdata$__acrt_stdio_free_buffer_nolock 0000000180029014     libucrt:_freebuf.obj
 0004:00001020       $pdata$??$?RV<lambda_b521505b218e5242e90febf6bfebc422>@@AEAV<lambda_6978c1fb23f02e42e1d9e99668cc68aa>@@V<lambda_314360699dd331753a4119843814e9a7>@@@?$__crt_seh_guarded_call@H@@QEAAH$$QEAV<lambda_b521505b218e5242e90febf6bfebc422>@@AEAV<lambda_6978c1fb23f02e42e1d9e99668cc68aa>@@$$QEAV<lambda_314360699dd331753a4119843814e9a7>@@@Z 0000000180029020     libucrt:commit.obj
 0004:0000102c       $pdata$_commit             000000018002902c     libucrt:commit.obj
 0004:00001038       $pdata$?write_double_translated_ansi_nolock@@YA?AUwrite_result@?A0x9c548279@@HQEBDI@Z 0000000180029038     libucrt:write.obj
 0004:00001044       $pdata$?write_text_ansi_nolock@@YA?AUwrite_result@?A0x9c548279@@HQEBDI@Z 0000000180029044     libucrt:write.obj
 0004:00001050       $pdata$?write_text_utf16le_nolock@@YA?AUwrite_result@?A0x9c548279@@HQEBDI@Z 0000000180029050     libucrt:write.obj
 0004:0000105c       $pdata$?write_text_utf8_nolock@@YA?AUwrite_result@?A0x9c548279@@HQEBDI@Z 000000018002905c     libucrt:write.obj
 0004:00001068       $pdata$_write              0000000180029068     libucrt:write.obj
 0004:00001074       $pdata$_write_nolock       0000000180029074     libucrt:write.obj
 0004:00001080       $pdata$?GetTableIndexFromLocaleName@@YAHPEB_W@Z 0000000180029080     libucrt:lcidtoname_downlevel.obj
 0004:0000108c       $pdata$__acrt_DownlevelLocaleNameToLCID 000000018002908c     libucrt:lcidtoname_downlevel.obj
 0004:00001098       $pdata$_isleadbyte_l       0000000180029098     libucrt:_wctype.obj
 0004:000010a4       $pdata$__acrt_GetStringTypeA 00000001800290a4     libucrt:getstringtypea.obj
 0004:000010b0       $pdata$__acrt_free_locale  00000001800290b0     libucrt:locale_refcounting.obj
 0004:000010bc       $pdata$__acrt_locale_free_lc_time_if_unreferenced 00000001800290bc     libucrt:locale_refcounting.obj
 0004:000010c8       $pdata$__acrt_release_locale_ref 00000001800290c8     libucrt:locale_refcounting.obj
 0004:000010d4       $pdata$__acrt_update_thread_locale_data 00000001800290d4     libucrt:locale_refcounting.obj
 0004:000010e0       $pdata$_updatetlocinfoEx_nolock 00000001800290e0     libucrt:locale_refcounting.obj
 0004:000010ec       $pdata$__acrt_locale_free_monetary 00000001800290ec     libucrt:initmon.obj
 0004:000010f8       $pdata$__acrt_locale_free_numeric 00000001800290f8     libucrt:initnum.obj
 0004:00001104       $pdata$?free_crt_array_internal@@YAXQEAPEBX_K@Z 0000000180029104     libucrt:inittime.obj
 0004:00001110       $pdata$__acrt_locale_free_time 0000000180029110     libucrt:inittime.obj
 0004:0000111c       $pdata$?__acrt_LCMapStringA_stat@@YAHPEAU__crt_locale_pointers@@PEB_WKPEBDHPEADHHH@Z 000000018002911c     libucrt:lcmapstringa.obj
 0004:00001128       $pdata$__acrt_LCMapStringA 0000000180029128     libucrt:lcmapstringa.obj
 0004:00001134       $pdata$__acrt_fp_strflt_to_string 0000000180029134     libucrt:_fptostr.obj
 0004:00001140       $pdata$?divide@__crt_strtox@@YA_KAEAUbig_integer@1@AEBU21@@Z 0000000180029140     libucrt:cfout.obj
 0004:0000114c       $pdata$5$?divide@__crt_strtox@@YA_KAEAUbig_integer@1@AEBU21@@Z 000000018002914c     libucrt:cfout.obj
 0004:00001158       $pdata$6$?divide@__crt_strtox@@YA_KAEAUbig_integer@1@AEBU21@@Z 0000000180029158     libucrt:cfout.obj
 0004:00001164       $pdata$__acrt_fltout       0000000180029164     libucrt:cfout.obj
 0004:00001170       $pdata$memcpy_s            0000000180029170     libucrt:cfout.obj
 0004:0000117c       $pdata$??$write_buffer_nolock@D@@YA_NDV__crt_stdio_stream@@@Z 000000018002917c     libucrt:_flsbuf.obj
 0004:00001188       $pdata$??$write_buffer_nolock@_W@@YA_N_WV__crt_stdio_stream@@@Z 0000000180029188     libucrt:_flsbuf.obj
 0004:00001194       $pdata$__acrt_stdio_flush_and_write_narrow_nolock 0000000180029194     libucrt:_flsbuf.obj
 0004:000011a0       $pdata$__acrt_stdio_flush_and_write_wide_nolock 00000001800291a0     libucrt:_flsbuf.obj
 0004:000011ac       $pdata$_isatty             00000001800291ac     libucrt:isatty.obj
 0004:000011b8       $pdata$__acrt_lowio_create_handle_array 00000001800291b8     libucrt:osfinfo.obj
 0004:000011c4       $pdata$__acrt_lowio_destroy_handle_array 00000001800291c4     libucrt:osfinfo.obj
 0004:000011d0       $pdata$__acrt_lowio_ensure_fh_exists 00000001800291d0     libucrt:osfinfo.obj
 0004:000011dc       $pdata$_free_osfhnd        00000001800291dc     libucrt:osfinfo.obj
 0004:000011e8       $pdata$_get_osfhandle      00000001800291e8     libucrt:osfinfo.obj
 0004:000011f4       $pdata$?shortsort@@YAXPEAD0_KP6AHPEBX2@Z@Z 00000001800291f4     libucrt:qsort.obj
 0004:00001200       $pdata$2$?shortsort@@YAXPEAD0_KP6AHPEBX2@Z@Z 0000000180029200     libucrt:qsort.obj
 0004:0000120c       $pdata$3$?shortsort@@YAXPEAD0_KP6AHPEBX2@Z@Z 000000018002920c     libucrt:qsort.obj
 0004:00001218       $pdata$qsort               0000000180029218     libucrt:qsort.obj
 0004:00001224       $pdata$4$qsort             0000000180029224     libucrt:qsort.obj
 0004:00001230       $pdata$5$qsort             0000000180029230     libucrt:qsort.obj
 0004:0000123c       $pdata$strncpy_s           000000018002923c     libucrt:strncpy_s.obj
 0004:00001248       $pdata$strpbrk             0000000180029248     libucrt:strpbrk.obj
 0004:00001254       $pdata$_mbsdec_l           0000000180029254     libucrt:mbsdec.obj
 0004:00001260       $pdata$?initialize_multibyte@@YAHXZ 0000000180029260     libucrt:multibyte_initializer.obj
 0004:0000126c       $pdata$_msize              000000018002926c     libucrt:msize.obj
 0004:00001278       $pdata$_realloc_base       0000000180029278     libucrt:realloc_base.obj
 0004:00001284       $pdata$_fclose_nolock      0000000180029284     libucrt:fclose.obj
 0004:00001290       $pdata$fclose              0000000180029290     libucrt:fclose.obj
 0004:0000129c       $pdata$??$common_lseek@_J@@YA_JH_JH@Z 000000018002929c     libucrt:lseek.obj
 0004:000012a8       $pdata$??$common_lseek_nolock@_J@@YA_JH_JH@Z 00000001800292a8     libucrt:lseek.obj
 0004:000012b4       $pdata$_putwch_nolock      00000001800292b4     libucrt:putwch.obj
 0004:000012c0       $pdata$fegetenv            00000001800292c0     libucrt:fegetenv.obj
 0004:000012cc       $pdata$fesetenv            00000001800292cc     libucrt:fesetenv.obj
 0004:000012d8       $pdata$feholdexcept        00000001800292d8     libucrt:feholdexcept.obj
 0004:000012f0       $pdata$__acrt_stdio_allocate_buffer_nolock 00000001800292f0     libucrt:_getbuf.obj
 0004:000012fc       $pdata$??$?RV<lambda_bfedae4ebbf01fab1bb6dcc6a9e276e0>@@AEAV<lambda_2fe9b910cf3cbf4a0ab98a02ba45b3ec>@@V<lambda_237c231691f317818eb88cc1d5d642d6>@@@?$__crt_seh_guarded_call@H@@QEAAH$$QEAV<lambda_bfedae4ebbf01fab1bb6dcc6a9e276e0>@@AEAV<lambda_2fe9b910cf3cbf4a0ab98a02ba45b3ec>@@$$QEAV<lambda_237c231691f317818eb88cc1d5d642d6>@@@Z 00000001800292fc     libucrt:close.obj
 0004:00001308       $pdata$_close              0000000180029308     libucrt:close.obj
 0004:00001314       $pdata$_close_nolock       0000000180029314     libucrt:close.obj
 0004:00001320       $pdata$__dcrt_lowio_initialize_console_output 0000000180029320     libucrt:initcon.obj
 0004:0000132c       $pdata$__dcrt_terminate_console_output 000000018002932c     libucrt:initcon.obj
 0004:00001338       $pdata$_getfpcontrolword   0000000180029338     libucrt:_fenvutils.obj
 0004:00001344       $pdata$_getfpstatusword    0000000180029344     libucrt:_fenvutils.obj
 0004:00001350       $pdata$_setfpstatusword    0000000180029350     libucrt:_fenvutils.obj
 0004:0000135c       $pdata$_clearfp            000000018002935c     libucrt:ieee.obj
 0004:00001368       $pdata$common_control87    0000000180029368     libucrt:ieee.obj
 0004:00001374       $pdata$_call_matherr       0000000180029374     libucrt:libm_error.obj
 0004:00001380       $pdata$_exception_enabled  0000000180029380     libucrt:libm_error.obj
 0004:0000138c       $pdata$_handle_error       000000018002938c     libucrt:libm_error.obj
 0004:00001398       $pdata$__acrt_initialize_fma3 0000000180029398     libucrt:fma3_available.obj
 0004:000013a4       $pdata$_log10_special      00000001800293a4     libucrt:log_special.obj
 0004:000013b0       $pdata$_log_special_common 00000001800293b0     libucrt:log_special.obj
 0004:000013c8       $pdata$_raise_exc          00000001800293c8     libucrt:fpexcept.obj
 0004:000013d4       $pdata$_raise_exc_ex       00000001800293d4     libucrt:fpexcept.obj
 0004:000013e0       $pdata$_set_errno_from_matherr 00000001800293e0     libucrt:fpexcept.obj
 0004:000013ec       $pdata$_clrfp              00000001800293ec     libucrt:fpctrl.obj
 0004:000013f8       $pdata$_ctrlfp             00000001800293f8     libucrt:fpctrl.obj
 0004:00001404       $pdata$_set_statfp         0000000180029404     libucrt:fpctrl.obj
 0004:00001410       $pdata$_statfp             0000000180029410     libucrt:fpctrl.obj
 0004:0000141c       $pdata$_IsNonwritableInCurrentImage 000000018002941c     LIBCMT:pesect.obj
 0004:00001428       $pdata$__GSHandlerCheck    0000000180029428     LIBCMT:_gshandler_.obj
 0004:00001434       $pdata$__GSHandlerCheckCommon 0000000180029434     LIBCMT:_gshandler_.obj
 0004:00001464       $pdata$strrchr             0000000180029464     libvcruntime:strrchr.obj
 0004:0000147c       $pdata$?fin$0@?0??dllmain_crt_process_attach@@YAHQEAUHINSTANCE__@@QEAX@Z@4HA 000000018002947c     LIBCMT:dll_dllmain.obj
 0004:00001488       $pdata$?fin$0@?0??dllmain_crt_process_detach@@YAH_N@Z@4HA 0000000180029488     LIBCMT:dll_dllmain.obj
 0004:00001494       $pdata$?filt$0@?0??dllmain_dispatch@@YAHQEAUHINSTANCE__@@KQEAX@Z@4HA 0000000180029494     LIBCMT:dll_dllmain.obj
 0004:000014a0       $pdata$__scrt_is_nonwritable_in_current_image$filt$0 00000001800294a0     LIBCMT:utility.obj
 0004:000014ac       $pdata$?fin$0@?0???$?RV<lambda_7a5ef57ff966f610505f1d28a3d40618>@@AEAV<lambda_b721fa326cdb32351d23dfa67958c160>@@V<lambda_5e0fb27672408a07956fe59e48ccb2aa>@@@?$__crt_seh_guarded_call@H@@QEAAH$$QEAV<lambda_7a5ef57ff966f610505f1d28a3d40618>@@AEAV<lambda_b721fa326cdb32351d23dfa67958c160>@@$$QEAV<lambda_5e0fb27672408a07956fe59e48ccb2aa>@@@Z@4HA 00000001800294ac     libucrt:setvbuf.obj
 0004:000014ac       $pdata$?fin$0@?0???$?RV<lambda_7b91131dde12e1c3dfc74ff76b3f2eac>@@AEAV<lambda_dd75445284c072d0bd3768540cc698fa>@@V<lambda_16bc4ecb55b4718497c16bceaea2ceaf>@@@?$__crt_seh_guarded_call@H@@QEAAH$$QEAV<lambda_7b91131dde12e1c3dfc74ff76b3f2eac>@@AEAV<lambda_dd75445284c072d0bd3768540cc698fa>@@$$QEAV<lambda_16bc4ecb55b4718497c16bceaea2ceaf>@@@Z@4HA 00000001800294ac     libucrt:output.obj
 0004:000014b8       $pdata$?filt$0@?0??common_exit@@YAXHW4_crt_exit_cleanup_mode@@W4_crt_exit_return_mode@@@Z@4HA 00000001800294b8     libucrt:exit.obj
 0004:000014c4       $pdata$?fin$1@?0??common_exit@@YAXHW4_crt_exit_cleanup_mode@@W4_crt_exit_return_mode@@@Z@4HA 00000001800294c4     libucrt:exit.obj
 0004:000014d0       $pdata$?fin$0@?0???$?RV<lambda_e24bbb7b643b32fcea6fa61b31d4c984>@@AEAV<lambda_275893d493268fdec8709772e3fcec0e>@@V<lambda_9d71df4d7cf3f480f8d633942495c3b0>@@@?$__crt_seh_guarded_call@H@@QEAAH$$QEAV<lambda_e24bbb7b643b32fcea6fa61b31d4c984>@@AEAV<lambda_275893d493268fdec8709772e3fcec0e>@@$$QEAV<lambda_9d71df4d7cf3f480f8d633942495c3b0>@@@Z@4HA 00000001800294d0     libucrt:onexit.obj
 0004:000014dc       $pdata$common_flush_all$fin$0 00000001800294dc     libucrt:fflush.obj
 0004:000014e8       $pdata$common_flush_all$fin$1 00000001800294e8     libucrt:fflush.obj
 0004:000014f4       $pdata$raise$fin$0         00000001800294f4     libucrt:signal.obj
 0004:00001500       $pdata$?fin$0@?0???$?RV<lambda_b8c45f8f788dd370798f47cfe8ac3a86>@@AEAV<lambda_4e60a939b0d047cfe11ddc22648dfba9>@@V<lambda_332c3edc96d0294ec56c57d38c1cdfd5>@@@?$__crt_seh_guarded_call@H@@QEAAH$$QEAV<lambda_b8c45f8f788dd370798f47cfe8ac3a86>@@AEAV<lambda_4e60a939b0d047cfe11ddc22648dfba9>@@$$QEAV<lambda_332c3edc96d0294ec56c57d38c1cdfd5>@@@Z@4HA 0000000180029500     libucrt:onexit.obj
 0004:00001500       $pdata$?fin$0@?0???$?RV<lambda_72d1df2b273a38828b1ce30cbf4cdab5>@@AEAV<lambda_876a65b173b8412d3a47c70a915b0cf4>@@V<lambda_41932305e351933ebe8f8be3ed8bb5dc>@@@?$__crt_seh_guarded_call@X@@QEAAX$$QEAV<lambda_72d1df2b273a38828b1ce30cbf4cdab5>@@AEAV<lambda_876a65b173b8412d3a47c70a915b0cf4>@@$$QEAV<lambda_41932305e351933ebe8f8be3ed8bb5dc>@@@Z@4HA 0000000180029500     libucrt:per_thread_data.obj
 0004:00001500       $pdata$?fin$0@?0???$?RV<lambda_c36588078e9f5dfd39652860aa6b3aaf>@@AEAV<lambda_ec61778202f4f5fc7e7711acc23c3bca>@@V<lambda_dc9d2797ccde5d239b4a0efae8ebd7db>@@@?$__crt_seh_guarded_call@P6AXH@Z@@QEAAP6AXH@Z$$QEAV<lambda_c36588078e9f5dfd39652860aa6b3aaf>@@AEAV<lambda_ec61778202f4f5fc7e7711acc23c3bca>@@$$QEAV<lambda_dc9d2797ccde5d239b4a0efae8ebd7db>@@@Z@4HA 0000000180029500     libucrt:signal.obj
 0004:00001500       $pdata$?fin$0@?0???$?RV<lambda_5e887d1dcbef67a5eb4283622ba103bf>@@AEAV<lambda_4466841279450cc726390878d4a41900>@@V<lambda_341c25c0346d94847f1f3c463c57e077>@@@?$__crt_seh_guarded_call@X@@QEAAX$$QEAV<lambda_5e887d1dcbef67a5eb4283622ba103bf>@@AEAV<lambda_4466841279450cc726390878d4a41900>@@$$QEAV<lambda_341c25c0346d94847f1f3c463c57e077>@@@Z@4HA 0000000180029500     libucrt:per_thread_data.obj
 0004:00001500       $pdata$?fin$0@?0???$?RV<lambda_99476a1ad63dd22509b5d3e65b0ffc95>@@AEAV<lambda_ad1ced32f4ac17aa236e5ef05d6b3b7c>@@V<lambda_f7424dd8d45958661754dc4f2697e9c3>@@@?$__crt_seh_guarded_call@X@@QEAAX$$QEAV<lambda_99476a1ad63dd22509b5d3e65b0ffc95>@@AEAV<lambda_ad1ced32f4ac17aa236e5ef05d6b3b7c>@@$$QEAV<lambda_f7424dd8d45958661754dc4f2697e9c3>@@@Z@4HA 0000000180029500     libucrt:mbctype.obj
 0004:00001500       $pdata$?fin$0@?0???$?RV<lambda_fb3a7dec4e47f37f22dae91bb15c9095>@@AEAV<lambda_698284760c8add0bfb0756c19673e34b>@@V<lambda_dfb8eca1e75fef3034a8fb18dd509707>@@@?$__crt_seh_guarded_call@X@@QEAAX$$QEAV<lambda_fb3a7dec4e47f37f22dae91bb15c9095>@@AEAV<lambda_698284760c8add0bfb0756c19673e34b>@@$$QEAV<lambda_dfb8eca1e75fef3034a8fb18dd509707>@@@Z@4HA 0000000180029500     libucrt:per_thread_data.obj
 0004:00001500       $pdata$?fin$0@?0???$?RV<lambda_46352004c1216016012b18bd6f87e700>@@AEAV<lambda_3bd07e1a1191394380780325891bf33f>@@V<lambda_334532d3f185bcaa59b5be82d7d22bff>@@@?$__crt_seh_guarded_call@X@@QEAAX$$QEAV<lambda_46352004c1216016012b18bd6f87e700>@@AEAV<lambda_3bd07e1a1191394380780325891bf33f>@@$$QEAV<lambda_334532d3f185bcaa59b5be82d7d22bff>@@@Z@4HA 0000000180029500     libucrt:per_thread_data.obj
 0004:0000150c       $pdata$__acrt_update_thread_locale_data$fin$0 000000018002950c     libucrt:locale_refcounting.obj
 0004:0000150c       $pdata$__acrt_uninitialize_locale$fin$0 000000018002950c     libucrt:wsetlocale.obj
 0004:00001518       $pdata$__acrt_update_thread_multibyte_data$fin$0 0000000180029518     libucrt:mbctype.obj
 0004:00001524       $pdata$_query_new_handler$fin$0 0000000180029524     libucrt:new_handler.obj
 0004:00001530       $pdata$_fcloseall$fin$0    0000000180029530     libucrt:closeall.obj
 0004:0000153c       $pdata$?fin$0@?0???$common_lseek@_J@@YA_JH_JH@Z@4HA 000000018002953c     libucrt:lseek.obj
 0004:0000153c       $pdata$_write$fin$0        000000018002953c     libucrt:write.obj
 0004:00001548       $pdata$__acrt_initialize_lowio$fin$0 0000000180029548     libucrt:ioinit.obj
 0004:00001548       $pdata$__acrt_lowio_ensure_fh_exists$fin$0 0000000180029548     libucrt:osfinfo.obj
 0004:00001554       $pdata$fflush$fin$0        0000000180029554     libucrt:fflush.obj
 0004:00001554       $pdata$fclose$fin$0        0000000180029554     libucrt:fclose.obj
 0004:00001560       $pdata$?fin$0@?0???$?RV<lambda_bfedae4ebbf01fab1bb6dcc6a9e276e0>@@AEAV<lambda_2fe9b910cf3cbf4a0ab98a02ba45b3ec>@@V<lambda_237c231691f317818eb88cc1d5d642d6>@@@?$__crt_seh_guarded_call@H@@QEAAH$$QEAV<lambda_bfedae4ebbf01fab1bb6dcc6a9e276e0>@@AEAV<lambda_2fe9b910cf3cbf4a0ab98a02ba45b3ec>@@$$QEAV<lambda_237c231691f317818eb88cc1d5d642d6>@@@Z@4HA 0000000180029560     libucrt:close.obj
 0004:00001560       $pdata$?fin$0@?0???$?RV<lambda_b521505b218e5242e90febf6bfebc422>@@AEAV<lambda_6978c1fb23f02e42e1d9e99668cc68aa>@@V<lambda_314360699dd331753a4119843814e9a7>@@@?$__crt_seh_guarded_call@H@@QEAAH$$QEAV<lambda_b521505b218e5242e90febf6bfebc422>@@AEAV<lambda_6978c1fb23f02e42e1d9e99668cc68aa>@@$$QEAV<lambda_314360699dd331753a4119843814e9a7>@@@Z@4HA 0000000180029560     libucrt:commit.obj
 0004:0000156c       $pdata$_ctrlfp$filt$0      000000018002956c     libucrt:fpctrl.obj
 0004:0000156c       $pdata$common_control87$filt$0 000000018002956c     libucrt:ieee.obj
 0004:00001578       $pdata$_IsNonwritableInCurrentImage$filt$0 0000000180029578     LIBCMT:pesect.obj
 0005:00000000       __guard_fids__             000000018002a000     libucrt:initialization.obj
 0005:00000060       __guard_fids___acrt_show_wide_message_box 000000018002a060     libucrt:crtmbox.obj
 0005:00000064       __guard_fids__             000000018002a064     libucrt:clock_initializer.obj
 0005:00000068       __guard_fids___acrt_initialize_ptd 000000018002a068     libucrt:per_thread_data.obj
 0005:0000006c       __guard_fids_??$expand_argument_wildcards@D@@YAHQEAD0AEAV?$argument_list@D@?A0xca0879c4@@@Z 000000018002a06c     libucrt:argv_wildcards.obj
 0005:00000070       __guard_fids__             000000018002a070     libucrt:stdio_initializer.obj
 0005:00000074       __guard_fids__             000000018002a074     libucrt:stdio_initializer.obj
 0005:00000078       __guard_fids__             000000018002a078     libucrt:locale_initializer.obj
 0005:0000007c       __guard_fids__             000000018002a07c     libucrt:multibyte_initializer.obj
 0005:00000080       __guard_fids__             000000018002a080     libucrt:console_output_initializer.obj
 0005:00000084       __guard_fids__             000000018002a084     libucrt:fma3_initializer.obj
 0005:00000088       __guard_fids_?dllmain_crt_process_attach@@YAHQEAUHINSTANCE__@@QEAX@Z 000000018002a088     LIBCMT:dll_dllmain.obj
 0005:00000090       __guard_fids_?dllmain_dispatch@@YAHQEAUHINSTANCE__@@KQEAX@Z 000000018002a090     LIBCMT:dll_dllmain.obj
 0005:00000094       __guard_fids__             000000018002a094     LIBCMT:guard_support.obj
 0005:00000098       __guard_fids___vcrt_initialize_ptd 000000018002a098     libvcruntime:per_thread_data.obj
 0006:00000060       $R000000                   000000018002b060     * linker generated manifest res *

 Exports

  ordinal    name

        1    _register_robotjs_
